Archive member included to satisfy reference by file (symbol)

d:/software/jetbrains/gcc-arm-none-eabi/bin/../lib/gcc/arm-none-eabi/10.3.1/thumb/v7-m/nofp\libgcc.a(_arm_muldf3.o)
                              CMakeFiles/StudyCode2.elf.dir/Core/Src/main.c.obj (__aeabi_dmul)
d:/software/jetbrains/gcc-arm-none-eabi/bin/../lib/gcc/arm-none-eabi/10.3.1/thumb/v7-m/nofp\libgcc.a(_arm_mulsf3.o)
                              CMakeFiles/StudyCode2.elf.dir/Core/Src/OLED.c.obj (__aeabi_fmul)
d:/software/jetbrains/gcc-arm-none-eabi/bin/../lib/gcc/arm-none-eabi/10.3.1/thumb/v7-m/nofp\libgcc.a(_arm_addsubdf3.o)
                              CMakeFiles/StudyCode2.elf.dir/Core/Src/main.c.obj (__aeabi_ui2d)
d:/software/jetbrains/gcc-arm-none-eabi/bin/../lib/gcc/arm-none-eabi/10.3.1/thumb/v7-m/nofp\libgcc.a(_arm_fixunsdfsi.o)
                              CMakeFiles/StudyCode2.elf.dir/Core/Src/main.c.obj (__aeabi_d2uiz)
d:/software/jetbrains/gcc-arm-none-eabi/bin/../lib/gcc/arm-none-eabi/10.3.1/thumb/v7-m/nofp\libgcc.a(_arm_addsubsf3.o)
                              CMakeFiles/StudyCode2.elf.dir/Core/Src/OLED.c.obj (__aeabi_fsub)
d:/software/jetbrains/gcc-arm-none-eabi/bin/../lib/gcc/arm-none-eabi/10.3.1/thumb/v7-m/nofp\libgcc.a(_arm_muldivsf3.o)
                              CMakeFiles/StudyCode2.elf.dir/Core/Src/OLED.c.obj (__aeabi_fdiv)
d:/software/jetbrains/gcc-arm-none-eabi/bin/../lib/gcc/arm-none-eabi/10.3.1/thumb/v7-m/nofp\libgcc.a(_arm_fixunssfsi.o)
                              CMakeFiles/StudyCode2.elf.dir/Core/Src/OLED.c.obj (__aeabi_f2uiz)
d:/software/jetbrains/gcc-arm-none-eabi/bin/../lib/gcc/arm-none-eabi/10.3.1/../../../../arm-none-eabi/lib/thumb/v7-m/nofp\libg.a(lib_a-errno.o)
                              CMakeFiles/StudyCode2.elf.dir/Core/Src/syscalls.c.obj (__errno)
d:/software/jetbrains/gcc-arm-none-eabi/bin/../lib/gcc/arm-none-eabi/10.3.1/../../../../arm-none-eabi/lib/thumb/v7-m/nofp\libg.a(lib_a-exit.o)
                              d:/software/jetbrains/gcc-arm-none-eabi/bin/../lib/gcc/arm-none-eabi/10.3.1/../../../../arm-none-eabi/lib/thumb/v7-m/nofp/crt0.o (exit)
d:/software/jetbrains/gcc-arm-none-eabi/bin/../lib/gcc/arm-none-eabi/10.3.1/../../../../arm-none-eabi/lib/thumb/v7-m/nofp\libg.a(lib_a-impure.o)
                              d:/software/jetbrains/gcc-arm-none-eabi/bin/../lib/gcc/arm-none-eabi/10.3.1/../../../../arm-none-eabi/lib/thumb/v7-m/nofp\libg.a(lib_a-exit.o) (_global_impure_ptr)
d:/software/jetbrains/gcc-arm-none-eabi/bin/../lib/gcc/arm-none-eabi/10.3.1/../../../../arm-none-eabi/lib/thumb/v7-m/nofp\libg.a(lib_a-init.o)
                              d:/software/jetbrains/gcc-arm-none-eabi/bin/../lib/gcc/arm-none-eabi/10.3.1/../../../../arm-none-eabi/lib/thumb/v7-m/nofp/crt0.o (__libc_init_array)
d:/software/jetbrains/gcc-arm-none-eabi/bin/../lib/gcc/arm-none-eabi/10.3.1/../../../../arm-none-eabi/lib/thumb/v7-m/nofp\libg.a(lib_a-memset.o)
                              d:/software/jetbrains/gcc-arm-none-eabi/bin/../lib/gcc/arm-none-eabi/10.3.1/../../../../arm-none-eabi/lib/thumb/v7-m/nofp/crt0.o (memset)
d:/software/jetbrains/gcc-arm-none-eabi/bin/../lib/gcc/arm-none-eabi/10.3.1/../../../../arm-none-eabi/lib/thumb/v7-m/nofp\libg.a(lib_a-sprintf.o)
                              CMakeFiles/StudyCode2.elf.dir/Core/Src/main.c.obj (sprintf)
d:/software/jetbrains/gcc-arm-none-eabi/bin/../lib/gcc/arm-none-eabi/10.3.1/../../../../arm-none-eabi/lib/thumb/v7-m/nofp\libg.a(lib_a-svfprintf.o)
                              d:/software/jetbrains/gcc-arm-none-eabi/bin/../lib/gcc/arm-none-eabi/10.3.1/../../../../arm-none-eabi/lib/thumb/v7-m/nofp\libg.a(lib_a-sprintf.o) (_svfprintf_r)
d:/software/jetbrains/gcc-arm-none-eabi/bin/../lib/gcc/arm-none-eabi/10.3.1/../../../../arm-none-eabi/lib/thumb/v7-m/nofp\libg.a(lib_a-vsprintf.o)
                              CMakeFiles/StudyCode2.elf.dir/Core/Src/OLED.c.obj (vsprintf)
d:/software/jetbrains/gcc-arm-none-eabi/bin/../lib/gcc/arm-none-eabi/10.3.1/../../../../arm-none-eabi/lib/thumb/v7-m/nofp\libg.a(lib_a-__call_atexit.o)
                              d:/software/jetbrains/gcc-arm-none-eabi/bin/../lib/gcc/arm-none-eabi/10.3.1/../../../../arm-none-eabi/lib/thumb/v7-m/nofp\libg.a(lib_a-exit.o) (__call_exitprocs)
d:/software/jetbrains/gcc-arm-none-eabi/bin/../lib/gcc/arm-none-eabi/10.3.1/../../../../arm-none-eabi/lib/thumb/v7-m/nofp\libg.a(lib_a-atexit.o)
                              d:/software/jetbrains/gcc-arm-none-eabi/bin/../lib/gcc/arm-none-eabi/10.3.1/../../../../arm-none-eabi/lib/thumb/v7-m/nofp\libg.a(lib_a-__call_atexit.o) (atexit)
d:/software/jetbrains/gcc-arm-none-eabi/bin/../lib/gcc/arm-none-eabi/10.3.1/../../../../arm-none-eabi/lib/thumb/v7-m/nofp\libg.a(lib_a-dtoa.o)
                              d:/software/jetbrains/gcc-arm-none-eabi/bin/../lib/gcc/arm-none-eabi/10.3.1/../../../../arm-none-eabi/lib/thumb/v7-m/nofp\libg.a(lib_a-svfprintf.o) (_dtoa_r)
[...]
Memory Configuration

Name             Origin             Length             Attributes
RAM              0x20000000         0x00005000         xrw
FLASH            0x08000000         0x00010000         xr
*default*        0x00000000         0xffffffff

Linker script and memory map

LOAD d:/software/jetbrains/gcc-arm-none-eabi/bin/../lib/gcc/arm-none-eabi/10.3.1/thumb/v7-m/nofp/crti.o
LOAD d:/software/jetbrains/gcc-arm-none-eabi/bin/../lib/gcc/arm-none-eabi/10.3.1/thumb/v7-m/nofp/crtbegin.o
LOAD d:/software/jetbrains/gcc-arm-none-eabi/bin/../lib/gcc/arm-none-eabi/10.3.1/../../../../arm-none-eabi/lib/thumb/v7-m/nofp/crt0.o
LOAD CMakeFiles/StudyCode2.elf.dir/Core/Src/OLED.c.obj
LOAD CMakeFiles/StudyCode2.elf.dir/Core/Src/gpio.c.obj
LOAD CMakeFiles/StudyCode2.elf.dir/Core/Src/i2c.c.obj
LOAD CMakeFiles/StudyCode2.elf.dir/Core/Src/main.c.obj
LOAD CMakeFiles/StudyCode2.elf.dir/Core/Src/stm32f1xx_hal_msp.c.obj
LOAD CMakeFiles/StudyCode2.elf.dir/Core/Src/stm32f1xx_it.c.obj
LOAD CMakeFiles/StudyCode2.elf.dir/Core/Src/syscalls.c.obj
LOAD CMakeFiles/StudyCode2.elf.dir/Core/Src/sysmem.c.obj
LOAD CMakeFiles/StudyCode2.elf.dir/Core/Src/system_stm32f1xx.c.obj
LOAD CMakeFiles/StudyCode2.elf.dir/Core/Src/tim.c.obj
LOAD CMakeFiles/StudyCode2.elf.dir/Core/Startup/startup_stm32f103c8tx.s.obj
LOAD CMakeFiles/StudyCode2.elf.dir/Drivers/STM32F1xx_HAL_Driver/Src/stm32f1xx_hal.c.obj
LOAD CMakeFiles/StudyCode2.elf.dir/Drivers/STM32F1xx_HAL_Driver/Src/stm32f1xx_hal_cortex.c.obj
LOAD CMakeFiles/StudyCode2.elf.dir/Drivers/STM32F1xx_HAL_Driver/Src/stm32f1xx_hal_dma.c.obj
LOAD CMakeFiles/StudyCode2.elf.dir/Drivers/STM32F1xx_HAL_Driver/Src/stm32f1xx_hal_exti.c.obj
LOAD CMakeFiles/StudyCode2.elf.dir/Drivers/STM32F1xx_HAL_Driver/Src/stm32f1xx_hal_flash.c.obj
LOAD CMakeFiles/StudyCode2.elf.dir/Drivers/STM32F1xx_HAL_Driver/Src/stm32f1xx_hal_flash_ex.c.obj
LOAD CMakeFiles/StudyCode2.elf.dir/Drivers/STM32F1xx_HAL_Driver/Src/stm32f1xx_hal_gpio.c.obj
LOAD CMakeFiles/StudyCode2.elf.dir/Drivers/STM32F1xx_HAL_Driver/Src/stm32f1xx_hal_gpio_ex.c.obj
LOAD CMakeFiles/StudyCode2.elf.dir/Drivers/STM32F1xx_HAL_Driver/Src/stm32f1xx_hal_i2c.c.obj
LOAD CMakeFiles/StudyCode2.elf.dir/Drivers/STM32F1xx_HAL_Driver/Src/stm32f1xx_hal_pwr.c.obj
LOAD CMakeFiles/StudyCode2.elf.dir/Drivers/STM32F1xx_HAL_Driver/Src/stm32f1xx_hal_rcc.c.obj
LOAD CMakeFiles/StudyCode2.elf.dir/Drivers/STM32F1xx_HAL_Driver/Src/stm32f1xx_hal_rcc_ex.c.obj
LOAD CMakeFiles/StudyCode2.elf.dir/Drivers/STM32F1xx_HAL_Driver/Src/stm32f1xx_hal_tim.c.obj
LOAD CMakeFiles/StudyCode2.elf.dir/Drivers/STM32F1xx_HAL_Driver/Src/stm32f1xx_hal_tim_ex.c.obj
START GROUP
LOAD d:/software/jetbrains/gcc-arm-none-eabi/bin/../lib/gcc/arm-none-eabi/10.3.1/thumb/v7-m/nofp\libgcc.a
LOAD d:/software/jetbrains/gcc-arm-none-eabi/bin/../lib/gcc/arm-none-eabi/10.3.1/../../../../arm-none-eabi/lib/thumb/v7-m/nofp\libg.a
LOAD d:/software/jetbrains/gcc-arm-none-eabi/bin/../lib/gcc/arm-none-eabi/10.3.1/../../../../arm-none-eabi/lib/thumb/v7-m/nofp\libc.a
END GROUP
LOAD d:/software/jetbrains/gcc-arm-none-eabi/bin/../lib/gcc/arm-none-eabi/10.3.1/thumb/v7-m/nofp/crtend.o
LOAD d:/software/jetbrains/gcc-arm-none-eabi/bin/../lib/gcc/arm-none-eabi/10.3.1/thumb/v7-m/nofp/crtn.o
                0x20005000                _estack = (ORIGIN (RAM) + LENGTH (RAM))
                0x00000200                _Min_Heap_Size = 0x200
                0x00000400                _Min_Stack_Size = 0x400

.isr_vector     0x08000000      0x10c
                0x08000000                . = ALIGN (0x4)
 *(.isr_vector)
 .isr_vector    0x08000000      0x10c CMakeFiles/StudyCode2.elf.dir/Core/Startup/startup_stm32f103c8tx.s.obj
                0x08000000                g_pfnVectors
                0x0800010c                . = ALIGN (0x4)

.text           0x08000110     0x8f48
                0x08000110                . = ALIGN (0x4)
 *(.text)
 .text          0x08000110       0x40 d:/software/jetbrains/gcc-arm-none-eabi/bin/../lib/gcc/arm-none-eabi/10.3.1/thumb/v7-m/nofp/crtbegin.o
 .text          0x08000150      0x378 d:/software/jetbrains/gcc-arm-none-eabi/bin/../lib/gcc/arm-none-eabi/10.3.1/thumb/v7-m/nofp\libgcc.a(_arm_addsubdf3.o)
                0x08000150                __aeabi_drsub
                0x08000158                __aeabi_dsub
                0x08000158                __subdf3
                0x0800015c                __aeabi_dadd
                0x0800015c                __adddf3
                0x080003d4                __floatunsidf
                0x080003d4                __aeabi_ui2d
                0x080003f4                __floatsidf
                0x080003f4                __aeabi_i2d
                0x08000418                __aeabi_f2d
                0x08000418                __extendsfdf2
                0x0800045c                __floatundidf
                0x0800045c                __aeabi_ul2d
                0x0800046c                __floatdidf
                0x0800046c                __aeabi_l2d
 .text          0x080004c8       0x40 d:/software/jetbrains/gcc-arm-none-eabi/bin/../lib/gcc/arm-none-eabi/10.3.1/thumb/v7-m/nofp\libgcc.a(_arm_fixunsdfsi.o)
                0x080004c8                __aeabi_d2uiz
                0x080004c8                __fixunsdfsi
 .text          0x08000508       0xec d:/software/jetbrains/gcc-arm-none-eabi/bin/../lib/gcc/arm-none-eabi/10.3.1/../../../../arm-none-eabi/lib/thumb/v7-m/nofp\libg.a(lib_a-memcpy.o)
                0x08000508                memcpy
 .text          0x080005f4      0x424 d:/software/jetbrains/gcc-arm-none-eabi/bin/../lib/gcc/arm-none-eabi/10.3.1/thumb/v7-m/nofp\libgcc.a(_arm_muldivdf3.o)
                0x080005f4                __aeabi_dmul
                0x080005f4                __muldf3
                0x08000848                __divdf3
                0x08000848                __aeabi_ddiv
 .text          0x08000a18      0x110 d:/software/jetbrains/gcc-arm-none-eabi/bin/../lib/gcc/arm-none-eabi/10.3.1/thumb/v7-m/nofp\libgcc.a(_arm_cmpdf2.o)
                0x08000a18                __gtdf2
                0x08000a18                __gedf2
                0x08000a20                __ltdf2
                0x08000a20                __ledf2
                0x08000a28                __nedf2
                0x08000a28                __eqdf2
                0x08000a28                __cmpdf2
                0x08000aa4                __aeabi_cdrcmple
                0x08000ab4                __aeabi_cdcmpeq
                0x08000ab4                __aeabi_cdcmple
                0x08000ac4                __aeabi_dcmpeq
                0x08000ad8                __aeabi_dcmplt
                0x08000aec                __aeabi_dcmple
                0x08000b00                __aeabi_dcmpge
                0x08000b14                __aeabi_dcmpgt
 .text          0x08000b28       0x2c d:/software/jetbrains/gcc-arm-none-eabi/bin/../lib/gcc/arm-none-eabi/10.3.1/thumb/v7-m/nofp\libgcc.a(_arm_unorddf2.o)
                0x08000b28                __unorddf2
                0x08000b28                __aeabi_dcmpun
 .text          0x08000b54       0x50 d:/software/jetbrains/gcc-arm-none-eabi/bin/../lib/gcc/arm-none-eabi/10.3.1/thumb/v7-m/nofp\libgcc.a(_arm_fixdfsi.o)
                0x08000b54                __aeabi_d2iz
                0x08000b54                __fixdfsi
 .text          0x08000ba4       0x30 d:/software/jetbrains/gcc-arm-none-eabi/bin/../lib/gcc/arm-none-eabi/10.3.1/thumb/v7-m/nofp\libgcc.a(_aeabi_uldivmod.o)
                0x08000ba4                __aeabi_uldivmod
 .text          0x08000bd4      0x2d4 d:/software/jetbrains/gcc-arm-none-eabi/bin/../lib/gcc/arm-none-eabi/10.3.1/thumb/v7-m/nofp\libgcc.a(_udivmoddi4.o)
                0x08000bd4                __udivmoddi4
 .text          0x08000ea8        0x4 d:/software/jetbrains/gcc-arm-none-eabi/bin/../lib/gcc/arm-none-eabi/10.3.1/thumb/v7-m/nofp\libgcc.a(_dvmd_tls.o)
                0x08000ea8                __aeabi_idiv0
                0x08000ea8                __aeabi_ldiv0
 *(.text*)
 .text.oled_write_byte
                0x08000eac       0x34 CMakeFiles/StudyCode2.elf.dir/Core/Src/OLED.c.obj
                0x08000eac                oled_write_byte
 .text.OLED_init
                0x08000ee0       0xe4 CMakeFiles/StudyCode2.elf.dir/Core/Src/OLED.c.obj
                0x08000ee0                OLED_init
 .text.OLED_operate_gram
                0x08000fc4       0x5c CMakeFiles/StudyCode2.elf.dir/Core/Src/OLED.c.obj
                0x08000fc4                OLED_operate_gram
 .text.OLED_set_pos
                0x08001020       0x28 CMakeFiles/StudyCode2.elf.dir/Core/Src/OLED.c.obj
                0x08001020                OLED_set_pos
 .text.OLED_draw_point
                0x08001048       0x84 CMakeFiles/StudyCode2.elf.dir/Core/Src/OLED.c.obj
                0x08001048                OLED_draw_point
 .text.OLED_show_char
                0x080010cc       0x88 CMakeFiles/StudyCode2.elf.dir/Core/Src/OLED.c.obj
                0x080010cc                OLED_show_char
 .text.OLED_refresh_gram
                0x08001154       0x38 CMakeFiles/StudyCode2.elf.dir/Core/Src/OLED.c.obj
                0x08001154                OLED_refresh_gram
 .text.OLED_show_string
                0x0800118c       0x32 CMakeFiles/StudyCode2.elf.dir/Core/Src/OLED.c.obj
                0x0800118c                OLED_show_string
 *fill*         0x080011be        0x2 
 .text.OLED_LOGO
                0x080011c0       0x74 CMakeFiles/StudyCode2.elf.dir/Core/Src/OLED.c.obj
                0x080011c0                OLED_LOGO
 .text.MX_GPIO_Init
                0x08001234      0x104 CMakeFiles/StudyCode2.elf.dir/Core/Src/gpio.c.obj
                0x08001234                MX_GPIO_Init
 .text.MX_I2C1_Init
                0x08001338       0x3c CMakeFiles/StudyCode2.elf.dir/Core/Src/i2c.c.obj
                0x08001338                MX_I2C1_Init
 .text.HAL_I2C_MspInit
                0x08001374       0x64 CMakeFiles/StudyCode2.elf.dir/Core/Src/i2c.c.obj
                0x08001374                HAL_I2C_MspInit
 .text.Error_Handler
                0x080013d8        0x4 CMakeFiles/StudyCode2.elf.dir/Core/Src/main.c.obj
                0x080013d8                Error_Handler
 .text.SystemClock_Config
                0x080013dc       0x68 CMakeFiles/StudyCode2.elf.dir/Core/Src/main.c.obj
                0x080013dc                SystemClock_Config
 *fill*         0x08001444        0x4 
 .text.main     0x08001448      0x148 CMakeFiles/StudyCode2.elf.dir/Core/Src/main.c.obj
                0x08001448                main
 .text.HAL_MspInit
                0x08001590       0x44 CMakeFiles/StudyCode2.elf.dir/Core/Src/stm32f1xx_hal_msp.c.obj
                0x08001590                HAL_MspInit
 .text.NMI_Handler
                0x080015d4        0x8 CMakeFiles/StudyCode2.elf.dir/Core/Src/stm32f1xx_it.c.obj
                0x080015d4                NMI_Handler
 .text.HardFault_Handler
                0x080015dc        0x2 CMakeFiles/StudyCode2.elf.dir/Core/Src/stm32f1xx_it.c.obj
                0x080015dc                HardFault_Handler
 .text.MemManage_Handler
                0x080015de        0x2 CMakeFiles/StudyCode2.elf.dir/Core/Src/stm32f1xx_it.c.obj
                0x080015de                MemManage_Handler
 .text.BusFault_Handler
                0x080015e0        0x2 CMakeFiles/StudyCode2.elf.dir/Core/Src/stm32f1xx_it.c.obj
                0x080015e0                BusFault_Handler
 .text.UsageFault_Handler
                0x080015e2        0x2 CMakeFiles/StudyCode2.elf.dir/Core/Src/stm32f1xx_it.c.obj
                0x080015e2                UsageFault_Handler
 .text.SVC_Handler
                0x080015e4        0x2 CMakeFiles/StudyCode2.elf.dir/Core/Src/stm32f1xx_it.c.obj
                0x080015e4                SVC_Handler
 .text.DebugMon_Handler
                0x080015e6        0x2 CMakeFiles/StudyCode2.elf.dir/Core/Src/stm32f1xx_it.c.obj
                0x080015e6                DebugMon_Handler
 .text.PendSV_Handler
                0x080015e8        0x2 CMakeFiles/StudyCode2.elf.dir/Core/Src/stm32f1xx_it.c.obj
                0x080015e8                PendSV_Handler
 .text.SysTick_Handler
                0x080015ea        0x8 CMakeFiles/StudyCode2.elf.dir/Core/Src/stm32f1xx_it.c.obj
                0x080015ea                SysTick_Handler
 *fill*         0x080015f2        0x2 
 .text.TIM2_IRQHandler
                0x080015f4       0x10 CMakeFiles/StudyCode2.elf.dir/Core/Src/stm32f1xx_it.c.obj
                0x080015f4                TIM2_IRQHandler
 .text._getpid  0x08001604        0x4 CMakeFiles/StudyCode2.elf.dir/Core/Src/syscalls.c.obj
                0x08001604                _getpid
 .text._kill    0x08001608       0x10 CMakeFiles/StudyCode2.elf.dir/Core/Src/syscalls.c.obj
                0x08001608                _kill
 .text._exit    0x08001618        0xc CMakeFiles/StudyCode2.elf.dir/Core/Src/syscalls.c.obj
                0x08001618                _exit
 .text._read    0x08001624       0x20 CMakeFiles/StudyCode2.elf.dir/Core/Src/syscalls.c.obj
                0x08001624                _read
 .text._write   0x08001644       0x1c CMakeFiles/StudyCode2.elf.dir/Core/Src/syscalls.c.obj
                0x08001644                _write
 .text._close   0x08001660        0x6 CMakeFiles/StudyCode2.elf.dir/Core/Src/syscalls.c.obj
                0x08001660                _close
 .text._fstat   0x08001666        0xa CMakeFiles/StudyCode2.elf.dir/Core/Src/syscalls.c.obj
                0x08001666                _fstat
 .text._isatty  0x08001670        0x4 CMakeFiles/StudyCode2.elf.dir/Core/Src/syscalls.c.obj
                0x08001670                _isatty
 .text._lseek   0x08001674        0x4 CMakeFiles/StudyCode2.elf.dir/Core/Src/syscalls.c.obj
                0x08001674                _lseek
 .text._sbrk    0x08001678       0x48 CMakeFiles/StudyCode2.elf.dir/Core/Src/sysmem.c.obj
                0x08001678                _sbrk
 .text.SystemInit
                0x080016c0        0x2 CMakeFiles/StudyCode2.elf.dir/Core/Src/system_stm32f1xx.c.obj
                0x080016c0                SystemInit
 *fill*         0x080016c2        0x2 
 .text.MX_TIM1_Init
                0x080016c4       0x70 CMakeFiles/StudyCode2.elf.dir/Core/Src/tim.c.obj
                0x080016c4                MX_TIM1_Init
 .text.HAL_TIM_Base_MspInit
                0x08001734       0x60 CMakeFiles/StudyCode2.elf.dir/Core/Src/tim.c.obj
                0x08001734                HAL_TIM_Base_MspInit
 .text.HAL_TIM_MspPostInit
                0x08001794       0x4c CMakeFiles/StudyCode2.elf.dir/Core/Src/tim.c.obj
                0x08001794                HAL_TIM_MspPostInit
 .text.MX_TIM2_Init
                0x080017e0       0xac CMakeFiles/StudyCode2.elf.dir/Core/Src/tim.c.obj
                0x080017e0                MX_TIM2_Init
 .text.Reset_Handler
                0x0800188c       0x48 CMakeFiles/StudyCode2.elf.dir/Core/Startup/startup_stm32f103c8tx.s.obj
                0x0800188c                Reset_Handler
 .text.Default_Handler
                0x080018d4        0x2 CMakeFiles/StudyCode2.elf.dir/Core/Startup/startup_stm32f103c8tx.s.obj
                0x080018d4                RTC_Alarm_IRQHandler
                0x080018d4                EXTI2_IRQHandler
                0x080018d4                TIM1_CC_IRQHandler
                0x080018d4                PVD_IRQHandler
                0x080018d4                EXTI3_IRQHandler
                0x080018d4                EXTI0_IRQHandler
                0x080018d4                I2C2_EV_IRQHandler
                0x080018d4                ADC1_2_IRQHandler
                0x080018d4                SPI1_IRQHandler
                0x080018d4                TAMPER_IRQHandler
                0x080018d4                DMA1_Channel4_IRQHandler
                0x080018d4                USART3_IRQHandler
                0x080018d4                RTC_IRQHandler
                0x080018d4                DMA1_Channel7_IRQHandler
                0x080018d4                CAN1_RX1_IRQHandler
                0x080018d4                TIM4_IRQHandler
                0x080018d4                I2C1_EV_IRQHandler
                0x080018d4                DMA1_Channel6_IRQHandler
                0x080018d4                TIM3_IRQHandler
                0x080018d4                RCC_IRQHandler
                0x080018d4                TIM1_TRG_COM_IRQHandler
                0x080018d4                DMA1_Channel1_IRQHandler
                0x080018d4                Default_Handler
                0x080018d4                EXTI15_10_IRQHandler
                0x080018d4                EXTI9_5_IRQHandler
                0x080018d4                SPI2_IRQHandler
                0x080018d4                DMA1_Channel5_IRQHandler
                0x080018d4                EXTI4_IRQHandler
                0x080018d4                USB_LP_CAN1_RX0_IRQHandler
                0x080018d4                USB_HP_CAN1_TX_IRQHandler
                0x080018d4                DMA1_Channel3_IRQHandler
                0x080018d4                TIM1_UP_IRQHandler
                0x080018d4                WWDG_IRQHandler
                0x080018d4                TIM1_BRK_IRQHandler
                0x080018d4                EXTI1_IRQHandler
                0x080018d4                USART2_IRQHandler
                0x080018d4                I2C2_ER_IRQHandler
                0x080018d4                DMA1_Channel2_IRQHandler
                0x080018d4                CAN1_SCE_IRQHandler
                0x080018d4                FLASH_IRQHandler
                0x080018d4                USART1_IRQHandler
                0x080018d4                I2C1_ER_IRQHandler
                0x080018d4                USBWakeUp_IRQHandler
 *fill*         0x080018d6        0x2 
 .text.HAL_InitTick
                0x080018d8       0x4c CMakeFiles/StudyCode2.elf.dir/Drivers/STM32F1xx_HAL_Driver/Src/stm32f1xx_hal.c.obj
                0x080018d8                HAL_InitTick
 .text.HAL_Init
                0x08001924       0x24 CMakeFiles/StudyCode2.elf.dir/Drivers/STM32F1xx_HAL_Driver/Src/stm32f1xx_hal.c.obj
                0x08001924                HAL_Init
 .text.HAL_IncTick
                0x08001948       0x18 CMakeFiles/StudyCode2.elf.dir/Drivers/STM32F1xx_HAL_Driver/Src/stm32f1xx_hal.c.obj
                0x08001948                HAL_IncTick
 .text.HAL_GetTick
                0x08001960        0xc CMakeFiles/StudyCode2.elf.dir/Drivers/STM32F1xx_HAL_Driver/Src/stm32f1xx_hal.c.obj
                0x08001960                HAL_GetTick
 .text.HAL_Delay
                0x0800196c       0x28 CMakeFiles/StudyCode2.elf.dir/Drivers/STM32F1xx_HAL_Driver/Src/stm32f1xx_hal.c.obj
                0x0800196c                HAL_Delay
 .text.HAL_NVIC_SetPriorityGrouping
                0x08001994       0x24 CMakeFiles/StudyCode2.elf.dir/Drivers/STM32F1xx_HAL_Driver/Src/stm32f1xx_hal_cortex.c.obj
                0x08001994                HAL_NVIC_SetPriorityGrouping
 .text.HAL_NVIC_SetPriority
                0x080019b8       0x70 CMakeFiles/StudyCode2.elf.dir/Drivers/STM32F1xx_HAL_Driver/Src/stm32f1xx_hal_cortex.c.obj
                0x080019b8                HAL_NVIC_SetPriority
 .text.HAL_NVIC_EnableIRQ
                0x08001a28       0x1c CMakeFiles/StudyCode2.elf.dir/Drivers/STM32F1xx_HAL_Driver/Src/stm32f1xx_hal_cortex.c.obj
                0x08001a28                HAL_NVIC_EnableIRQ
 .text.HAL_SYSTICK_Config
                0x08001a44       0x28 CMakeFiles/StudyCode2.elf.dir/Drivers/STM32F1xx_HAL_Driver/Src/stm32f1xx_hal_cortex.c.obj
                0x08001a44                HAL_SYSTICK_Config
 .text.HAL_GPIO_Init
                0x08001a6c      0x224 CMakeFiles/StudyCode2.elf.dir/Drivers/STM32F1xx_HAL_Driver/Src/stm32f1xx_hal_gpio.c.obj
                0x08001a6c                HAL_GPIO_Init
 .text.HAL_GPIO_ReadPin
                0x08001c90        0xe CMakeFiles/StudyCode2.elf.dir/Drivers/STM32F1xx_HAL_Driver/Src/stm32f1xx_hal_gpio.c.obj
                0x08001c90                HAL_GPIO_ReadPin
 .text.HAL_GPIO_WritePin
                0x08001c9e        0xc CMakeFiles/StudyCode2.elf.dir/Drivers/STM32F1xx_HAL_Driver/Src/stm32f1xx_hal_gpio.c.obj
                0x08001c9e                HAL_GPIO_WritePin
 .text.I2C_IsAcknowledgeFailed
                0x08001caa       0x32 CMakeFiles/StudyCode2.elf.dir/Drivers/STM32F1xx_HAL_Driver/Src/stm32f1xx_hal_i2c.c.obj
 .text.I2C_WaitOnFlagUntilTimeout
                0x08001cdc       0xaa CMakeFiles/StudyCode2.elf.dir/Drivers/STM32F1xx_HAL_Driver/Src/stm32f1xx_hal_i2c.c.obj
 .text.I2C_WaitOnMasterAddressFlagUntilTimeout
                0x08001d86       0xd6 CMakeFiles/StudyCode2.elf.dir/Drivers/STM32F1xx_HAL_Driver/Src/stm32f1xx_hal_i2c.c.obj
 .text.I2C_MasterRequestWrite
                0x08001e5c       0xb4 CMakeFiles/StudyCode2.elf.dir/Drivers/STM32F1xx_HAL_Driver/Src/stm32f1xx_hal_i2c.c.obj
 .text.I2C_WaitOnTXEFlagUntilTimeout
                0x08001f10       0x5e CMakeFiles/StudyCode2.elf.dir/Drivers/STM32F1xx_HAL_Driver/Src/stm32f1xx_hal_i2c.c.obj
 .text.I2C_WaitOnBTFFlagUntilTimeout
                0x08001f6e       0x5e CMakeFiles/StudyCode2.elf.dir/Drivers/STM32F1xx_HAL_Driver/Src/stm32f1xx_hal_i2c.c.obj
 .text.HAL_I2C_Init
                0x08001fcc      0x1bc CMakeFiles/StudyCode2.elf.dir/Drivers/STM32F1xx_HAL_Driver/Src/stm32f1xx_hal_i2c.c.obj
                0x08001fcc                HAL_I2C_Init
 .text.HAL_I2C_Master_Transmit
                0x08002188      0x178 CMakeFiles/StudyCode2.elf.dir/Drivers/STM32F1xx_HAL_Driver/Src/stm32f1xx_hal_i2c.c.obj
                0x08002188                HAL_I2C_Master_Transmit
 .text.RCC_Delay
                0x08002300       0x2c CMakeFiles/StudyCode2.elf.dir/Drivers/STM32F1xx_HAL_Driver/Src/stm32f1xx_hal_rcc.c.obj
 .text.HAL_RCC_OscConfig
                0x0800232c      0x410 CMakeFiles/StudyCode2.elf.dir/Drivers/STM32F1xx_HAL_Driver/Src/stm32f1xx_hal_rcc.c.obj
                0x0800232c                HAL_RCC_OscConfig
 .text.HAL_RCC_EnableCSS
                0x0800273c        0xc CMakeFiles/StudyCode2.elf.dir/Drivers/STM32F1xx_HAL_Driver/Src/stm32f1xx_hal_rcc.c.obj
                0x0800273c                HAL_RCC_EnableCSS
 .text.HAL_RCC_GetSysClockFreq
                0x08002748       0x54 CMakeFiles/StudyCode2.elf.dir/Drivers/STM32F1xx_HAL_Driver/Src/stm32f1xx_hal_rcc.c.obj
                0x08002748                HAL_RCC_GetSysClockFreq
 .text.HAL_RCC_ClockConfig
                0x0800279c      0x16c CMakeFiles/StudyCode2.elf.dir/Drivers/STM32F1xx_HAL_Driver/Src/stm32f1xx_hal_rcc.c.obj
                0x0800279c                HAL_RCC_ClockConfig
 .text.HAL_RCC_GetHCLKFreq
                0x08002908        0xc CMakeFiles/StudyCode2.elf.dir/Drivers/STM32F1xx_HAL_Driver/Src/stm32f1xx_hal_rcc.c.obj
                0x08002908                HAL_RCC_GetHCLKFreq
 .text.HAL_RCC_GetPCLK1Freq
                0x08002914       0x20 CMakeFiles/StudyCode2.elf.dir/Drivers/STM32F1xx_HAL_Driver/Src/stm32f1xx_hal_rcc.c.obj
                0x08002914                HAL_RCC_GetPCLK1Freq
 .text.HAL_RCC_CSSCallback
                0x08002934        0x2 CMakeFiles/StudyCode2.elf.dir/Drivers/STM32F1xx_HAL_Driver/Src/stm32f1xx_hal_rcc.c.obj
                0x08002934                HAL_RCC_CSSCallback
 *fill*         0x08002936        0x2 
 .text.HAL_RCC_NMI_IRQHandler
                0x08002938       0x20 CMakeFiles/StudyCode2.elf.dir/Drivers/STM32F1xx_HAL_Driver/Src/stm32f1xx_hal_rcc.c.obj
                0x08002938                HAL_RCC_NMI_IRQHandler
 .text.TIM_OC1_SetConfig
                0x08002958       0x5c CMakeFiles/StudyCode2.elf.dir/Drivers/STM32F1xx_HAL_Driver/Src/stm32f1xx_hal_tim.c.obj
 .text.TIM_OC3_SetConfig
                0x080029b4       0x64 CMakeFiles/StudyCode2.elf.dir/Drivers/STM32F1xx_HAL_Driver/Src/stm32f1xx_hal_tim.c.obj
 .text.TIM_OC4_SetConfig
                0x08002a18       0x48 CMakeFiles/StudyCode2.elf.dir/Drivers/STM32F1xx_HAL_Driver/Src/stm32f1xx_hal_tim.c.obj
 .text.TIM_TI1_ConfigInputStage
                0x08002a60       0x24 CMakeFiles/StudyCode2.elf.dir/Drivers/STM32F1xx_HAL_Driver/Src/stm32f1xx_hal_tim.c.obj
 .text.TIM_TI2_ConfigInputStage
                0x08002a84       0x26 CMakeFiles/StudyCode2.elf.dir/Drivers/STM32F1xx_HAL_Driver/Src/stm32f1xx_hal_tim.c.obj
 .text.TIM_ITRx_SetConfig
                0x08002aaa       0x10 CMakeFiles/StudyCode2.elf.dir/Drivers/STM32F1xx_HAL_Driver/Src/stm32f1xx_hal_tim.c.obj
 .text.HAL_TIM_PWM_MspInit
                0x08002aba        0x2 CMakeFiles/StudyCode2.elf.dir/Drivers/STM32F1xx_HAL_Driver/Src/stm32f1xx_hal_tim.c.obj
                0x08002aba                HAL_TIM_PWM_MspInit
 .text.HAL_TIM_PeriodElapsedCallback
                0x08002abc        0x2 CMakeFiles/StudyCode2.elf.dir/Drivers/STM32F1xx_HAL_Driver/Src/stm32f1xx_hal_tim.c.obj
                0x08002abc                HAL_TIM_PeriodElapsedCallback
 .text.HAL_TIM_OC_DelayElapsedCallback
                0x08002abe        0x2 CMakeFiles/StudyCode2.elf.dir/Drivers/STM32F1xx_HAL_Driver/Src/stm32f1xx_hal_tim.c.obj
                0x08002abe                HAL_TIM_OC_DelayElapsedCallback
 .text.HAL_TIM_IC_CaptureCallback
                0x08002ac0        0x2 CMakeFiles/StudyCode2.elf.dir/Drivers/STM32F1xx_HAL_Driver/Src/stm32f1xx_hal_tim.c.obj
                0x08002ac0                HAL_TIM_IC_CaptureCallback
 .text.HAL_TIM_PWM_PulseFinishedCallback
                0x08002ac2        0x2 CMakeFiles/StudyCode2.elf.dir/Drivers/STM32F1xx_HAL_Driver/Src/stm32f1xx_hal_tim.c.obj
                0x08002ac2                HAL_TIM_PWM_PulseFinishedCallback
 .text.HAL_TIM_TriggerCallback
                0x08002ac4        0x2 CMakeFiles/StudyCode2.elf.dir/Drivers/STM32F1xx_HAL_Driver/Src/stm32f1xx_hal_tim.c.obj
                0x08002ac4                HAL_TIM_TriggerCallback
 .text.HAL_TIM_IRQHandler
                0x08002ac6      0x17a CMakeFiles/StudyCode2.elf.dir/Drivers/STM32F1xx_HAL_Driver/Src/stm32f1xx_hal_tim.c.obj
                0x08002ac6                HAL_TIM_IRQHandler
 .text.TIM_Base_SetConfig
                0x08002c40       0x74 CMakeFiles/StudyCode2.elf.dir/Drivers/STM32F1xx_HAL_Driver/Src/stm32f1xx_hal_tim.c.obj
                0x08002c40                TIM_Base_SetConfig
 .text.HAL_TIM_Base_Init
                0x08002cb4       0x58 CMakeFiles/StudyCode2.elf.dir/Drivers/STM32F1xx_HAL_Driver/Src/stm32f1xx_hal_tim.c.obj
                0x08002cb4                HAL_TIM_Base_Init
 .text.HAL_TIM_PWM_Init
                0x08002d0c       0x58 CMakeFiles/StudyCode2.elf.dir/Drivers/STM32F1xx_HAL_Driver/Src/stm32f1xx_hal_tim.c.obj
                0x08002d0c                HAL_TIM_PWM_Init
 .text.TIM_OC2_SetConfig
                0x08002d64       0x64 CMakeFiles/StudyCode2.elf.dir/Drivers/STM32F1xx_HAL_Driver/Src/stm32f1xx_hal_tim.c.obj
                0x08002d64                TIM_OC2_SetConfig
 .text.HAL_TIM_PWM_ConfigChannel
                0x08002dc8       0xdc CMakeFiles/StudyCode2.elf.dir/Drivers/STM32F1xx_HAL_Driver/Src/stm32f1xx_hal_tim.c.obj
                0x08002dc8                HAL_TIM_PWM_ConfigChannel
 .text.TIM_ETR_SetConfig
                0x08002ea4       0x18 CMakeFiles/StudyCode2.elf.dir/Drivers/STM32F1xx_HAL_Driver/Src/stm32f1xx_hal_tim.c.obj
                0x08002ea4                TIM_ETR_SetConfig
 .text.HAL_TIM_ConfigClockSource
                0x08002ebc       0xfe CMakeFiles/StudyCode2.elf.dir/Drivers/STM32F1xx_HAL_Driver/Src/stm32f1xx_hal_tim.c.obj
                0x08002ebc                HAL_TIM_ConfigClockSource
 *fill*         0x08002fba        0x2 
 .text.HAL_TIMEx_MasterConfigSynchronization
                0x08002fbc       0x6c CMakeFiles/StudyCode2.elf.dir/Drivers/STM32F1xx_HAL_Driver/Src/stm32f1xx_hal_tim_ex.c.obj
                0x08002fbc                HAL_TIMEx_MasterConfigSynchronization
 .text.HAL_TIMEx_CommutCallback
                0x08003028        0x2 CMakeFiles/StudyCode2.elf.dir/Drivers/STM32F1xx_HAL_Driver/Src/stm32f1xx_hal_tim_ex.c.obj
                0x08003028                HAL_TIMEx_CommutCallback
 .text.HAL_TIMEx_BreakCallback
                0x0800302a        0x2 CMakeFiles/StudyCode2.elf.dir/Drivers/STM32F1xx_HAL_Driver/Src/stm32f1xx_hal_tim_ex.c.obj
                0x0800302a                HAL_TIMEx_BreakCallback
 .text.__errno  0x0800302c        0xc d:/software/jetbrains/gcc-arm-none-eabi/bin/../lib/gcc/arm-none-eabi/10.3.1/../../../../arm-none-eabi/lib/thumb/v7-m/nofp\libg.a(lib_a-errno.o)
                0x0800302c                __errno
 .text.__libc_init_array
                0x08003038       0x48 d:/software/jetbrains/gcc-arm-none-eabi/bin/../lib/gcc/arm-none-eabi/10.3.1/../../../../arm-none-eabi/lib/thumb/v7-m/nofp\libg.a(lib_a-init.o)
                0x08003038                __libc_init_array
 .text.memset   0x08003080       0xa4 d:/software/jetbrains/gcc-arm-none-eabi/bin/../lib/gcc/arm-none-eabi/10.3.1/../../../../arm-none-eabi/lib/thumb/v7-m/nofp\libg.a(lib_a-memset.o)
                0x08003080                memset
 .text.sprintf  0x08003124       0x44 d:/software/jetbrains/gcc-arm-none-eabi/bin/../lib/gcc/arm-none-eabi/10.3.1/../../../../arm-none-eabi/lib/thumb/v7-m/nofp\libg.a(lib_a-sprintf.o)
                0x08003124                sprintf
 .text._svfprintf_r
                0x08003168     0x1aa4 d:/software/jetbrains/gcc-arm-none-eabi/bin/../lib/gcc/arm-none-eabi/10.3.1/../../../../arm-none-eabi/lib/thumb/v7-m/nofp\libg.a(lib_a-svfprintf.o)
                0x08003168                _svfprintf_r
 .text.startup.register_fini
                0x08004c0c       0x14 d:/software/jetbrains/gcc-arm-none-eabi/bin/../lib/gcc/arm-none-eabi/10.3.1/../../../../arm-none-eabi/lib/thumb/v7-m/nofp\libg.a(lib_a-__call_atexit.o)
 .text.atexit   0x08004c20        0xc d:/software/jetbrains/gcc-arm-none-eabi/bin/../lib/gcc/arm-none-eabi/10.3.1/../../../../arm-none-eabi/lib/thumb/v7-m/nofp\libg.a(lib_a-atexit.o)
                0x08004c20                atexit
 .text.quorem   0x08004c2c      0x12c d:/software/jetbrains/gcc-arm-none-eabi/bin/../lib/gcc/arm-none-eabi/10.3.1/../../../../arm-none-eabi/lib/thumb/v7-m/nofp\libg.a(lib_a-dtoa.o)
 .text._dtoa_r  0x08004d58      0xecc d:/software/jetbrains/gcc-arm-none-eabi/bin/../lib/gcc/arm-none-eabi/10.3.1/../../../../arm-none-eabi/lib/thumb/v7-m/nofp\libg.a(lib_a-dtoa.o)
                0x08004d58                _dtoa_r
 .text.__libc_fini_array
                0x08005c24       0x2c d:/software/jetbrains/gcc-arm-none-eabi/bin/../lib/gcc/arm-none-eabi/10.3.1/../../../../arm-none-eabi/lib/thumb/v7-m/nofp\libg.a(lib_a-fini.o)
                0x08005c24                __libc_fini_array
 .text._malloc_trim_r
                0x08005c50       0xa0 d:/software/jetbrains/gcc-arm-none-eabi/bin/../lib/gcc/arm-none-eabi/10.3.1/../../../../arm-none-eabi/lib/thumb/v7-m/nofp\libg.a(lib_a-freer.o)
                0x08005c50                _malloc_trim_r
 .text._free_r  0x08005cf0      0x200 d:/software/jetbrains/gcc-arm-none-eabi/bin/../lib/gcc/arm-none-eabi/10.3.1/../../../../arm-none-eabi/lib/thumb/v7-m/nofp\libg.a(lib_a-freer.o)
                0x08005cf0                _free_r
 .text._localeconv_r
                0x08005ef0        0x8 d:/software/jetbrains/gcc-arm-none-eabi/bin/../lib/gcc/arm-none-eabi/10.3.1/../../../../arm-none-eabi/lib/thumb/v7-m/nofp\libg.a(lib_a-localeconv.o)
                0x08005ef0                _localeconv_r
 .text.__retarget_lock_init_recursive
                0x08005ef8        0x4 d:/software/jetbrains/gcc-arm-none-eabi/bin/../lib/gcc/arm-none-eabi/10.3.1/../../../../arm-none-eabi/lib/thumb/v7-m/nofp\libg.a(lib_a-lock.o)
                0x08005ef8                __retarget_lock_init_recursive
 .text.__retarget_lock_close_recursive
                0x08005efc        0x4 d:/software/jetbrains/gcc-arm-none-eabi/bin/../lib/gcc/arm-none-eabi/10.3.1/../../../../arm-none-eabi/lib/thumb/v7-m/nofp\libg.a(lib_a-lock.o)
                0x08005efc                __retarget_lock_close_recursive
 .text.__retarget_lock_acquire_recursive
                0x08005f00        0x4 d:/software/jetbrains/gcc-arm-none-eabi/bin/../lib/gcc/arm-none-eabi/10.3.1/../../../../arm-none-eabi/lib/thumb/v7-m/nofp\libg.a(lib_a-lock.o)
                0x08005f00                __retarget_lock_acquire_recursive
 .text.__retarget_lock_release_recursive
                0x08005f04        0x4 d:/software/jetbrains/gcc-arm-none-eabi/bin/../lib/gcc/arm-none-eabi/10.3.1/../../../../arm-none-eabi/lib/thumb/v7-m/nofp\libg.a(lib_a-lock.o)
                0x08005f04                __retarget_lock_release_recursive
 .text._malloc_r
                0x08005f08      0x558 d:/software/jetbrains/gcc-arm-none-eabi/bin/../lib/gcc/arm-none-eabi/10.3.1/../../../../arm-none-eabi/lib/thumb/v7-m/nofp\libg.a(lib_a-mallocr.o)
                0x08005f08                _malloc_r
 .text.memchr   0x08006460       0x90 d:/software/jetbrains/gcc-arm-none-eabi/bin/../lib/gcc/arm-none-eabi/10.3.1/../../../../arm-none-eabi/lib/thumb/v7-m/nofp\libg.a(lib_a-memchr-stub.o)
                0x08006460                memchr
 .text.__malloc_lock
                0x080064f0        0xc d:/software/jetbrains/gcc-arm-none-eabi/bin/../lib/gcc/arm-none-eabi/10.3.1/../../../../arm-none-eabi/lib/thumb/v7-m/nofp\libg.a(lib_a-mlock.o)
                0x080064f0                __malloc_lock
 .text.__malloc_unlock
                0x080064fc        0xc d:/software/jetbrains/gcc-arm-none-eabi/bin/../lib/gcc/arm-none-eabi/10.3.1/../../../../arm-none-eabi/lib/thumb/v7-m/nofp\libg.a(lib_a-mlock.o)
                0x080064fc                __malloc_unlock
 .text._Balloc  0x08006508       0x4c d:/software/jetbrains/gcc-arm-none-eabi/bin/../lib/gcc/arm-none-eabi/10.3.1/../../../../arm-none-eabi/lib/thumb/v7-m/nofp\libg.a(lib_a-mprec.o)
                0x08006508                _Balloc
 .text._Bfree   0x08006554       0x14 d:/software/jetbrains/gcc-arm-none-eabi/bin/../lib/gcc/arm-none-eabi/10.3.1/../../../../arm-none-eabi/lib/thumb/v7-m/nofp\libg.a(lib_a-mprec.o)
                0x08006554                _Bfree
 .text.__multadd
                0x08006568       0xa4 d:/software/jetbrains/gcc-arm-none-eabi/bin/../lib/gcc/arm-none-eabi/10.3.1/../../../../arm-none-eabi/lib/thumb/v7-m/nofp\libg.a(lib_a-mprec.o)
                0x08006568                __multadd
 .text.__hi0bits
                0x0800660c       0x40 d:/software/jetbrains/gcc-arm-none-eabi/bin/../lib/gcc/arm-none-eabi/10.3.1/../../../../arm-none-eabi/lib/thumb/v7-m/nofp\libg.a(lib_a-mprec.o)
                0x0800660c                __hi0bits
 .text.__lo0bits
                0x0800664c       0x58 d:/software/jetbrains/gcc-arm-none-eabi/bin/../lib/gcc/arm-none-eabi/10.3.1/../../../../arm-none-eabi/lib/thumb/v7-m/nofp\libg.a(lib_a-mprec.o)
                0x0800664c                __lo0bits
 .text.__i2b    0x080066a4       0x5c d:/software/jetbrains/gcc-arm-none-eabi/bin/../lib/gcc/arm-none-eabi/10.3.1/../../../../arm-none-eabi/lib/thumb/v7-m/nofp\libg.a(lib_a-mprec.o)
                0x080066a4                __i2b
 .text.__multiply
                0x08006700      0x15c d:/software/jetbrains/gcc-arm-none-eabi/bin/../lib/gcc/arm-none-eabi/10.3.1/../../../../arm-none-eabi/lib/thumb/v7-m/nofp\libg.a(lib_a-mprec.o)
                0x08006700                __multiply
 .text.__pow5mult
                0x0800685c       0xb8 d:/software/jetbrains/gcc-arm-none-eabi/bin/../lib/gcc/arm-none-eabi/10.3.1/../../../../arm-none-eabi/lib/thumb/v7-m/nofp\libg.a(lib_a-mprec.o)
                0x0800685c                __pow5mult
 .text.__lshift
                0x08006914       0xec d:/software/jetbrains/gcc-arm-none-eabi/bin/../lib/gcc/arm-none-eabi/10.3.1/../../../../arm-none-eabi/lib/thumb/v7-m/nofp\libg.a(lib_a-mprec.o)
                0x08006914                __lshift
 .text.__mcmp   0x08006a00       0x40 d:/software/jetbrains/gcc-arm-none-eabi/bin/../lib/gcc/arm-none-eabi/10.3.1/../../../../arm-none-eabi/lib/thumb/v7-m/nofp\libg.a(lib_a-mprec.o)
                0x08006a00                __mcmp
 .text.__mdiff  0x08006a40      0x14c d:/software/jetbrains/gcc-arm-none-eabi/bin/../lib/gcc/arm-none-eabi/10.3.1/../../../../arm-none-eabi/lib/thumb/v7-m/nofp\libg.a(lib_a-mprec.o)
                0x08006a40                __mdiff
 .text.__d2b    0x08006b8c       0xc4 d:/software/jetbrains/gcc-arm-none-eabi/bin/../lib/gcc/arm-none-eabi/10.3.1/../../../../arm-none-eabi/lib/thumb/v7-m/nofp\libg.a(lib_a-mprec.o)
                0x08006b8c                __d2b
 .text.frexp    0x08006c50       0x70 d:/software/jetbrains/gcc-arm-none-eabi/bin/../lib/gcc/arm-none-eabi/10.3.1/../../../../arm-none-eabi/lib/thumb/v7-m/nofp\libg.a(lib_a-s_frexp.o)
                0x08006c50                frexp
 .text._sbrk_r  0x08006cc0       0x24 d:/software/jetbrains/gcc-arm-none-eabi/bin/../lib/gcc/arm-none-eabi/10.3.1/../../../../arm-none-eabi/lib/thumb/v7-m/nofp\libg.a(lib_a-sbrkr.o)
                0x08006cc0                _sbrk_r
 .text.strlen   0x08006ce4       0x5c d:/software/jetbrains/gcc-arm-none-eabi/bin/../lib/gcc/arm-none-eabi/10.3.1/../../../../arm-none-eabi/lib/thumb/v7-m/nofp\libg.a(lib_a-strlen-stub.o)
                0x08006ce4                strlen
 .text.strncpy  0x08006d40       0x68 d:/software/jetbrains/gcc-arm-none-eabi/bin/../lib/gcc/arm-none-eabi/10.3.1/../../../../arm-none-eabi/lib/thumb/v7-m/nofp\libg.a(lib_a-strncpy.o)
                0x08006d40                strncpy
 .text.__ssprint_r
                0x08006da8       0xfc d:/software/jetbrains/gcc-arm-none-eabi/bin/../lib/gcc/arm-none-eabi/10.3.1/../../../../arm-none-eabi/lib/thumb/v7-m/nofp\libg.a(lib_a-svfiprintf.o)
                0x08006da8                __ssprint_r
 .text.__register_exitproc
                0x08006ea4       0x8c d:/software/jetbrains/gcc-arm-none-eabi/bin/../lib/gcc/arm-none-eabi/10.3.1/../../../../arm-none-eabi/lib/thumb/v7-m/nofp\libg.a(lib_a-__atexit.o)
                0x08006ea4                __register_exitproc
 .text.__assert_func
                0x08006f30       0x40 d:/software/jetbrains/gcc-arm-none-eabi/bin/../lib/gcc/arm-none-eabi/10.3.1/../../../../arm-none-eabi/lib/thumb/v7-m/nofp\libg.a(lib_a-assert.o)
                0x08006f30                __assert_func
 .text._calloc_r
                0x08006f70       0x78 d:/software/jetbrains/gcc-arm-none-eabi/bin/../lib/gcc/arm-none-eabi/10.3.1/../../../../arm-none-eabi/lib/thumb/v7-m/nofp\libg.a(lib_a-callocr.o)
                0x08006f70                _calloc_r
 .text.fiprintf
                0x08006fe8       0x28 d:/software/jetbrains/gcc-arm-none-eabi/bin/../lib/gcc/arm-none-eabi/10.3.1/../../../../arm-none-eabi/lib/thumb/v7-m/nofp\libg.a(lib_a-fiprintf.o)
                0x08006fe8                fiprintf
 .text.__locale_mb_cur_max
                0x08007010        0xc d:/software/jetbrains/gcc-arm-none-eabi/bin/../lib/gcc/arm-none-eabi/10.3.1/../../../../arm-none-eabi/lib/thumb/v7-m/nofp\libg.a(lib_a-locale.o)
                0x08007010                __locale_mb_cur_max
 .text.__ascii_mbtowc
                0x0800701c       0x2c d:/software/jetbrains/gcc-arm-none-eabi/bin/../lib/gcc/arm-none-eabi/10.3.1/../../../../arm-none-eabi/lib/thumb/v7-m/nofp\libg.a(lib_a-mbtowc_r.o)
                0x0800701c                __ascii_mbtowc
 .text.memmove  0x08007048       0xf8 d:/software/jetbrains/gcc-arm-none-eabi/bin/../lib/gcc/arm-none-eabi/10.3.1/../../../../arm-none-eabi/lib/thumb/v7-m/nofp\libg.a(lib_a-memmove.o)
                0x08007048                memmove
 .text._realloc_r
                0x08007140      0x3dc d:/software/jetbrains/gcc-arm-none-eabi/bin/../lib/gcc/arm-none-eabi/10.3.1/../../../../arm-none-eabi/lib/thumb/v7-m/nofp\libg.a(lib_a-reallocr.o)
                0x08007140                _realloc_r
 .text.__sprint_r.part.0
                0x0800751c       0x78 d:/software/jetbrains/gcc-arm-none-eabi/bin/../lib/gcc/arm-none-eabi/10.3.1/../../../../arm-none-eabi/lib/thumb/v7-m/nofp\libg.a(lib_a-vfiprintf.o)
 .text._vfiprintf_r
                0x08007594      0xd98 d:/software/jetbrains/gcc-arm-none-eabi/bin/../lib/gcc/arm-none-eabi/10.3.1/../../../../arm-none-eabi/lib/thumb/v7-m/nofp\libg.a(lib_a-vfiprintf.o)
                0x08007594                _vfiprintf_r
 .text.__sbprintf
                0x0800832c       0x84 d:/software/jetbrains/gcc-arm-none-eabi/bin/../lib/gcc/arm-none-eabi/10.3.1/../../../../arm-none-eabi/lib/thumb/v7-m/nofp\libg.a(lib_a-vfiprintf.o)
 .text.__ascii_wctomb
                0x080083b0       0x1c d:/software/jetbrains/gcc-arm-none-eabi/bin/../lib/gcc/arm-none-eabi/10.3.1/../../../../arm-none-eabi/lib/thumb/v7-m/nofp\libg.a(lib_a-wctomb_r.o)
                0x080083b0                __ascii_wctomb
 .text.__swsetup_r
                0x080083cc       0xd4 d:/software/jetbrains/gcc-arm-none-eabi/bin/../lib/gcc/arm-none-eabi/10.3.1/../../../../arm-none-eabi/lib/thumb/v7-m/nofp\libg.a(lib_a-wsetup.o)
                0x080083cc                __swsetup_r
 .text.abort    0x080084a0       0x10 d:/software/jetbrains/gcc-arm-none-eabi/bin/../lib/gcc/arm-none-eabi/10.3.1/../../../../arm-none-eabi/lib/thumb/v7-m/nofp\libg.a(lib_a-abort.o)
                0x080084a0                abort
 .text.__sflush_r
                0x080084b0      0x124 d:/software/jetbrains/gcc-arm-none-eabi/bin/../lib/gcc/arm-none-eabi/10.3.1/../../../../arm-none-eabi/lib/thumb/v7-m/nofp\libg.a(lib_a-fflush.o)
                0x080084b0                __sflush_r
 .text._fflush_r
                0x080085d4       0x5c d:/software/jetbrains/gcc-arm-none-eabi/bin/../lib/gcc/arm-none-eabi/10.3.1/../../../../arm-none-eabi/lib/thumb/v7-m/nofp\libg.a(lib_a-fflush.o)
                0x080085d4                _fflush_r
 .text._cleanup_r
                0x08008630        0xc d:/software/jetbrains/gcc-arm-none-eabi/bin/../lib/gcc/arm-none-eabi/10.3.1/../../../../arm-none-eabi/lib/thumb/v7-m/nofp\libg.a(lib_a-findfp.o)
                0x08008630                _cleanup_r
 .text.__sinit  0x0800863c      0x10c d:/software/jetbrains/gcc-arm-none-eabi/bin/../lib/gcc/arm-none-eabi/10.3.1/../../../../arm-none-eabi/lib/thumb/v7-m/nofp\libg.a(lib_a-findfp.o)
                0x0800863c                __sinit
 .text.__sfp_lock_acquire
                0x08008748        0xc d:/software/jetbrains/gcc-arm-none-eabi/bin/../lib/gcc/arm-none-eabi/10.3.1/../../../../arm-none-eabi/lib/thumb/v7-m/nofp\libg.a(lib_a-findfp.o)
                0x08008748                __sfp_lock_acquire
 .text.__sfp_lock_release
                0x08008754        0xc d:/software/jetbrains/gcc-arm-none-eabi/bin/../lib/gcc/arm-none-eabi/10.3.1/../../../../arm-none-eabi/lib/thumb/v7-m/nofp\libg.a(lib_a-findfp.o)
                0x08008754                __sfp_lock_release
 .text.__fputwc
                0x08008760       0xa0 d:/software/jetbrains/gcc-arm-none-eabi/bin/../lib/gcc/arm-none-eabi/10.3.1/../../../../arm-none-eabi/lib/thumb/v7-m/nofp\libg.a(lib_a-fputwc.o)
                0x08008760                __fputwc
 .text._fputwc_r
                0x08008800       0x68 d:/software/jetbrains/gcc-arm-none-eabi/bin/../lib/gcc/arm-none-eabi/10.3.1/../../../../arm-none-eabi/lib/thumb/v7-m/nofp\libg.a(lib_a-fputwc.o)
                0x08008800                _fputwc_r
 .text.__sfvwrite_r
                0x08008868      0x2f0 d:/software/jetbrains/gcc-arm-none-eabi/bin/../lib/gcc/arm-none-eabi/10.3.1/../../../../arm-none-eabi/lib/thumb/v7-m/nofp\libg.a(lib_a-fvwrite.o)
                0x08008868                __sfvwrite_r
 .text._fwalk_reent
                0x08008b58       0x48 d:/software/jetbrains/gcc-arm-none-eabi/bin/../lib/gcc/arm-none-eabi/10.3.1/../../../../arm-none-eabi/lib/thumb/v7-m/nofp\libg.a(lib_a-fwalk.o)
                0x08008b58                _fwalk_reent
 .text.__smakebuf_r
                0x08008ba0       0xe0 d:/software/jetbrains/gcc-arm-none-eabi/bin/../lib/gcc/arm-none-eabi/10.3.1/../../../../arm-none-eabi/lib/thumb/v7-m/nofp\libg.a(lib_a-makebuf.o)
                0x08008ba0                __smakebuf_r
 .text.raise    0x08008c80       0x5c d:/software/jetbrains/gcc-arm-none-eabi/bin/../lib/gcc/arm-none-eabi/10.3.1/../../../../arm-none-eabi/lib/thumb/v7-m/nofp\libg.a(lib_a-signal.o)
                0x08008c80                raise
 .text._kill_r  0x08008cdc       0x28 d:/software/jetbrains/gcc-arm-none-eabi/bin/../lib/gcc/arm-none-eabi/10.3.1/../../../../arm-none-eabi/lib/thumb/v7-m/nofp\libg.a(lib_a-signalr.o)
                0x08008cdc                _kill_r
 .text._getpid_r
                0x08008d04        0x4 d:/software/jetbrains/gcc-arm-none-eabi/bin/../lib/gcc/arm-none-eabi/10.3.1/../../../../arm-none-eabi/lib/thumb/v7-m/nofp\libg.a(lib_a-signalr.o)
                0x08008d04                _getpid_r
 .text.__sread  0x08008d08       0x24 d:/software/jetbrains/gcc-arm-none-eabi/bin/../lib/gcc/arm-none-eabi/10.3.1/../../../../arm-none-eabi/lib/thumb/v7-m/nofp\libg.a(lib_a-stdio.o)
                0x08008d08                __sread
 .text.__swrite
                0x08008d2c       0x40 d:/software/jetbrains/gcc-arm-none-eabi/bin/../lib/gcc/arm-none-eabi/10.3.1/../../../../arm-none-eabi/lib/thumb/v7-m/nofp\libg.a(lib_a-stdio.o)
                0x08008d2c                __swrite
 .text.__sseek  0x08008d6c       0x20 d:/software/jetbrains/gcc-arm-none-eabi/bin/../lib/gcc/arm-none-eabi/10.3.1/../../../../arm-none-eabi/lib/thumb/v7-m/nofp\libg.a(lib_a-stdio.o)
                0x08008d6c                __sseek
 .text.__sclose
                0x08008d8c        0x8 d:/software/jetbrains/gcc-arm-none-eabi/bin/../lib/gcc/arm-none-eabi/10.3.1/../../../../arm-none-eabi/lib/thumb/v7-m/nofp\libg.a(lib_a-stdio.o)
                0x08008d8c                __sclose
 .text.__swbuf_r
                0x08008d94       0xb0 d:/software/jetbrains/gcc-arm-none-eabi/bin/../lib/gcc/arm-none-eabi/10.3.1/../../../../arm-none-eabi/lib/thumb/v7-m/nofp\libg.a(lib_a-wbuf.o)
                0x08008d94                __swbuf_r
 .text._wcrtomb_r
                0x08008e44       0x3c d:/software/jetbrains/gcc-arm-none-eabi/bin/../lib/gcc/arm-none-eabi/10.3.1/../../../../arm-none-eabi/lib/thumb/v7-m/nofp\libg.a(lib_a-wcrtomb.o)
                0x08008e44                _wcrtomb_r
 .text._write_r
                0x08008e80       0x2c d:/software/jetbrains/gcc-arm-none-eabi/bin/../lib/gcc/arm-none-eabi/10.3.1/../../../../arm-none-eabi/lib/thumb/v7-m/nofp\libg.a(lib_a-writer.o)
                0x08008e80                _write_r
 .text._close_r
                0x08008eac       0x24 d:/software/jetbrains/gcc-arm-none-eabi/bin/../lib/gcc/arm-none-eabi/10.3.1/../../../../arm-none-eabi/lib/thumb/v7-m/nofp\libg.a(lib_a-closer.o)
                0x08008eac                _close_r
 .text._fclose_r
                0x08008ed0       0xcc d:/software/jetbrains/gcc-arm-none-eabi/bin/../lib/gcc/arm-none-eabi/10.3.1/../../../../arm-none-eabi/lib/thumb/v7-m/nofp\libg.a(lib_a-fclose.o)
                0x08008ed0                _fclose_r
 .text._fstat_r
                0x08008f9c       0x28 d:/software/jetbrains/gcc-arm-none-eabi/bin/../lib/gcc/arm-none-eabi/10.3.1/../../../../arm-none-eabi/lib/thumb/v7-m/nofp\libg.a(lib_a-fstatr.o)
                0x08008f9c                _fstat_r
 .text._isatty_r
                0x08008fc4       0x24 d:/software/jetbrains/gcc-arm-none-eabi/bin/../lib/gcc/arm-none-eabi/10.3.1/../../../../arm-none-eabi/lib/thumb/v7-m/nofp\libg.a(lib_a-isattyr.o)
                0x08008fc4                _isatty_r
 .text._lseek_r
                0x08008fe8       0x2c d:/software/jetbrains/gcc-arm-none-eabi/bin/../lib/gcc/arm-none-eabi/10.3.1/../../../../arm-none-eabi/lib/thumb/v7-m/nofp\libg.a(lib_a-lseekr.o)
                0x08008fe8                _lseek_r
 .text._read_r  0x08009014       0x2c d:/software/jetbrains/gcc-arm-none-eabi/bin/../lib/gcc/arm-none-eabi/10.3.1/../../../../arm-none-eabi/lib/thumb/v7-m/nofp\libg.a(lib_a-readr.o)
                0x08009014                _read_r
 *(.glue_7)
 .glue_7        0x08009040        0x0 linker stubs
 *(.glue_7t)
 .glue_7t       0x08009040        0x0 linker stubs
 *(.eh_frame)
 .eh_frame      0x08009040        0x0 d:/software/jetbrains/gcc-arm-none-eabi/bin/../lib/gcc/arm-none-eabi/10.3.1/thumb/v7-m/nofp/crtbegin.o
 *(.init)
 .init          0x08009040        0x4 d:/software/jetbrains/gcc-arm-none-eabi/bin/../lib/gcc/arm-none-eabi/10.3.1/thumb/v7-m/nofp/crti.o
                0x08009040                _init
 .init          0x08009044        0x8 d:/software/jetbrains/gcc-arm-none-eabi/bin/../lib/gcc/arm-none-eabi/10.3.1/thumb/v7-m/nofp/crtn.o
 *(.fini)
 .fini          0x0800904c        0x4 d:/software/jetbrains/gcc-arm-none-eabi/bin/../lib/gcc/arm-none-eabi/10.3.1/thumb/v7-m/nofp/crti.o
                0x0800904c                _fini
 .fini          0x08009050        0x8 d:/software/jetbrains/gcc-arm-none-eabi/bin/../lib/gcc/arm-none-eabi/10.3.1/thumb/v7-m/nofp/crtn.o
                0x08009058                . = ALIGN (0x4)
                0x08009058                _etext = .

.vfp11_veneer   0x08009058        0x0
 .vfp11_veneer  0x08009058        0x0 linker stubs

.v4_bx          0x08009058        0x0
 .v4_bx         0x08009058        0x0 linker stubs

.iplt           0x08009058        0x0
 .iplt          0x08009058        0x0 d:/software/jetbrains/gcc-arm-none-eabi/bin/../lib/gcc/arm-none-eabi/10.3.1/thumb/v7-m/nofp/crtbegin.o

.rodata         0x08009058      0xcd0
                0x08009058                . = ALIGN (0x4)
 *(.rodata)
 *(.rodata*)
 .rodata.LOGO_BMP
                0x08009058      0x400 CMakeFiles/StudyCode2.elf.dir/Core/Src/OLED.c.obj
                0x08009058                LOGO_BMP
 .rodata.asc2_1206
                0x08009458      0x474 CMakeFiles/StudyCode2.elf.dir/Core/Src/OLED.c.obj
                0x08009458                asc2_1206
 .rodata.main.str1.4
                0x080098cc       0x33 CMakeFiles/StudyCode2.elf.dir/Core/Src/main.c.obj
 *fill*         0x080098ff        0x1 
 .rodata.AHBPrescTable
                0x08009900       0x10 CMakeFiles/StudyCode2.elf.dir/Core/Src/system_stm32f1xx.c.obj
                0x08009900                AHBPrescTable
 .rodata.APBPrescTable
                0x08009910        0x8 CMakeFiles/StudyCode2.elf.dir/Core/Src/system_stm32f1xx.c.obj
                0x08009910                APBPrescTable
 .rodata.aPLLMULFactorTable.1
                0x08009918       0x10 CMakeFiles/StudyCode2.elf.dir/Drivers/STM32F1xx_HAL_Driver/Src/stm32f1xx_hal_rcc.c.obj
 .rodata.aPredivFactorTable.0
                0x08009928        0x2 CMakeFiles/StudyCode2.elf.dir/Drivers/STM32F1xx_HAL_Driver/Src/stm32f1xx_hal_rcc.c.obj
 *fill*         0x0800992a        0x2 
 .rodata._global_impure_ptr
                0x0800992c        0x4 d:/software/jetbrains/gcc-arm-none-eabi/bin/../lib/gcc/arm-none-eabi/10.3.1/../../../../arm-none-eabi/lib/thumb/v7-m/nofp\libg.a(lib_a-impure.o)
                0x0800992c                _global_impure_ptr
 .rodata._svfprintf_r.str1.4
                0x08009930       0x42 d:/software/jetbrains/gcc-arm-none-eabi/bin/../lib/gcc/arm-none-eabi/10.3.1/../../../../arm-none-eabi/lib/thumb/v7-m/nofp\libg.a(lib_a-svfprintf.o)
 *fill*         0x08009972        0x2 
 .rodata.blanks.1
                0x08009974       0x10 d:/software/jetbrains/gcc-arm-none-eabi/bin/../lib/gcc/arm-none-eabi/10.3.1/../../../../arm-none-eabi/lib/thumb/v7-m/nofp\libg.a(lib_a-svfprintf.o)
 .rodata.zeroes.0
                0x08009984       0x10 d:/software/jetbrains/gcc-arm-none-eabi/bin/../lib/gcc/arm-none-eabi/10.3.1/../../../../arm-none-eabi/lib/thumb/v7-m/nofp\libg.a(lib_a-svfprintf.o)
 .rodata._dtoa_r.str1.4
                0x08009994       0xa2 d:/software/jetbrains/gcc-arm-none-eabi/bin/../lib/gcc/arm-none-eabi/10.3.1/../../../../arm-none-eabi/lib/thumb/v7-m/nofp\libg.a(lib_a-dtoa.o)
                                 0xa6 (size before relaxing)
 *fill*         0x08009a36        0x2 
 .rodata.__multadd.str1.4
                0x08009a38       0x7f d:/software/jetbrains/gcc-arm-none-eabi/bin/../lib/gcc/arm-none-eabi/10.3.1/../../../../arm-none-eabi/lib/thumb/v7-m/nofp\libg.a(lib_a-mprec.o)
                                 0x93 (size before relaxing)
 *fill*         0x08009ab7        0x1 
 .rodata.__mprec_bigtens
                0x08009ab8       0x28 d:/software/jetbrains/gcc-arm-none-eabi/bin/../lib/gcc/arm-none-eabi/10.3.1/../../../../arm-none-eabi/lib/thumb/v7-m/nofp\libg.a(lib_a-mprec.o)
                0x08009ab8                __mprec_bigtens
 .rodata.__mprec_tens
                0x08009ae0       0xc8 d:/software/jetbrains/gcc-arm-none-eabi/bin/../lib/gcc/arm-none-eabi/10.3.1/../../../../arm-none-eabi/lib/thumb/v7-m/nofp\libg.a(lib_a-mprec.o)
                0x08009ae0                __mprec_tens
 .rodata.p05.0  0x08009ba8        0xc d:/software/jetbrains/gcc-arm-none-eabi/bin/../lib/gcc/arm-none-eabi/10.3.1/../../../../arm-none-eabi/lib/thumb/v7-m/nofp\libg.a(lib_a-mprec.o)
 .rodata.__assert_func.str1.4
                0x08009bb4       0x3f d:/software/jetbrains/gcc-arm-none-eabi/bin/../lib/gcc/arm-none-eabi/10.3.1/../../../../arm-none-eabi/lib/thumb/v7-m/nofp\libg.a(lib_a-assert.o)
                                 0x43 (size before relaxing)
 *fill*         0x08009bf3        0x1 
 .rodata._setlocale_r.str1.4
                0x08009bf4        0xa d:/software/jetbrains/gcc-arm-none-eabi/bin/../lib/gcc/arm-none-eabi/10.3.1/../../../../arm-none-eabi/lib/thumb/v7-m/nofp\libg.a(lib_a-locale.o)
                                  0xd (size before relaxing)
 *fill*         0x08009bfe        0x2 
 .rodata.str1.4
                0x08009c00        0x2 d:/software/jetbrains/gcc-arm-none-eabi/bin/../lib/gcc/arm-none-eabi/10.3.1/../../../../arm-none-eabi/lib/thumb/v7-m/nofp\libg.a(lib_a-locale.o)
 .rodata._vfiprintf_r.str1.4
                0x08009c02       0x2f d:/software/jetbrains/gcc-arm-none-eabi/bin/../lib/gcc/arm-none-eabi/10.3.1/../../../../arm-none-eabi/lib/thumb/v7-m/nofp\libg.a(lib_a-vfiprintf.o)
 *fill*         0x08009c02        0x2 
 .rodata.blanks.1
                0x08009c04       0x10 d:/software/jetbrains/gcc-arm-none-eabi/bin/../lib/gcc/arm-none-eabi/10.3.1/../../../../arm-none-eabi/lib/thumb/v7-m/nofp\libg.a(lib_a-vfiprintf.o)
 .rodata.zeroes.0
                0x08009c14       0x10 d:/software/jetbrains/gcc-arm-none-eabi/bin/../lib/gcc/arm-none-eabi/10.3.1/../../../../arm-none-eabi/lib/thumb/v7-m/nofp\libg.a(lib_a-vfiprintf.o)
 .rodata._ctype_
                0x08009c24      0x101 d:/software/jetbrains/gcc-arm-none-eabi/bin/../lib/gcc/arm-none-eabi/10.3.1/../../../../arm-none-eabi/lib/thumb/v7-m/nofp\libg.a(lib_a-ctype_.o)
                0x08009c24                _ctype_
                0x08009d28                . = ALIGN (0x4)
 *fill*         0x08009d25        0x3 

.ARM.extab      0x08009d28        0x0
                0x08009d28                . = ALIGN (0x4)
 *(.ARM.extab* .gnu.linkonce.armextab.*)
                0x08009d28                . = ALIGN (0x4)

.ARM            0x08009d28        0x8
                0x08009d28                . = ALIGN (0x4)
                0x08009d28                __exidx_start = .
 *(.ARM.exidx*)
 .ARM.exidx     0x08009d28        0x8 d:/software/jetbrains/gcc-arm-none-eabi/bin/../lib/gcc/arm-none-eabi/10.3.1/thumb/v7-m/nofp\libgcc.a(_udivmoddi4.o)
                0x08009d30                __exidx_end = .
                0x08009d30                . = ALIGN (0x4)

.rel.dyn        0x08009d30        0x0
 .rel.iplt      0x08009d30        0x0 d:/software/jetbrains/gcc-arm-none-eabi/bin/../lib/gcc/arm-none-eabi/10.3.1/thumb/v7-m/nofp/crtbegin.o

.preinit_array  0x08009d30        0x0
                0x08009d30                . = ALIGN (0x4)
                0x08009d30                PROVIDE (__preinit_array_start = .)
 *(.preinit_array*)
                0x08009d30                PROVIDE (__preinit_array_end = .)
                0x08009d30                . = ALIGN (0x4)

.init_array     0x08009d30        0x8
                0x08009d30                . = ALIGN (0x4)
                0x08009d30                PROVIDE (__init_array_start = .)
 *(SORT_BY_NAME(.init_array.*))
 .init_array.00000
                0x08009d30        0x4 d:/software/jetbrains/gcc-arm-none-eabi/bin/../lib/gcc/arm-none-eabi/10.3.1/../../../../arm-none-eabi/lib/thumb/v7-m/nofp\libg.a(lib_a-__call_atexit.o)
 *(.init_array*)
 .init_array    0x08009d34        0x4 d:/software/jetbrains/gcc-arm-none-eabi/bin/../lib/gcc/arm-none-eabi/10.3.1/thumb/v7-m/nofp/crtbegin.o
                0x08009d38                PROVIDE (__init_array_end = .)
                0x08009d38                . = ALIGN (0x4)

.fini_array     0x08009d38        0x4
                0x08009d38                . = ALIGN (0x4)
                0x08009d38                PROVIDE (__fini_array_start = .)
 *(SORT_BY_NAME(.fini_array.*))
 *(.fini_array*)
 .fini_array    0x08009d38        0x4 d:/software/jetbrains/gcc-arm-none-eabi/bin/../lib/gcc/arm-none-eabi/10.3.1/thumb/v7-m/nofp/crtbegin.o
                0x08009d3c                PROVIDE (__fini_array_end = .)
                0x08009d3c                . = ALIGN (0x4)
                0x08009d3c                _sidata = LOADADDR (.data)

.data           0x20000000      0x9c0 load address 0x08009d3c
                0x20000000                . = ALIGN (0x4)
                0x20000000                _sdata = .
 *(.data)
 *(.data*)
 .data.task     0x20000000        0x6 CMakeFiles/StudyCode2.elf.dir/Core/Src/main.c.obj
                0x20000000                task
 *fill*         0x20000006        0x2 
 .data.SystemCoreClock
                0x20000008        0x4 CMakeFiles/StudyCode2.elf.dir/Core/Src/system_stm32f1xx.c.obj
                0x20000008                SystemCoreClock
 .data.uwTickFreq
                0x2000000c        0x1 CMakeFiles/StudyCode2.elf.dir/Drivers/STM32F1xx_HAL_Driver/Src/stm32f1xx_hal.c.obj
                0x2000000c                uwTickFreq
 *fill*         0x2000000d        0x3 
 .data.uwTickPrio
                0x20000010        0x4 CMakeFiles/StudyCode2.elf.dir/Drivers/STM32F1xx_HAL_Driver/Src/stm32f1xx_hal.c.obj
                0x20000010                uwTickPrio
 .data._impure_ptr
                0x20000014        0x4 d:/software/jetbrains/gcc-arm-none-eabi/bin/../lib/gcc/arm-none-eabi/10.3.1/../../../../arm-none-eabi/lib/thumb/v7-m/nofp\libg.a(lib_a-impure.o)
                0x20000014                _impure_ptr
 .data.impure_data
                0x20000018      0x428 d:/software/jetbrains/gcc-arm-none-eabi/bin/../lib/gcc/arm-none-eabi/10.3.1/../../../../arm-none-eabi/lib/thumb/v7-m/nofp\libg.a(lib_a-impure.o)
 .data.__atexit_recursive_mutex
                0x20000440        0x4 d:/software/jetbrains/gcc-arm-none-eabi/bin/../lib/gcc/arm-none-eabi/10.3.1/../../../../arm-none-eabi/lib/thumb/v7-m/nofp\libg.a(lib_a-__call_atexit.o)
                0x20000440                __atexit_recursive_mutex
 .data.__malloc_av_
                0x20000444      0x408 d:/software/jetbrains/gcc-arm-none-eabi/bin/../lib/gcc/arm-none-eabi/10.3.1/../../../../arm-none-eabi/lib/thumb/v7-m/nofp\libg.a(lib_a-mallocr.o)
                0x20000444                __malloc_av_
 .data.__malloc_sbrk_base
                0x2000084c        0x4 d:/software/jetbrains/gcc-arm-none-eabi/bin/../lib/gcc/arm-none-eabi/10.3.1/../../../../arm-none-eabi/lib/thumb/v7-m/nofp\libg.a(lib_a-mallocr.o)
                0x2000084c                __malloc_sbrk_base
 .data.__malloc_trim_threshold
                0x20000850        0x4 d:/software/jetbrains/gcc-arm-none-eabi/bin/../lib/gcc/arm-none-eabi/10.3.1/../../../../arm-none-eabi/lib/thumb/v7-m/nofp\libg.a(lib_a-mallocr.o)
                0x20000850                __malloc_trim_threshold
 .data.__global_locale
                0x20000854      0x16c d:/software/jetbrains/gcc-arm-none-eabi/bin/../lib/gcc/arm-none-eabi/10.3.1/../../../../arm-none-eabi/lib/thumb/v7-m/nofp\libg.a(lib_a-locale.o)
                0x20000854                __global_locale
 *(.RamFunc)
 *(.RamFunc*)
                0x200009c0                . = ALIGN (0x4)
                0x200009c0                _edata = .

.igot.plt       0x200009c0        0x0 load address 0x0800a6fc
 .igot.plt      0x200009c0        0x0 d:/software/jetbrains/gcc-arm-none-eabi/bin/../lib/gcc/arm-none-eabi/10.3.1/thumb/v7-m/nofp/crtbegin.o
                0x200009c0                . = ALIGN (0x4)

.bss            0x200009c0      0x564 load address 0x0800a6fc
                0x200009c0                _sbss = .
                0x200009c0                __bss_start__ = _sbss
 *(.bss)
 .bss           0x200009c0       0x1c d:/software/jetbrains/gcc-arm-none-eabi/bin/../lib/gcc/arm-none-eabi/10.3.1/thumb/v7-m/nofp/crtbegin.o
 *(.bss*)
 .bss.OLED_GRAM
                0x200009dc      0x400 CMakeFiles/StudyCode2.elf.dir/Core/Src/OLED.c.obj
 .bss.cmd_data.2
                0x20000ddc        0x2 CMakeFiles/StudyCode2.elf.dir/Core/Src/OLED.c.obj
 *fill*         0x20000dde        0x2 
 .bss.hi2c1     0x20000de0       0x54 CMakeFiles/StudyCode2.elf.dir/Core/Src/i2c.c.obj
                0x20000de0                hi2c1
 .bss.distance  0x20000e34        0x2 CMakeFiles/StudyCode2.elf.dir/Core/Src/main.c.obj
                0x20000e34                distance
 *fill*         0x20000e36        0x2 
 .bss.num       0x20000e38        0x7 CMakeFiles/StudyCode2.elf.dir/Core/Src/main.c.obj
                0x20000e38                num
 *fill*         0x20000e3f        0x1 
 .bss.time      0x20000e40        0x4 CMakeFiles/StudyCode2.elf.dir/Core/Src/main.c.obj
 .bss.__sbrk_heap_end
                0x20000e44        0x4 CMakeFiles/StudyCode2.elf.dir/Core/Src/sysmem.c.obj
 .bss.htim1     0x20000e48       0x48 CMakeFiles/StudyCode2.elf.dir/Core/Src/tim.c.obj
                0x20000e48                htim1
 .bss.htim2     0x20000e90       0x48 CMakeFiles/StudyCode2.elf.dir/Core/Src/tim.c.obj
                0x20000e90                htim2
 .bss.uwTick    0x20000ed8        0x4 CMakeFiles/StudyCode2.elf.dir/Drivers/STM32F1xx_HAL_Driver/Src/stm32f1xx_hal.c.obj
                0x20000ed8                uwTick
 .bss.__lock___atexit_recursive_mutex
                0x20000edc        0x1 d:/software/jetbrains/gcc-arm-none-eabi/bin/../lib/gcc/arm-none-eabi/10.3.1/../../../../arm-none-eabi/lib/thumb/v7-m/nofp\libg.a(lib_a-lock.o)
                0x20000edc                __lock___atexit_recursive_mutex
 *fill*         0x20000edd        0x3 
 .bss.__lock___malloc_recursive_mutex
                0x20000ee0        0x1 d:/software/jetbrains/gcc-arm-none-eabi/bin/../lib/gcc/arm-none-eabi/10.3.1/../../../../arm-none-eabi/lib/thumb/v7-m/nofp\libg.a(lib_a-lock.o)
                0x20000ee0                __lock___malloc_recursive_mutex
 *fill*         0x20000ee1        0x3 
 .bss.__lock___sfp_recursive_mutex
                0x20000ee4        0x1 d:/software/jetbrains/gcc-arm-none-eabi/bin/../lib/gcc/arm-none-eabi/10.3.1/../../../../arm-none-eabi/lib/thumb/v7-m/nofp\libg.a(lib_a-lock.o)
                0x20000ee4                __lock___sfp_recursive_mutex
 *fill*         0x20000ee5        0x3 
 .bss.__lock___sinit_recursive_mutex
                0x20000ee8        0x1 d:/software/jetbrains/gcc-arm-none-eabi/bin/../lib/gcc/arm-none-eabi/10.3.1/../../../../arm-none-eabi/lib/thumb/v7-m/nofp\libg.a(lib_a-lock.o)
                0x20000ee8                __lock___sinit_recursive_mutex
 *fill*         0x20000ee9        0x3 
 .bss.__malloc_current_mallinfo
                0x20000eec       0x28 d:/software/jetbrains/gcc-arm-none-eabi/bin/../lib/gcc/arm-none-eabi/10.3.1/../../../../arm-none-eabi/lib/thumb/v7-m/nofp\libg.a(lib_a-mallocr.o)
                0x20000eec                __malloc_current_mallinfo
 .bss.__malloc_max_sbrked_mem
                0x20000f14        0x4 d:/software/jetbrains/gcc-arm-none-eabi/bin/../lib/gcc/arm-none-eabi/10.3.1/../../../../arm-none-eabi/lib/thumb/v7-m/nofp\libg.a(lib_a-mallocr.o)
                0x20000f14                __malloc_max_sbrked_mem
 .bss.__malloc_max_total_mem
                0x20000f18        0x4 d:/software/jetbrains/gcc-arm-none-eabi/bin/../lib/gcc/arm-none-eabi/10.3.1/../../../../arm-none-eabi/lib/thumb/v7-m/nofp\libg.a(lib_a-mallocr.o)
                0x20000f18                __malloc_max_total_mem
 .bss.__malloc_top_pad
                0x20000f1c        0x4 d:/software/jetbrains/gcc-arm-none-eabi/bin/../lib/gcc/arm-none-eabi/10.3.1/../../../../arm-none-eabi/lib/thumb/v7-m/nofp\libg.a(lib_a-mallocr.o)
                0x20000f1c                __malloc_top_pad
 .bss.errno     0x20000f20        0x4 d:/software/jetbrains/gcc-arm-none-eabi/bin/../lib/gcc/arm-none-eabi/10.3.1/../../../../arm-none-eabi/lib/thumb/v7-m/nofp\libg.a(lib_a-reent.o)
                0x20000f20                errno
 *(COMMON)
                0x20000f24                . = ALIGN (0x4)
                0x20000f24                _ebss = .
                0x20000f24                __bss_end__ = _ebss

._user_heap_stack
                0x20000f24      0x604 load address 0x0800a6fc
                0x20000f28                . = ALIGN (0x8)
 *fill*         0x20000f24        0x4 
                [!provide]                PROVIDE (end = .)
                0x20000f28                PROVIDE (_end = .)
                0x20001128                . = (. + _Min_Heap_Size)
 *fill*         0x20000f28      0x200 
                0x20001528                . = (. + _Min_Stack_Size)
 *fill*         0x20001128      0x400 
                0x20001528                . = ALIGN (0x8)

/DISCARD/
 libc.a(*)
 libm.a(*)
 libgcc.a(*)

.ARM.attributes
                0x00000000       0x29
 *(.ARM.attributes)
 .ARM.attributes
                0x00000000       0x1d d:/software/jetbrains/gcc-arm-none-eabi/bin/../lib/gcc/arm-none-eabi/10.3.1/thumb/v7-m/nofp/crti.o
 .ARM.attributes
                0x0000001d       0x2d d:/software/jetbrains/gcc-arm-none-eabi/bin/../lib/gcc/arm-none-eabi/10.3.1/thumb/v7-m/nofp/crtbegin.o
 .ARM.attributes
                0x0000004a       0x2d CMakeFiles/StudyCode2.elf.dir/Core/Src/OLED.c.obj
 .ARM.attributes
                0x00000077       0x2d CMakeFiles/StudyCode2.elf.dir/Core/Src/gpio.c.obj
 .ARM.attributes
                0x000000a4       0x2d CMakeFiles/StudyCode2.elf.dir/Core/Src/i2c.c.obj
 .ARM.attributes
                0x000000d1       0x2d CMakeFiles/StudyCode2.elf.dir/Core/Src/main.c.obj
 .ARM.attributes
                0x000000fe       0x2d CMakeFiles/StudyCode2.elf.dir/Core/Src/stm32f1xx_hal_msp.c.obj
 .ARM.attributes
                0x0000012b       0x2d CMakeFiles/StudyCode2.elf.dir/Core/Src/stm32f1xx_it.c.obj
 .ARM.attributes
                0x00000158       0x2d CMakeFiles/StudyCode2.elf.dir/Core/Src/syscalls.c.obj
 .ARM.attributes
                0x00000185       0x2d CMakeFiles/StudyCode2.elf.dir/Core/Src/sysmem.c.obj
 .ARM.attributes
                0x000001b2       0x2d CMakeFiles/StudyCode2.elf.dir/Core/Src/system_stm32f1xx.c.obj
 .ARM.attributes
                0x000001df       0x2d CMakeFiles/StudyCode2.elf.dir/Core/Src/tim.c.obj
 .ARM.attributes
                0x0000020c       0x21 CMakeFiles/StudyCode2.elf.dir/Core/Startup/startup_stm32f103c8tx.s.obj
 .ARM.attributes
                0x0000022d       0x2d CMakeFiles/StudyCode2.elf.dir/Drivers/STM32F1xx_HAL_Driver/Src/stm32f1xx_hal.c.obj
 .ARM.attributes
                0x0000025a       0x2d CMakeFiles/StudyCode2.elf.dir/Drivers/STM32F1xx_HAL_Driver/Src/stm32f1xx_hal_cortex.c.obj
 .ARM.attributes
                0x00000287       0x2d CMakeFiles/StudyCode2.elf.dir/Drivers/STM32F1xx_HAL_Driver/Src/stm32f1xx_hal_gpio.c.obj
 .ARM.attributes
                0x000002b4       0x2d CMakeFiles/StudyCode2.elf.dir/Drivers/STM32F1xx_HAL_Driver/Src/stm32f1xx_hal_i2c.c.obj
 .ARM.attributes
                0x000002e1       0x2d CMakeFiles/StudyCode2.elf.dir/Drivers/STM32F1xx_HAL_Driver/Src/stm32f1xx_hal_rcc.c.obj
 .ARM.attributes
                0x0000030e       0x2d CMakeFiles/StudyCode2.elf.dir/Drivers/STM32F1xx_HAL_Driver/Src/stm32f1xx_hal_tim.c.obj
 .ARM.attributes
                0x0000033b       0x2d CMakeFiles/StudyCode2.elf.dir/Drivers/STM32F1xx_HAL_Driver/Src/stm32f1xx_hal_tim_ex.c.obj
 .ARM.attributes
                0x00000368       0x1d d:/software/jetbrains/gcc-arm-none-eabi/bin/../lib/gcc/arm-none-eabi/10.3.1/thumb/v7-m/nofp\libgcc.a(_arm_addsubdf3.o)
 .ARM.attributes
                0x00000385       0x1d d:/software/jetbrains/gcc-arm-none-eabi/bin/../lib/gcc/arm-none-eabi/10.3.1/thumb/v7-m/nofp\libgcc.a(_arm_fixunsdfsi.o)
 .ARM.attributes
                0x000003a2       0x2d d:/software/jetbrains/gcc-arm-none-eabi/bin/../lib/gcc/arm-none-eabi/10.3.1/../../../../arm-none-eabi/lib/thumb/v7-m/nofp\libg.a(lib_a-errno.o)
 .ARM.attributes
                0x000003cf       0x2d d:/software/jetbrains/gcc-arm-none-eabi/bin/../lib/gcc/arm-none-eabi/10.3.1/../../../../arm-none-eabi/lib/thumb/v7-m/nofp\libg.a(lib_a-impure.o)
 .ARM.attributes
                0x000003fc       0x2d d:/software/jetbrains/gcc-arm-none-eabi/bin/../lib/gcc/arm-none-eabi/10.3.1/../../../../arm-none-eabi/lib/thumb/v7-m/nofp\libg.a(lib_a-init.o)
 .ARM.attributes
                0x00000429       0x2d d:/software/jetbrains/gcc-arm-none-eabi/bin/../lib/gcc/arm-none-eabi/10.3.1/../../../../arm-none-eabi/lib/thumb/v7-m/nofp\libg.a(lib_a-memset.o)
 .ARM.attributes
                0x00000456       0x2d d:/software/jetbrains/gcc-arm-none-eabi/bin/../lib/gcc/arm-none-eabi/10.3.1/../../../../arm-none-eabi/lib/thumb/v7-m/nofp\libg.a(lib_a-sprintf.o)
 .ARM.attributes
                0x00000483       0x2d d:/software/jetbrains/gcc-arm-none-eabi/bin/../lib/gcc/arm-none-eabi/10.3.1/../../../../arm-none-eabi/lib/thumb/v7-m/nofp\libg.a(lib_a-svfprintf.o)
 .ARM.attributes
                0x000004b0       0x2d d:/software/jetbrains/gcc-arm-none-eabi/bin/../lib/gcc/arm-none-eabi/10.3.1/../../../../arm-none-eabi/lib/thumb/v7-m/nofp\libg.a(lib_a-__call_atexit.o)
 .ARM.attributes
                0x000004dd       0x2d d:/software/jetbrains/gcc-arm-none-eabi/bin/../lib/gcc/arm-none-eabi/10.3.1/../../../../arm-none-eabi/lib/thumb/v7-m/nofp\libg.a(lib_a-atexit.o)
 .ARM.attributes
                0x0000050a       0x2d d:/software/jetbrains/gcc-arm-none-eabi/bin/../lib/gcc/arm-none-eabi/10.3.1/../../../../arm-none-eabi/lib/thumb/v7-m/nofp\libg.a(lib_a-dtoa.o)
 .ARM.attributes
                0x00000537       0x2d d:/software/jetbrains/gcc-arm-none-eabi/bin/../lib/gcc/arm-none-eabi/10.3.1/../../../../arm-none-eabi/lib/thumb/v7-m/nofp\libg.a(lib_a-fini.o)
 .ARM.attributes
                0x00000564       0x2d d:/software/jetbrains/gcc-arm-none-eabi/bin/../lib/gcc/arm-none-eabi/10.3.1/../../../../arm-none-eabi/lib/thumb/v7-m/nofp\libg.a(lib_a-freer.o)
 .ARM.attributes
                0x00000591       0x2d d:/software/jetbrains/gcc-arm-none-eabi/bin/../lib/gcc/arm-none-eabi/10.3.1/../../../../arm-none-eabi/lib/thumb/v7-m/nofp\libg.a(lib_a-localeconv.o)
 .ARM.attributes
                0x000005be       0x2d d:/software/jetbrains/gcc-arm-none-eabi/bin/../lib/gcc/arm-none-eabi/10.3.1/../../../../arm-none-eabi/lib/thumb/v7-m/nofp\libg.a(lib_a-lock.o)
 .ARM.attributes
                0x000005eb       0x2d d:/software/jetbrains/gcc-arm-none-eabi/bin/../lib/gcc/arm-none-eabi/10.3.1/../../../../arm-none-eabi/lib/thumb/v7-m/nofp\libg.a(lib_a-mallocr.o)
 .ARM.attributes
                0x00000618       0x2d d:/software/jetbrains/gcc-arm-none-eabi/bin/../lib/gcc/arm-none-eabi/10.3.1/../../../../arm-none-eabi/lib/thumb/v7-m/nofp\libg.a(lib_a-memchr-stub.o)
 .ARM.attributes
                0x00000645       0x1b d:/software/jetbrains/gcc-arm-none-eabi/bin/../lib/gcc/arm-none-eabi/10.3.1/../../../../arm-none-eabi/lib/thumb/v7-m/nofp\libg.a(lib_a-memcpy.o)
 .ARM.attributes
                0x00000660       0x2d d:/software/jetbrains/gcc-arm-none-eabi/bin/../lib/gcc/arm-none-eabi/10.3.1/../../../../arm-none-eabi/lib/thumb/v7-m/nofp\libg.a(lib_a-mlock.o)
 .ARM.attributes
                0x0000068d       0x2d d:/software/jetbrains/gcc-arm-none-eabi/bin/../lib/gcc/arm-none-eabi/10.3.1/../../../../arm-none-eabi/lib/thumb/v7-m/nofp\libg.a(lib_a-mprec.o)
 .ARM.attributes
                0x000006ba       0x2d d:/software/jetbrains/gcc-arm-none-eabi/bin/../lib/gcc/arm-none-eabi/10.3.1/../../../../arm-none-eabi/lib/thumb/v7-m/nofp\libg.a(lib_a-s_frexp.o)
 .ARM.attributes
                0x000006e7       0x2d d:/software/jetbrains/gcc-arm-none-eabi/bin/../lib/gcc/arm-none-eabi/10.3.1/../../../../arm-none-eabi/lib/thumb/v7-m/nofp\libg.a(lib_a-sbrkr.o)
 .ARM.attributes
                0x00000714       0x2d d:/software/jetbrains/gcc-arm-none-eabi/bin/../lib/gcc/arm-none-eabi/10.3.1/../../../../arm-none-eabi/lib/thumb/v7-m/nofp\libg.a(lib_a-strlen-stub.o)
 .ARM.attributes
                0x00000741       0x2d d:/software/jetbrains/gcc-arm-none-eabi/bin/../lib/gcc/arm-none-eabi/10.3.1/../../../../arm-none-eabi/lib/thumb/v7-m/nofp\libg.a(lib_a-strncpy.o)
 .ARM.attributes
                0x0000076e       0x2d d:/software/jetbrains/gcc-arm-none-eabi/bin/../lib/gcc/arm-none-eabi/10.3.1/../../../../arm-none-eabi/lib/thumb/v7-m/nofp\libg.a(lib_a-svfiprintf.o)
 .ARM.attributes
                0x0000079b       0x2d d:/software/jetbrains/gcc-arm-none-eabi/bin/../lib/gcc/arm-none-eabi/10.3.1/../../../../arm-none-eabi/lib/thumb/v7-m/nofp\libg.a(lib_a-__atexit.o)
 .ARM.attributes
                0x000007c8       0x2d d:/software/jetbrains/gcc-arm-none-eabi/bin/../lib/gcc/arm-none-eabi/10.3.1/../../../../arm-none-eabi/lib/thumb/v7-m/nofp\libg.a(lib_a-assert.o)
 .ARM.attributes
                0x000007f5       0x2d d:/software/jetbrains/gcc-arm-none-eabi/bin/../lib/gcc/arm-none-eabi/10.3.1/../../../../arm-none-eabi/lib/thumb/v7-m/nofp\libg.a(lib_a-callocr.o)
 .ARM.attributes
                0x00000822       0x2d d:/software/jetbrains/gcc-arm-none-eabi/bin/../lib/gcc/arm-none-eabi/10.3.1/../../../../arm-none-eabi/lib/thumb/v7-m/nofp\libg.a(lib_a-fiprintf.o)
 .ARM.attributes
                0x0000084f       0x2d d:/software/jetbrains/gcc-arm-none-eabi/bin/../lib/gcc/arm-none-eabi/10.3.1/../../../../arm-none-eabi/lib/thumb/v7-m/nofp\libg.a(lib_a-locale.o)
 .ARM.attributes
                0x0000087c       0x2d d:/software/jetbrains/gcc-arm-none-eabi/bin/../lib/gcc/arm-none-eabi/10.3.1/../../../../arm-none-eabi/lib/thumb/v7-m/nofp\libg.a(lib_a-mbtowc_r.o)
 .ARM.attributes
                0x000008a9       0x2d d:/software/jetbrains/gcc-arm-none-eabi/bin/../lib/gcc/arm-none-eabi/10.3.1/../../../../arm-none-eabi/lib/thumb/v7-m/nofp\libg.a(lib_a-memmove.o)
 .ARM.attributes
                0x000008d6       0x2d d:/software/jetbrains/gcc-arm-none-eabi/bin/../lib/gcc/arm-none-eabi/10.3.1/../../../../arm-none-eabi/lib/thumb/v7-m/nofp\libg.a(lib_a-reallocr.o)
 .ARM.attributes
                0x00000903       0x2d d:/software/jetbrains/gcc-arm-none-eabi/bin/../lib/gcc/arm-none-eabi/10.3.1/../../../../arm-none-eabi/lib/thumb/v7-m/nofp\libg.a(lib_a-reent.o)
 .ARM.attributes
                0x00000930       0x2d d:/software/jetbrains/gcc-arm-none-eabi/bin/../lib/gcc/arm-none-eabi/10.3.1/../../../../arm-none-eabi/lib/thumb/v7-m/nofp\libg.a(lib_a-vfiprintf.o)
 .ARM.attributes
                0x0000095d       0x2d d:/software/jetbrains/gcc-arm-none-eabi/bin/../lib/gcc/arm-none-eabi/10.3.1/../../../../arm-none-eabi/lib/thumb/v7-m/nofp\libg.a(lib_a-wctomb_r.o)
 .ARM.attributes
                0x0000098a       0x2d d:/software/jetbrains/gcc-arm-none-eabi/bin/../lib/gcc/arm-none-eabi/10.3.1/../../../../arm-none-eabi/lib/thumb/v7-m/nofp\libg.a(lib_a-wsetup.o)
 .ARM.attributes
                0x000009b7       0x2d d:/software/jetbrains/gcc-arm-none-eabi/bin/../lib/gcc/arm-none-eabi/10.3.1/../../../../arm-none-eabi/lib/thumb/v7-m/nofp\libg.a(lib_a-abort.o)
 .ARM.attributes
                0x000009e4       0x2d d:/software/jetbrains/gcc-arm-none-eabi/bin/../lib/gcc/arm-none-eabi/10.3.1/../../../../arm-none-eabi/lib/thumb/v7-m/nofp\libg.a(lib_a-ctype_.o)
 .ARM.attributes
                0x00000a11       0x2d d:/software/jetbrains/gcc-arm-none-eabi/bin/../lib/gcc/arm-none-eabi/10.3.1/../../../../arm-none-eabi/lib/thumb/v7-m/nofp\libg.a(lib_a-fflush.o)
 .ARM.attributes
                0x00000a3e       0x2d d:/software/jetbrains/gcc-arm-none-eabi/bin/../lib/gcc/arm-none-eabi/10.3.1/../../../../arm-none-eabi/lib/thumb/v7-m/nofp\libg.a(lib_a-findfp.o)
 .ARM.attributes
                0x00000a6b       0x2d d:/software/jetbrains/gcc-arm-none-eabi/bin/../lib/gcc/arm-none-eabi/10.3.1/../../../../arm-none-eabi/lib/thumb/v7-m/nofp\libg.a(lib_a-fputwc.o)
 .ARM.attributes
                0x00000a98       0x2d d:/software/jetbrains/gcc-arm-none-eabi/bin/../lib/gcc/arm-none-eabi/10.3.1/../../../../arm-none-eabi/lib/thumb/v7-m/nofp\libg.a(lib_a-fvwrite.o)
 .ARM.attributes
                0x00000ac5       0x2d d:/software/jetbrains/gcc-arm-none-eabi/bin/../lib/gcc/arm-none-eabi/10.3.1/../../../../arm-none-eabi/lib/thumb/v7-m/nofp\libg.a(lib_a-fwalk.o)
 .ARM.attributes
                0x00000af2       0x2d d:/software/jetbrains/gcc-arm-none-eabi/bin/../lib/gcc/arm-none-eabi/10.3.1/../../../../arm-none-eabi/lib/thumb/v7-m/nofp\libg.a(lib_a-makebuf.o)
 .ARM.attributes
                0x00000b1f       0x2d d:/software/jetbrains/gcc-arm-none-eabi/bin/../lib/gcc/arm-none-eabi/10.3.1/../../../../arm-none-eabi/lib/thumb/v7-m/nofp\libg.a(lib_a-signal.o)
 .ARM.attributes
                0x00000b4c       0x2d d:/software/jetbrains/gcc-arm-none-eabi/bin/../lib/gcc/arm-none-eabi/10.3.1/../../../../arm-none-eabi/lib/thumb/v7-m/nofp\libg.a(lib_a-signalr.o)
 .ARM.attributes
                0x00000b79       0x2d d:/software/jetbrains/gcc-arm-none-eabi/bin/../lib/gcc/arm-none-eabi/10.3.1/../../../../arm-none-eabi/lib/thumb/v7-m/nofp\libg.a(lib_a-stdio.o)
 .ARM.attributes
                0x00000ba6       0x2d d:/software/jetbrains/gcc-arm-none-eabi/bin/../lib/gcc/arm-none-eabi/10.3.1/../../../../arm-none-eabi/lib/thumb/v7-m/nofp\libg.a(lib_a-wbuf.o)
 .ARM.attributes
                0x00000bd3       0x2d d:/software/jetbrains/gcc-arm-none-eabi/bin/../lib/gcc/arm-none-eabi/10.3.1/../../../../arm-none-eabi/lib/thumb/v7-m/nofp\libg.a(lib_a-wcrtomb.o)
 .ARM.attributes
                0x00000c00       0x2d d:/software/jetbrains/gcc-arm-none-eabi/bin/../lib/gcc/arm-none-eabi/10.3.1/../../../../arm-none-eabi/lib/thumb/v7-m/nofp\libg.a(lib_a-writer.o)
 .ARM.attributes
                0x00000c2d       0x2d d:/software/jetbrains/gcc-arm-none-eabi/bin/../lib/gcc/arm-none-eabi/10.3.1/../../../../arm-none-eabi/lib/thumb/v7-m/nofp\libg.a(lib_a-closer.o)
 .ARM.attributes
                0x00000c5a       0x2d d:/software/jetbrains/gcc-arm-none-eabi/bin/../lib/gcc/arm-none-eabi/10.3.1/../../../../arm-none-eabi/lib/thumb/v7-m/nofp\libg.a(lib_a-fclose.o)
 .ARM.attributes
                0x00000c87       0x2d d:/software/jetbrains/gcc-arm-none-eabi/bin/../lib/gcc/arm-none-eabi/10.3.1/../../../../arm-none-eabi/lib/thumb/v7-m/nofp\libg.a(lib_a-fstatr.o)
 .ARM.attributes
                0x00000cb4       0x2d d:/software/jetbrains/gcc-arm-none-eabi/bin/../lib/gcc/arm-none-eabi/10.3.1/../../../../arm-none-eabi/lib/thumb/v7-m/nofp\libg.a(lib_a-isattyr.o)
 .ARM.attributes
                0x00000ce1       0x2d d:/software/jetbrains/gcc-arm-none-eabi/bin/../lib/gcc/arm-none-eabi/10.3.1/../../../../arm-none-eabi/lib/thumb/v7-m/nofp\libg.a(lib_a-lseekr.o)
 .ARM.attributes
                0x00000d0e       0x2d d:/software/jetbrains/gcc-arm-none-eabi/bin/../lib/gcc/arm-none-eabi/10.3.1/../../../../arm-none-eabi/lib/thumb/v7-m/nofp\libg.a(lib_a-readr.o)
 .ARM.attributes
                0x00000d3b       0x1d d:/software/jetbrains/gcc-arm-none-eabi/bin/../lib/gcc/arm-none-eabi/10.3.1/thumb/v7-m/nofp\libgcc.a(_arm_muldivdf3.o)
 .ARM.attributes
                0x00000d58       0x1d d:/software/jetbrains/gcc-arm-none-eabi/bin/../lib/gcc/arm-none-eabi/10.3.1/thumb/v7-m/nofp\libgcc.a(_arm_cmpdf2.o)
 .ARM.attributes
                0x00000d75       0x1d d:/software/jetbrains/gcc-arm-none-eabi/bin/../lib/gcc/arm-none-eabi/10.3.1/thumb/v7-m/nofp\libgcc.a(_arm_unorddf2.o)
 .ARM.attributes
                0x00000d92       0x1d d:/software/jetbrains/gcc-arm-none-eabi/bin/../lib/gcc/arm-none-eabi/10.3.1/thumb/v7-m/nofp\libgcc.a(_arm_fixdfsi.o)
 .ARM.attributes
                0x00000daf       0x1d d:/software/jetbrains/gcc-arm-none-eabi/bin/../lib/gcc/arm-none-eabi/10.3.1/thumb/v7-m/nofp\libgcc.a(_aeabi_uldivmod.o)
 .ARM.attributes
                0x00000dcc       0x2d d:/software/jetbrains/gcc-arm-none-eabi/bin/../lib/gcc/arm-none-eabi/10.3.1/thumb/v7-m/nofp\libgcc.a(_udivmoddi4.o)
 .ARM.attributes
                0x00000df9       0x1d d:/software/jetbrains/gcc-arm-none-eabi/bin/../lib/gcc/arm-none-eabi/10.3.1/thumb/v7-m/nofp\libgcc.a(_dvmd_tls.o)
 .ARM.attributes
                0x00000e16       0x1d d:/software/jetbrains/gcc-arm-none-eabi/bin/../lib/gcc/arm-none-eabi/10.3.1/thumb/v7-m/nofp/crtn.o
OUTPUT(StudyCode2.elf elf32-littlearm)
LOAD linker stubs
LOAD d:/software/jetbrains/gcc-arm-none-eabi/bin/../lib/gcc/arm-none-eabi/10.3.1/../../../../arm-none-eabi/lib/thumb/v7-m/nofp\libc.a
LOAD d:/software/jetbrains/gcc-arm-none-eabi/bin/../lib/gcc/arm-none-eabi/10.3.1/../../../../arm-none-eabi/lib/thumb/v7-m/nofp\libm.a
LOAD d:/software/jetbrains/gcc-arm-none-eabi/bin/../lib/gcc/arm-none-eabi/10.3.1/thumb/v7-m/nofp\libgcc.a

.debug_info     0x00000000    0x10859
 .debug_info    0x00000000     0x11cf CMakeFiles/StudyCode2.elf.dir/Core/Src/OLED.c.obj
 .debug_info    0x000011cf      0x59f CMakeFiles/StudyCode2.elf.dir/Core/Src/gpio.c.obj
 .debug_info    0x0000176e      0x8a4 CMakeFiles/StudyCode2.elf.dir/Core/Src/i2c.c.obj
 .debug_info    0x00002012      0xd68 CMakeFiles/StudyCode2.elf.dir/Core/Src/main.c.obj
 .debug_info    0x00002d7a      0x211 CMakeFiles/StudyCode2.elf.dir/Core/Src/stm32f1xx_hal_msp.c.obj
 .debug_info    0x00002f8b      0x71a CMakeFiles/StudyCode2.elf.dir/Core/Src/stm32f1xx_it.c.obj
 .debug_info    0x000036a5      0x7af CMakeFiles/StudyCode2.elf.dir/Core/Src/syscalls.c.obj
 .debug_info    0x00003e54      0x174 CMakeFiles/StudyCode2.elf.dir/Core/Src/sysmem.c.obj
 .debug_info    0x00003fc8      0x248 CMakeFiles/StudyCode2.elf.dir/Core/Src/system_stm32f1xx.c.obj
 .debug_info    0x00004210      0xd88 CMakeFiles/StudyCode2.elf.dir/Core/Src/tim.c.obj
 .debug_info    0x00004f98       0x22 CMakeFiles/StudyCode2.elf.dir/Core/Startup/startup_stm32f103c8tx.s.obj
 .debug_info    0x00004fba      0x7a8 CMakeFiles/StudyCode2.elf.dir/Drivers/STM32F1xx_HAL_Driver/Src/stm32f1xx_hal.c.obj
 .debug_info    0x00005762      0xd8a CMakeFiles/StudyCode2.elf.dir/Drivers/STM32F1xx_HAL_Driver/Src/stm32f1xx_hal_cortex.c.obj
 .debug_info    0x000064ec      0x66f CMakeFiles/StudyCode2.elf.dir/Drivers/STM32F1xx_HAL_Driver/Src/stm32f1xx_hal_gpio.c.obj
 .debug_info    0x00006b5b     0x3ab6 CMakeFiles/StudyCode2.elf.dir/Drivers/STM32F1xx_HAL_Driver/Src/stm32f1xx_hal_i2c.c.obj
 .debug_info    0x0000a611      0xa3b CMakeFiles/StudyCode2.elf.dir/Drivers/STM32F1xx_HAL_Driver/Src/stm32f1xx_hal_rcc.c.obj
 .debug_info    0x0000b04c     0x3d52 CMakeFiles/StudyCode2.elf.dir/Drivers/STM32F1xx_HAL_Driver/Src/stm32f1xx_hal_tim.c.obj
 .debug_info    0x0000ed9e     0x1abb CMakeFiles/StudyCode2.elf.dir/Drivers/STM32F1xx_HAL_Driver/Src/stm32f1xx_hal_tim_ex.c.obj

.debug_abbrev   0x00000000     0x2146
 .debug_abbrev  0x00000000      0x2b4 CMakeFiles/StudyCode2.elf.dir/Core/Src/OLED.c.obj
 .debug_abbrev  0x000002b4      0x163 CMakeFiles/StudyCode2.elf.dir/Core/Src/gpio.c.obj
 .debug_abbrev  0x00000417      0x1c1 CMakeFiles/StudyCode2.elf.dir/Core/Src/i2c.c.obj
 .debug_abbrev  0x000005d8      0x292 CMakeFiles/StudyCode2.elf.dir/Core/Src/main.c.obj
 .debug_abbrev  0x0000086a       0xe5 CMakeFiles/StudyCode2.elf.dir/Core/Src/stm32f1xx_hal_msp.c.obj
 .debug_abbrev  0x0000094f      0x179 CMakeFiles/StudyCode2.elf.dir/Core/Src/stm32f1xx_it.c.obj
 .debug_abbrev  0x00000ac8      0x1a3 CMakeFiles/StudyCode2.elf.dir/Core/Src/syscalls.c.obj
 .debug_abbrev  0x00000c6b       0xe7 CMakeFiles/StudyCode2.elf.dir/Core/Src/sysmem.c.obj
 .debug_abbrev  0x00000d52      0x13e CMakeFiles/StudyCode2.elf.dir/Core/Src/system_stm32f1xx.c.obj
 .debug_abbrev  0x00000e90      0x1ef CMakeFiles/StudyCode2.elf.dir/Core/Src/tim.c.obj
 .debug_abbrev  0x0000107f       0x12 CMakeFiles/StudyCode2.elf.dir/Core/Startup/startup_stm32f103c8tx.s.obj
 .debug_abbrev  0x00001091      0x1f4 CMakeFiles/StudyCode2.elf.dir/Drivers/STM32F1xx_HAL_Driver/Src/stm32f1xx_hal.c.obj
 .debug_abbrev  0x00001285      0x341 CMakeFiles/StudyCode2.elf.dir/Drivers/STM32F1xx_HAL_Driver/Src/stm32f1xx_hal_cortex.c.obj
 .debug_abbrev  0x000015c6      0x1e6 CMakeFiles/StudyCode2.elf.dir/Drivers/STM32F1xx_HAL_Driver/Src/stm32f1xx_hal_gpio.c.obj
 .debug_abbrev  0x000017ac      0x293 CMakeFiles/StudyCode2.elf.dir/Drivers/STM32F1xx_HAL_Driver/Src/stm32f1xx_hal_i2c.c.obj
 .debug_abbrev  0x00001a3f      0x27a CMakeFiles/StudyCode2.elf.dir/Drivers/STM32F1xx_HAL_Driver/Src/stm32f1xx_hal_rcc.c.obj
 .debug_abbrev  0x00001cb9      0x245 CMakeFiles/StudyCode2.elf.dir/Drivers/STM32F1xx_HAL_Driver/Src/stm32f1xx_hal_tim.c.obj
 .debug_abbrev  0x00001efe      0x248 CMakeFiles/StudyCode2.elf.dir/Drivers/STM32F1xx_HAL_Driver/Src/stm32f1xx_hal_tim_ex.c.obj

.debug_loc      0x00000000     0xd440
 .debug_loc     0x00000000      0xafc CMakeFiles/StudyCode2.elf.dir/Core/Src/OLED.c.obj
 .debug_loc     0x00000afc       0x4a CMakeFiles/StudyCode2.elf.dir/Core/Src/gpio.c.obj
 .debug_loc     0x00000b46       0x67 CMakeFiles/StudyCode2.elf.dir/Core/Src/i2c.c.obj
 .debug_loc     0x00000bad       0x44 CMakeFiles/StudyCode2.elf.dir/Core/Src/main.c.obj
 .debug_loc     0x00000bf1       0x15 CMakeFiles/StudyCode2.elf.dir/Core/Src/stm32f1xx_hal_msp.c.obj
 .debug_loc     0x00000c06      0x3c5 CMakeFiles/StudyCode2.elf.dir/Core/Src/syscalls.c.obj
 .debug_loc     0x00000fcb       0x64 CMakeFiles/StudyCode2.elf.dir/Core/Src/sysmem.c.obj
 .debug_loc     0x0000102f       0xff CMakeFiles/StudyCode2.elf.dir/Core/Src/system_stm32f1xx.c.obj
 .debug_loc     0x0000112e       0xc6 CMakeFiles/StudyCode2.elf.dir/Core/Src/tim.c.obj
 .debug_loc     0x000011f4      0x141 CMakeFiles/StudyCode2.elf.dir/Drivers/STM32F1xx_HAL_Driver/Src/stm32f1xx_hal.c.obj
 .debug_loc     0x00001335      0x71f CMakeFiles/StudyCode2.elf.dir/Drivers/STM32F1xx_HAL_Driver/Src/stm32f1xx_hal_cortex.c.obj
 .debug_loc     0x00001a54      0x47d CMakeFiles/StudyCode2.elf.dir/Drivers/STM32F1xx_HAL_Driver/Src/stm32f1xx_hal_gpio.c.obj
 .debug_loc     0x00001ed1     0x41ca CMakeFiles/StudyCode2.elf.dir/Drivers/STM32F1xx_HAL_Driver/Src/stm32f1xx_hal_i2c.c.obj
 .debug_loc     0x0000609b      0x618 CMakeFiles/StudyCode2.elf.dir/Drivers/STM32F1xx_HAL_Driver/Src/stm32f1xx_hal_rcc.c.obj
 .debug_loc     0x000066b3     0x50fa CMakeFiles/StudyCode2.elf.dir/Drivers/STM32F1xx_HAL_Driver/Src/stm32f1xx_hal_tim.c.obj
 .debug_loc     0x0000b7ad     0x1c93 CMakeFiles/StudyCode2.elf.dir/Drivers/STM32F1xx_HAL_Driver/Src/stm32f1xx_hal_tim_ex.c.obj

.debug_aranges  0x00000000      0xd28
 .debug_aranges
                0x00000000       0x80 CMakeFiles/StudyCode2.elf.dir/Core/Src/OLED.c.obj
 .debug_aranges
                0x00000080       0x28 CMakeFiles/StudyCode2.elf.dir/Core/Src/gpio.c.obj
 .debug_aranges
                0x000000a8       0x30 CMakeFiles/StudyCode2.elf.dir/Core/Src/i2c.c.obj
 .debug_aranges
                0x000000d8       0x38 CMakeFiles/StudyCode2.elf.dir/Core/Src/main.c.obj
 .debug_aranges
                0x00000110       0x20 CMakeFiles/StudyCode2.elf.dir/Core/Src/stm32f1xx_hal_msp.c.obj
 .debug_aranges
                0x00000130       0x68 CMakeFiles/StudyCode2.elf.dir/Core/Src/stm32f1xx_it.c.obj
 .debug_aranges
                0x00000198       0xa8 CMakeFiles/StudyCode2.elf.dir/Core/Src/syscalls.c.obj
 .debug_aranges
                0x00000240       0x20 CMakeFiles/StudyCode2.elf.dir/Core/Src/sysmem.c.obj
 .debug_aranges
                0x00000260       0x28 CMakeFiles/StudyCode2.elf.dir/Core/Src/system_stm32f1xx.c.obj
 .debug_aranges
                0x00000288       0x40 CMakeFiles/StudyCode2.elf.dir/Core/Src/tim.c.obj
 .debug_aranges
                0x000002c8       0x28 CMakeFiles/StudyCode2.elf.dir/Core/Startup/startup_stm32f103c8tx.s.obj
 .debug_aranges
                0x000002f0       0xe0 CMakeFiles/StudyCode2.elf.dir/Drivers/STM32F1xx_HAL_Driver/Src/stm32f1xx_hal.c.obj
 .debug_aranges
                0x000003d0       0x90 CMakeFiles/StudyCode2.elf.dir/Drivers/STM32F1xx_HAL_Driver/Src/stm32f1xx_hal_cortex.c.obj
 .debug_aranges
                0x00000460       0x58 CMakeFiles/StudyCode2.elf.dir/Drivers/STM32F1xx_HAL_Driver/Src/stm32f1xx_hal_gpio.c.obj
 .debug_aranges
                0x000004b8      0x2a8 CMakeFiles/StudyCode2.elf.dir/Drivers/STM32F1xx_HAL_Driver/Src/stm32f1xx_hal_i2c.c.obj
 .debug_aranges
                0x00000760       0x90 CMakeFiles/StudyCode2.elf.dir/Drivers/STM32F1xx_HAL_Driver/Src/stm32f1xx_hal_rcc.c.obj
 .debug_aranges
                0x000007f0      0x3d0 CMakeFiles/StudyCode2.elf.dir/Drivers/STM32F1xx_HAL_Driver/Src/stm32f1xx_hal_tim.c.obj
 .debug_aranges
                0x00000bc0      0x168 CMakeFiles/StudyCode2.elf.dir/Drivers/STM32F1xx_HAL_Driver/Src/stm32f1xx_hal_tim_ex.c.obj

.debug_ranges   0x00000000      0xcc0
 .debug_ranges  0x00000000       0x70 CMakeFiles/StudyCode2.elf.dir/Core/Src/OLED.c.obj
 .debug_ranges  0x00000070       0x18 CMakeFiles/StudyCode2.elf.dir/Core/Src/gpio.c.obj
 .debug_ranges  0x00000088       0x20 CMakeFiles/StudyCode2.elf.dir/Core/Src/i2c.c.obj
 .debug_ranges  0x000000a8       0x40 CMakeFiles/StudyCode2.elf.dir/Core/Src/main.c.obj
 .debug_ranges  0x000000e8       0x10 CMakeFiles/StudyCode2.elf.dir/Core/Src/stm32f1xx_hal_msp.c.obj
 .debug_ranges  0x000000f8       0x58 CMakeFiles/StudyCode2.elf.dir/Core/Src/stm32f1xx_it.c.obj
 .debug_ranges  0x00000150       0x98 CMakeFiles/StudyCode2.elf.dir/Core/Src/syscalls.c.obj
 .debug_ranges  0x000001e8       0x10 CMakeFiles/StudyCode2.elf.dir/Core/Src/sysmem.c.obj
 .debug_ranges  0x000001f8       0x18 CMakeFiles/StudyCode2.elf.dir/Core/Src/system_stm32f1xx.c.obj
 .debug_ranges  0x00000210       0x30 CMakeFiles/StudyCode2.elf.dir/Core/Src/tim.c.obj
 .debug_ranges  0x00000240       0x20 CMakeFiles/StudyCode2.elf.dir/Core/Startup/startup_stm32f103c8tx.s.obj
 .debug_ranges  0x00000260       0xd0 CMakeFiles/StudyCode2.elf.dir/Drivers/STM32F1xx_HAL_Driver/Src/stm32f1xx_hal.c.obj
 .debug_ranges  0x00000330       0xe0 CMakeFiles/StudyCode2.elf.dir/Drivers/STM32F1xx_HAL_Driver/Src/stm32f1xx_hal_cortex.c.obj
 .debug_ranges  0x00000410       0x48 CMakeFiles/StudyCode2.elf.dir/Drivers/STM32F1xx_HAL_Driver/Src/stm32f1xx_hal_gpio.c.obj
 .debug_ranges  0x00000458      0x2b0 CMakeFiles/StudyCode2.elf.dir/Drivers/STM32F1xx_HAL_Driver/Src/stm32f1xx_hal_i2c.c.obj
 .debug_ranges  0x00000708       0xa0 CMakeFiles/StudyCode2.elf.dir/Drivers/STM32F1xx_HAL_Driver/Src/stm32f1xx_hal_rcc.c.obj
 .debug_ranges  0x000007a8      0x3c0 CMakeFiles/StudyCode2.elf.dir/Drivers/STM32F1xx_HAL_Driver/Src/stm32f1xx_hal_tim.c.obj
 .debug_ranges  0x00000b68      0x158 CMakeFiles/StudyCode2.elf.dir/Drivers/STM32F1xx_HAL_Driver/Src/stm32f1xx_hal_tim_ex.c.obj

.debug_line     0x00000000    0x109cb
 .debug_line    0x00000000      0x97d CMakeFiles/StudyCode2.elf.dir/Core/Src/OLED.c.obj
 .debug_line    0x0000097d      0x439 CMakeFiles/StudyCode2.elf.dir/Core/Src/gpio.c.obj
 .debug_line    0x00000db6      0x3cb CMakeFiles/StudyCode2.elf.dir/Core/Src/i2c.c.obj
 .debug_line    0x00001181      0x5e6 CMakeFiles/StudyCode2.elf.dir/Core/Src/main.c.obj
 .debug_line    0x00001767      0x1dc CMakeFiles/StudyCode2.elf.dir/Core/Src/stm32f1xx_hal_msp.c.obj
 .debug_line    0x00001943      0x3ae CMakeFiles/StudyCode2.elf.dir/Core/Src/stm32f1xx_it.c.obj
 .debug_line    0x00001cf1      0x435 CMakeFiles/StudyCode2.elf.dir/Core/Src/syscalls.c.obj
 .debug_line    0x00002126      0x1ea CMakeFiles/StudyCode2.elf.dir/Core/Src/sysmem.c.obj
 .debug_line    0x00002310      0x2a6 CMakeFiles/StudyCode2.elf.dir/Core/Src/system_stm32f1xx.c.obj
 .debug_line    0x000025b6      0x55b CMakeFiles/StudyCode2.elf.dir/Core/Src/tim.c.obj
 .debug_line    0x00002b11       0xcc CMakeFiles/StudyCode2.elf.dir/Core/Startup/startup_stm32f103c8tx.s.obj
 .debug_line    0x00002bdd      0x620 CMakeFiles/StudyCode2.elf.dir/Drivers/STM32F1xx_HAL_Driver/Src/stm32f1xx_hal.c.obj
 .debug_line    0x000031fd      0x6e2 CMakeFiles/StudyCode2.elf.dir/Drivers/STM32F1xx_HAL_Driver/Src/stm32f1xx_hal_cortex.c.obj
 .debug_line    0x000038df      0x68a CMakeFiles/StudyCode2.elf.dir/Drivers/STM32F1xx_HAL_Driver/Src/stm32f1xx_hal_gpio.c.obj
 .debug_line    0x00003f69     0x56e2 CMakeFiles/StudyCode2.elf.dir/Drivers/STM32F1xx_HAL_Driver/Src/stm32f1xx_hal_i2c.c.obj
 .debug_line    0x0000964b      0xcc7 CMakeFiles/StudyCode2.elf.dir/Drivers/STM32F1xx_HAL_Driver/Src/stm32f1xx_hal_rcc.c.obj
 .debug_line    0x0000a312     0x4a22 CMakeFiles/StudyCode2.elf.dir/Drivers/STM32F1xx_HAL_Driver/Src/stm32f1xx_hal_tim.c.obj
 .debug_line    0x0000ed34     0x1c97 CMakeFiles/StudyCode2.elf.dir/Drivers/STM32F1xx_HAL_Driver/Src/stm32f1xx_hal_tim_ex.c.obj

.debug_str      0x00000000     0x419b
 .debug_str     0x00000000      0x809 CMakeFiles/StudyCode2.elf.dir/Core/Src/OLED.c.obj
                                0x8ac (size before relaxing)
 .debug_str     0x00000809      0x14a CMakeFiles/StudyCode2.elf.dir/Core/Src/gpio.c.obj
                                0x35e (size before relaxing)
 .debug_str     0x00000953       0xe2 CMakeFiles/StudyCode2.elf.dir/Core/Src/i2c.c.obj
                                0x7be (size before relaxing)
 .debug_str     0x00000a35      0x4f8 CMakeFiles/StudyCode2.elf.dir/Core/Src/main.c.obj
                                0xa42 (size before relaxing)
 .debug_str     0x00000f2d       0xa0 CMakeFiles/StudyCode2.elf.dir/Core/Src/stm32f1xx_hal_msp.c.obj
                                0x2a9 (size before relaxing)
 .debug_str     0x00000fcd      0x13d CMakeFiles/StudyCode2.elf.dir/Core/Src/stm32f1xx_it.c.obj
                                0x7b4 (size before relaxing)
 .debug_str     0x0000110a      0x25e CMakeFiles/StudyCode2.elf.dir/Core/Src/syscalls.c.obj
                                0x476 (size before relaxing)
 .debug_str     0x00001368       0xbb CMakeFiles/StudyCode2.elf.dir/Core/Src/sysmem.c.obj
                                0x2a2 (size before relaxing)
 .debug_str     0x00001423       0xc4 CMakeFiles/StudyCode2.elf.dir/Core/Src/system_stm32f1xx.c.obj
                                0x2de (size before relaxing)
 .debug_str     0x000014e7      0x541 CMakeFiles/StudyCode2.elf.dir/Core/Src/tim.c.obj
                                0xcc9 (size before relaxing)
 .debug_str     0x00001a28       0x7c CMakeFiles/StudyCode2.elf.dir/Core/Startup/startup_stm32f103c8tx.s.obj
                                 0xd7 (size before relaxing)
 .debug_str     0x00001aa4      0x345 CMakeFiles/StudyCode2.elf.dir/Drivers/STM32F1xx_HAL_Driver/Src/stm32f1xx_hal.c.obj
                                0x8ae (size before relaxing)