Archive member included to satisfy reference by file (symbol)

d:/software/jetbrains/gcc-arm-none-eabi/bin/../lib/gcc/arm-none-eabi/10.3.1/../../../../arm-none-eabi/lib/thumb/v7-m/nofp\libg.a(lib_a-errno.o)
                              CMakeFiles/StudyCode2.elf.dir/Core/Src/syscalls.c.obj (__errno)
d:/software/jetbrains/gcc-arm-none-eabi/bin/../lib/gcc/arm-none-eabi/10.3.1/../../../../arm-none-eabi/lib/thumb/v7-m/nofp\libg.a(lib_a-exit.o)
                              d:/software/jetbrains/gcc-arm-none-eabi/bin/../lib/gcc/arm-none-eabi/10.3.1/../../../../arm-none-eabi/lib/thumb/v7-m/nofp/crt0.o (exit)
d:/software/jetbrains/gcc-arm-none-eabi/bin/../lib/gcc/arm-none-eabi/10.3.1/../../../../arm-none-eabi/lib/thumb/v7-m/nofp\libg.a(lib_a-impure.o)
                              d:/software/jetbrains/gcc-arm-none-eabi/bin/../lib/gcc/arm-none-eabi/10.3.1/../../../../arm-none-eabi/lib/thumb/v7-m/nofp\libg.a(lib_a-exit.o) (_global_impure_ptr)
d:/software/jetbrains/gcc-arm-none-eabi/bin/../lib/gcc/arm-none-eabi/10.3.1/../../../../arm-none-eabi/lib/thumb/v7-m/nofp\libg.a(lib_a-init.o)
                              d:/software/jetbrains/gcc-arm-none-eabi/bin/../lib/gcc/arm-none-eabi/10.3.1/../../../../arm-none-eabi/lib/thumb/v7-m/nofp/crt0.o (__libc_init_array)
d:/software/jetbrains/gcc-arm-none-eabi/bin/../lib/gcc/arm-none-eabi/10.3.1/../../../../arm-none-eabi/lib/thumb/v7-m/nofp\libg.a(lib_a-memset.o)
                              d:/software/jetbrains/gcc-arm-none-eabi/bin/../lib/gcc/arm-none-eabi/10.3.1/../../../../arm-none-eabi/lib/thumb/v7-m/nofp/crt0.o (memset)
d:/software/jetbrains/gcc-arm-none-eabi/bin/../lib/gcc/arm-none-eabi/10.3.1/../../../../arm-none-eabi/lib/thumb/v7-m/nofp\libg.a(lib_a-__call_atexit.o)
                              d:/software/jetbrains/gcc-arm-none-eabi/bin/../lib/gcc/arm-none-eabi/10.3.1/../../../../arm-none-eabi/lib/thumb/v7-m/nofp\libg.a(lib_a-exit.o) (__call_exitprocs)
d:/software/jetbrains/gcc-arm-none-eabi/bin/../lib/gcc/arm-none-eabi/10.3.1/../../../../arm-none-eabi/lib/thumb/v7-m/nofp\libg.a(lib_a-atexit.o)
                              d:/software/jetbrains/gcc-arm-none-eabi/bin/../lib/gcc/arm-none-eabi/10.3.1/../../../../arm-none-eabi/lib/thumb/v7-m/nofp\libg.a(lib_a-__call_atexit.o) (atexit)
d:/software/jetbrains/gcc-arm-none-eabi/bin/../lib/gcc/arm-none-eabi/10.3.1/../../../../arm-none-eabi/lib/thumb/v7-m/nofp\libg.a(lib_a-fini.o)
                              d:/software/jetbrains/gcc-arm-none-eabi/bin/../lib/gcc/arm-none-eabi/10.3.1/../../../../arm-none-eabi/lib/thumb/v7-m/nofp\libg.a(lib_a-__call_atexit.o) (__libc_fini_array)
d:/software/jetbrains/gcc-arm-none-eabi/bin/../lib/gcc/arm-none-eabi/10.3.1/../../../../arm-none-eabi/lib/thumb/v7-m/nofp\libg.a(lib_a-lock.o)
                              d:/software/jetbrains/gcc-arm-none-eabi/bin/../lib/gcc/arm-none-eabi/10.3.1/../../../../arm-none-eabi/lib/thumb/v7-m/nofp\libg.a(lib_a-__call_atexit.o) (__retarget_lock_acquire_recursive)
d:/software/jetbrains/gcc-arm-none-eabi/bin/../lib/gcc/arm-none-eabi/10.3.1/../../../../arm-none-eabi/lib/thumb/v7-m/nofp\libg.a(lib_a-__atexit.o)
                              d:/software/jetbrains/gcc-arm-none-eabi/bin/../lib/gcc/arm-none-eabi/10.3.1/../../../../arm-none-eabi/lib/thumb/v7-m/nofp\libg.a(lib_a-atexit.o) (__register_exitproc)

Discarded input sections

 .text          0x00000000        0x0 d:/software/jetbrains/gcc-arm-none-eabi/bin/../lib/gcc/arm-none-eabi/10.3.1/thumb/v7-m/nofp/crti.o
 .data          0x00000000        0x0 d:/software/jetbrains/gcc-arm-none-eabi/bin/../lib/gcc/arm-none-eabi/10.3.1/thumb/v7-m/nofp/crti.o
 .bss           0x00000000        0x0 d:/software/jetbrains/gcc-arm-none-eabi/bin/../lib/gcc/arm-none-eabi/10.3.1/thumb/v7-m/nofp/crti.o
 .data          0x00000000        0x4 d:/software/jetbrains/gcc-arm-none-eabi/bin/../lib/gcc/arm-none-eabi/10.3.1/thumb/v7-m/nofp/crtbegin.o
 .rodata        0x00000000       0x24 d:/software/jetbrains/gcc-arm-none-eabi/bin/../lib/gcc/arm-none-eabi/10.3.1/thumb/v7-m/nofp/crtbegin.o
 .text          0x00000000       0x7c d:/software/jetbrains/gcc-arm-none-eabi/bin/../lib/gcc/arm-none-eabi/10.3.1/../../../../arm-none-eabi/lib/thumb/v7-m/nofp/crt0.o
 .data          0x00000000        0x0 d:/software/jetbrains/gcc-arm-none-eabi/bin/../lib/gcc/arm-none-eabi/10.3.1/../../../../arm-none-eabi/lib/thumb/v7-m/nofp/crt0.o
 .bss           0x00000000        0x0 d:/software/jetbrains/gcc-arm-none-eabi/bin/../lib/gcc/arm-none-eabi/10.3.1/../../../../arm-none-eabi/lib/thumb/v7-m/nofp/crt0.o
 .ARM.extab     0x00000000        0x0 d:/software/jetbrains/gcc-arm-none-eabi/bin/../lib/gcc/arm-none-eabi/10.3.1/../../../../arm-none-eabi/lib/thumb/v7-m/nofp/crt0.o
 .ARM.exidx     0x00000000       0x10 d:/software/jetbrains/gcc-arm-none-eabi/bin/../lib/gcc/arm-none-eabi/10.3.1/../../../../arm-none-eabi/lib/thumb/v7-m/nofp/crt0.o
 .ARM.attributes
[...]
Memory Configuration

Name             Origin             Length             Attributes
RAM              0x20000000         0x00005000         xrw
FLASH            0x08000000         0x00010000         xr
*default*        0x00000000         0xffffffff

Linker script and memory map

LOAD d:/software/jetbrains/gcc-arm-none-eabi/bin/../lib/gcc/arm-none-eabi/10.3.1/thumb/v7-m/nofp/crti.o
LOAD d:/software/jetbrains/gcc-arm-none-eabi/bin/../lib/gcc/arm-none-eabi/10.3.1/thumb/v7-m/nofp/crtbegin.o
LOAD d:/software/jetbrains/gcc-arm-none-eabi/bin/../lib/gcc/arm-none-eabi/10.3.1/../../../../arm-none-eabi/lib/thumb/v7-m/nofp/crt0.o
LOAD CMakeFiles/StudyCode2.elf.dir/Core/Src/gpio.c.obj
LOAD CMakeFiles/StudyCode2.elf.dir/Core/Src/i2c.c.obj
LOAD CMakeFiles/StudyCode2.elf.dir/Core/Src/main.c.obj
LOAD CMakeFiles/StudyCode2.elf.dir/Core/Src/stm32f1xx_hal_msp.c.obj
LOAD CMakeFiles/StudyCode2.elf.dir/Core/Src/stm32f1xx_it.c.obj
LOAD CMakeFiles/StudyCode2.elf.dir/Core/Src/syscalls.c.obj
LOAD CMakeFiles/StudyCode2.elf.dir/Core/Src/sysmem.c.obj
LOAD CMakeFiles/StudyCode2.elf.dir/Core/Src/system_stm32f1xx.c.obj
LOAD CMakeFiles/StudyCode2.elf.dir/Core/Src/tim.c.obj
LOAD CMakeFiles/StudyCode2.elf.dir/Core/Startup/startup_stm32f103c8tx.s.obj
LOAD CMakeFiles/StudyCode2.elf.dir/Drivers/STM32F1xx_HAL_Driver/Src/stm32f1xx_hal.c.obj
LOAD CMakeFiles/StudyCode2.elf.dir/Drivers/STM32F1xx_HAL_Driver/Src/stm32f1xx_hal_cortex.c.obj
LOAD CMakeFiles/StudyCode2.elf.dir/Drivers/STM32F1xx_HAL_Driver/Src/stm32f1xx_hal_dma.c.obj
LOAD CMakeFiles/StudyCode2.elf.dir/Drivers/STM32F1xx_HAL_Driver/Src/stm32f1xx_hal_exti.c.obj
LOAD CMakeFiles/StudyCode2.elf.dir/Drivers/STM32F1xx_HAL_Driver/Src/stm32f1xx_hal_flash.c.obj
LOAD CMakeFiles/StudyCode2.elf.dir/Drivers/STM32F1xx_HAL_Driver/Src/stm32f1xx_hal_flash_ex.c.obj
LOAD CMakeFiles/StudyCode2.elf.dir/Drivers/STM32F1xx_HAL_Driver/Src/stm32f1xx_hal_gpio.c.obj
LOAD CMakeFiles/StudyCode2.elf.dir/Drivers/STM32F1xx_HAL_Driver/Src/stm32f1xx_hal_gpio_ex.c.obj
LOAD CMakeFiles/StudyCode2.elf.dir/Drivers/STM32F1xx_HAL_Driver/Src/stm32f1xx_hal_i2c.c.obj
LOAD CMakeFiles/StudyCode2.elf.dir/Drivers/STM32F1xx_HAL_Driver/Src/stm32f1xx_hal_pwr.c.obj
LOAD CMakeFiles/StudyCode2.elf.dir/Drivers/STM32F1xx_HAL_Driver/Src/stm32f1xx_hal_rcc.c.obj
LOAD CMakeFiles/StudyCode2.elf.dir/Drivers/STM32F1xx_HAL_Driver/Src/stm32f1xx_hal_rcc_ex.c.obj
LOAD CMakeFiles/StudyCode2.elf.dir/Drivers/STM32F1xx_HAL_Driver/Src/stm32f1xx_hal_tim.c.obj
LOAD CMakeFiles/StudyCode2.elf.dir/Drivers/STM32F1xx_HAL_Driver/Src/stm32f1xx_hal_tim_ex.c.obj
START GROUP
LOAD d:/software/jetbrains/gcc-arm-none-eabi/bin/../lib/gcc/arm-none-eabi/10.3.1/thumb/v7-m/nofp\libgcc.a
LOAD d:/software/jetbrains/gcc-arm-none-eabi/bin/../lib/gcc/arm-none-eabi/10.3.1/../../../../arm-none-eabi/lib/thumb/v7-m/nofp\libg.a
LOAD d:/software/jetbrains/gcc-arm-none-eabi/bin/../lib/gcc/arm-none-eabi/10.3.1/../../../../arm-none-eabi/lib/thumb/v7-m/nofp\libc.a
END GROUP
LOAD d:/software/jetbrains/gcc-arm-none-eabi/bin/../lib/gcc/arm-none-eabi/10.3.1/thumb/v7-m/nofp/crtend.o
LOAD d:/software/jetbrains/gcc-arm-none-eabi/bin/../lib/gcc/arm-none-eabi/10.3.1/thumb/v7-m/nofp/crtn.o
                0x20005000                _estack = (ORIGIN (RAM) + LENGTH (RAM))
                0x00000200                _Min_Heap_Size = 0x200
                0x00000400                _Min_Stack_Size = 0x400

.isr_vector     0x08000000      0x10c
                0x08000000                . = ALIGN (0x4)
 *(.isr_vector)
 .isr_vector    0x08000000      0x10c CMakeFiles/StudyCode2.elf.dir/Core/Startup/startup_stm32f103c8tx.s.obj
                0x08000000                g_pfnVectors
                0x0800010c                . = ALIGN (0x4)

.text           0x0800010c     0x17d4
                0x0800010c                . = ALIGN (0x4)
 *(.text)
 .text          0x0800010c       0x40 d:/software/jetbrains/gcc-arm-none-eabi/bin/../lib/gcc/arm-none-eabi/10.3.1/thumb/v7-m/nofp/crtbegin.o
 *(.text*)
 .text.FLOWLED  0x0800014c       0x68 CMakeFiles/StudyCode2.elf.dir/Core/Src/gpio.c.obj
                0x0800014c                FLOWLED
 .text.MX_GPIO_Init
                0x080001b4      0x104 CMakeFiles/StudyCode2.elf.dir/Core/Src/gpio.c.obj
                0x080001b4                MX_GPIO_Init
 .text.MX_I2C1_Init
                0x080002b8       0x3c CMakeFiles/StudyCode2.elf.dir/Core/Src/i2c.c.obj
                0x080002b8                MX_I2C1_Init
 .text.HAL_I2C_MspInit
                0x080002f4       0x64 CMakeFiles/StudyCode2.elf.dir/Core/Src/i2c.c.obj
                0x080002f4                HAL_I2C_MspInit
 .text.Error_Handler
                0x08000358        0x4 CMakeFiles/StudyCode2.elf.dir/Core/Src/main.c.obj
                0x08000358                Error_Handler
 .text.SystemClock_Config
                0x0800035c       0x68 CMakeFiles/StudyCode2.elf.dir/Core/Src/main.c.obj
                0x0800035c                SystemClock_Config
 .text.main     0x080003c4       0x4c CMakeFiles/StudyCode2.elf.dir/Core/Src/main.c.obj
                0x080003c4                main
 .text.HAL_MspInit
                0x08000410       0x44 CMakeFiles/StudyCode2.elf.dir/Core/Src/stm32f1xx_hal_msp.c.obj
                0x08000410                HAL_MspInit
 .text.NMI_Handler
                0x08000454        0x8 CMakeFiles/StudyCode2.elf.dir/Core/Src/stm32f1xx_it.c.obj
                0x08000454                NMI_Handler
 .text.HardFault_Handler
                0x0800045c        0x2 CMakeFiles/StudyCode2.elf.dir/Core/Src/stm32f1xx_it.c.obj
                0x0800045c                HardFault_Handler
 .text.MemManage_Handler
                0x0800045e        0x2 CMakeFiles/StudyCode2.elf.dir/Core/Src/stm32f1xx_it.c.obj
                0x0800045e                MemManage_Handler
 .text.BusFault_Handler
                0x08000460        0x2 CMakeFiles/StudyCode2.elf.dir/Core/Src/stm32f1xx_it.c.obj
                0x08000460                BusFault_Handler
 .text.UsageFault_Handler
                0x08000462        0x2 CMakeFiles/StudyCode2.elf.dir/Core/Src/stm32f1xx_it.c.obj
                0x08000462                UsageFault_Handler
 .text.SVC_Handler
                0x08000464        0x2 CMakeFiles/StudyCode2.elf.dir/Core/Src/stm32f1xx_it.c.obj
                0x08000464                SVC_Handler
 .text.DebugMon_Handler
                0x08000466        0x2 CMakeFiles/StudyCode2.elf.dir/Core/Src/stm32f1xx_it.c.obj
                0x08000466                DebugMon_Handler
 .text.PendSV_Handler
                0x08000468        0x2 CMakeFiles/StudyCode2.elf.dir/Core/Src/stm32f1xx_it.c.obj
                0x08000468                PendSV_Handler
 .text.SysTick_Handler
                0x0800046a        0x8 CMakeFiles/StudyCode2.elf.dir/Core/Src/stm32f1xx_it.c.obj
                0x0800046a                SysTick_Handler
 .text.SystemInit
                0x08000472        0x2 CMakeFiles/StudyCode2.elf.dir/Core/Src/system_stm32f1xx.c.obj
                0x08000472                SystemInit
 .text.HAL_TIM_Base_MspInit
                0x08000474       0x26 CMakeFiles/StudyCode2.elf.dir/Core/Src/tim.c.obj
                0x08000474                HAL_TIM_Base_MspInit
 *fill*         0x0800049a        0x2 
 .text.HAL_TIM_MspPostInit
                0x0800049c       0x4c CMakeFiles/StudyCode2.elf.dir/Core/Src/tim.c.obj
                0x0800049c                HAL_TIM_MspPostInit
 .text.MX_TIM2_Init
                0x080004e8       0xac CMakeFiles/StudyCode2.elf.dir/Core/Src/tim.c.obj
                0x080004e8                MX_TIM2_Init
 .text.Reset_Handler
                0x08000594       0x48 CMakeFiles/StudyCode2.elf.dir/Core/Startup/startup_stm32f103c8tx.s.obj
                0x08000594                Reset_Handler
 .text.Default_Handler
                0x080005dc        0x2 CMakeFiles/StudyCode2.elf.dir/Core/Startup/startup_stm32f103c8tx.s.obj
                0x080005dc                RTC_Alarm_IRQHandler
                0x080005dc                EXTI2_IRQHandler
                0x080005dc                TIM1_CC_IRQHandler
                0x080005dc                PVD_IRQHandler
                0x080005dc                EXTI3_IRQHandler
                0x080005dc                EXTI0_IRQHandler
                0x080005dc                I2C2_EV_IRQHandler
                0x080005dc                ADC1_2_IRQHandler
                0x080005dc                SPI1_IRQHandler
                0x080005dc                TAMPER_IRQHandler
                0x080005dc                DMA1_Channel4_IRQHandler
                0x080005dc                USART3_IRQHandler
                0x080005dc                RTC_IRQHandler
                0x080005dc                DMA1_Channel7_IRQHandler
                0x080005dc                CAN1_RX1_IRQHandler
                0x080005dc                TIM4_IRQHandler
                0x080005dc                I2C1_EV_IRQHandler
                0x080005dc                DMA1_Channel6_IRQHandler
                0x080005dc                TIM3_IRQHandler
                0x080005dc                RCC_IRQHandler
                0x080005dc                TIM1_TRG_COM_IRQHandler
                0x080005dc                DMA1_Channel1_IRQHandler
                0x080005dc                Default_Handler
                0x080005dc                EXTI15_10_IRQHandler
                0x080005dc                EXTI9_5_IRQHandler
                0x080005dc                SPI2_IRQHandler
                0x080005dc                DMA1_Channel5_IRQHandler
                0x080005dc                EXTI4_IRQHandler
                0x080005dc                USB_LP_CAN1_RX0_IRQHandler
                0x080005dc                USB_HP_CAN1_TX_IRQHandler
                0x080005dc                DMA1_Channel3_IRQHandler
                0x080005dc                TIM1_UP_IRQHandler
                0x080005dc                WWDG_IRQHandler
                0x080005dc                TIM2_IRQHandler
                0x080005dc                TIM1_BRK_IRQHandler
                0x080005dc                EXTI1_IRQHandler
                0x080005dc                USART2_IRQHandler
                0x080005dc                I2C2_ER_IRQHandler
                0x080005dc                DMA1_Channel2_IRQHandler
                0x080005dc                CAN1_SCE_IRQHandler
                0x080005dc                FLASH_IRQHandler
                0x080005dc                USART1_IRQHandler
                0x080005dc                I2C1_ER_IRQHandler
                0x080005dc                USBWakeUp_IRQHandler
 *fill*         0x080005de        0x2 
 .text.HAL_InitTick
                0x080005e0       0x4c CMakeFiles/StudyCode2.elf.dir/Drivers/STM32F1xx_HAL_Driver/Src/stm32f1xx_hal.c.obj
                0x080005e0                HAL_InitTick
 .text.HAL_Init
                0x0800062c       0x24 CMakeFiles/StudyCode2.elf.dir/Drivers/STM32F1xx_HAL_Driver/Src/stm32f1xx_hal.c.obj
                0x0800062c                HAL_Init
 .text.HAL_IncTick
                0x08000650       0x18 CMakeFiles/StudyCode2.elf.dir/Drivers/STM32F1xx_HAL_Driver/Src/stm32f1xx_hal.c.obj
                0x08000650                HAL_IncTick
 .text.HAL_GetTick
                0x08000668        0xc CMakeFiles/StudyCode2.elf.dir/Drivers/STM32F1xx_HAL_Driver/Src/stm32f1xx_hal.c.obj
                0x08000668                HAL_GetTick
 .text.HAL_Delay
                0x08000674       0x28 CMakeFiles/StudyCode2.elf.dir/Drivers/STM32F1xx_HAL_Driver/Src/stm32f1xx_hal.c.obj
                0x08000674                HAL_Delay
 .text.HAL_NVIC_SetPriorityGrouping
                0x0800069c       0x24 CMakeFiles/StudyCode2.elf.dir/Drivers/STM32F1xx_HAL_Driver/Src/stm32f1xx_hal_cortex.c.obj
                0x0800069c                HAL_NVIC_SetPriorityGrouping
 .text.HAL_NVIC_SetPriority
                0x080006c0       0x70 CMakeFiles/StudyCode2.elf.dir/Drivers/STM32F1xx_HAL_Driver/Src/stm32f1xx_hal_cortex.c.obj
                0x080006c0                HAL_NVIC_SetPriority
 .text.HAL_SYSTICK_Config
                0x08000730       0x28 CMakeFiles/StudyCode2.elf.dir/Drivers/STM32F1xx_HAL_Driver/Src/stm32f1xx_hal_cortex.c.obj
                0x08000730                HAL_SYSTICK_Config
 .text.HAL_GPIO_Init
                0x08000758      0x224 CMakeFiles/StudyCode2.elf.dir/Drivers/STM32F1xx_HAL_Driver/Src/stm32f1xx_hal_gpio.c.obj
                0x08000758                HAL_GPIO_Init
 .text.HAL_GPIO_WritePin
                0x0800097c        0xc CMakeFiles/StudyCode2.elf.dir/Drivers/STM32F1xx_HAL_Driver/Src/stm32f1xx_hal_gpio.c.obj
                0x0800097c                HAL_GPIO_WritePin
 .text.HAL_GPIO_TogglePin
                0x08000988       0x12 CMakeFiles/StudyCode2.elf.dir/Drivers/STM32F1xx_HAL_Driver/Src/stm32f1xx_hal_gpio.c.obj
                0x08000988                HAL_GPIO_TogglePin
 *fill*         0x0800099a        0x2 
 .text.HAL_I2C_Init
                0x0800099c      0x1bc CMakeFiles/StudyCode2.elf.dir/Drivers/STM32F1xx_HAL_Driver/Src/stm32f1xx_hal_i2c.c.obj
                0x0800099c                HAL_I2C_Init
 .text.RCC_Delay
                0x08000b58       0x2c CMakeFiles/StudyCode2.elf.dir/Drivers/STM32F1xx_HAL_Driver/Src/stm32f1xx_hal_rcc.c.obj
 .text.HAL_RCC_OscConfig
                0x08000b84      0x410 CMakeFiles/StudyCode2.elf.dir/Drivers/STM32F1xx_HAL_Driver/Src/stm32f1xx_hal_rcc.c.obj
                0x08000b84                HAL_RCC_OscConfig
 .text.HAL_RCC_EnableCSS
                0x08000f94        0xc CMakeFiles/StudyCode2.elf.dir/Drivers/STM32F1xx_HAL_Driver/Src/stm32f1xx_hal_rcc.c.obj
                0x08000f94                HAL_RCC_EnableCSS
 .text.HAL_RCC_GetSysClockFreq
                0x08000fa0       0x54 CMakeFiles/StudyCode2.elf.dir/Drivers/STM32F1xx_HAL_Driver/Src/stm32f1xx_hal_rcc.c.obj
                0x08000fa0                HAL_RCC_GetSysClockFreq
 .text.HAL_RCC_ClockConfig
                0x08000ff4      0x16c CMakeFiles/StudyCode2.elf.dir/Drivers/STM32F1xx_HAL_Driver/Src/stm32f1xx_hal_rcc.c.obj
                0x08000ff4                HAL_RCC_ClockConfig
 .text.HAL_RCC_GetHCLKFreq
                0x08001160        0xc CMakeFiles/StudyCode2.elf.dir/Drivers/STM32F1xx_HAL_Driver/Src/stm32f1xx_hal_rcc.c.obj
                0x08001160                HAL_RCC_GetHCLKFreq
 .text.HAL_RCC_GetPCLK1Freq
                0x0800116c       0x20 CMakeFiles/StudyCode2.elf.dir/Drivers/STM32F1xx_HAL_Driver/Src/stm32f1xx_hal_rcc.c.obj
                0x0800116c                HAL_RCC_GetPCLK1Freq
 .text.HAL_RCC_CSSCallback
                0x0800118c        0x2 CMakeFiles/StudyCode2.elf.dir/Drivers/STM32F1xx_HAL_Driver/Src/stm32f1xx_hal_rcc.c.obj
                0x0800118c                HAL_RCC_CSSCallback
 *fill*         0x0800118e        0x2 
 .text.HAL_RCC_NMI_IRQHandler
                0x08001190       0x20 CMakeFiles/StudyCode2.elf.dir/Drivers/STM32F1xx_HAL_Driver/Src/stm32f1xx_hal_rcc.c.obj
                0x08001190                HAL_RCC_NMI_IRQHandler
 .text.TIM_OC1_SetConfig
                0x080011b0       0x5c CMakeFiles/StudyCode2.elf.dir/Drivers/STM32F1xx_HAL_Driver/Src/stm32f1xx_hal_tim.c.obj
 .text.TIM_OC3_SetConfig
                0x0800120c       0x64 CMakeFiles/StudyCode2.elf.dir/Drivers/STM32F1xx_HAL_Driver/Src/stm32f1xx_hal_tim.c.obj
 .text.TIM_OC4_SetConfig
                0x08001270       0x48 CMakeFiles/StudyCode2.elf.dir/Drivers/STM32F1xx_HAL_Driver/Src/stm32f1xx_hal_tim.c.obj
 .text.TIM_TI1_ConfigInputStage
                0x080012b8       0x24 CMakeFiles/StudyCode2.elf.dir/Drivers/STM32F1xx_HAL_Driver/Src/stm32f1xx_hal_tim.c.obj
 .text.TIM_TI2_ConfigInputStage
                0x080012dc       0x26 CMakeFiles/StudyCode2.elf.dir/Drivers/STM32F1xx_HAL_Driver/Src/stm32f1xx_hal_tim.c.obj
 .text.TIM_ITRx_SetConfig
                0x08001302       0x10 CMakeFiles/StudyCode2.elf.dir/Drivers/STM32F1xx_HAL_Driver/Src/stm32f1xx_hal_tim.c.obj
 .text.HAL_TIM_PWM_MspInit
                0x08001312        0x2 CMakeFiles/StudyCode2.elf.dir/Drivers/STM32F1xx_HAL_Driver/Src/stm32f1xx_hal_tim.c.obj
                0x08001312                HAL_TIM_PWM_MspInit
 .text.TIM_Base_SetConfig
                0x08001314       0x74 CMakeFiles/StudyCode2.elf.dir/Drivers/STM32F1xx_HAL_Driver/Src/stm32f1xx_hal_tim.c.obj
                0x08001314                TIM_Base_SetConfig
 .text.HAL_TIM_Base_Init
                0x08001388       0x58 CMakeFiles/StudyCode2.elf.dir/Drivers/STM32F1xx_HAL_Driver/Src/stm32f1xx_hal_tim.c.obj
                0x08001388                HAL_TIM_Base_Init
 .text.HAL_TIM_PWM_Init
                0x080013e0       0x58 CMakeFiles/StudyCode2.elf.dir/Drivers/STM32F1xx_HAL_Driver/Src/stm32f1xx_hal_tim.c.obj
                0x080013e0                HAL_TIM_PWM_Init
 .text.TIM_OC2_SetConfig
                0x08001438       0x64 CMakeFiles/StudyCode2.elf.dir/Drivers/STM32F1xx_HAL_Driver/Src/stm32f1xx_hal_tim.c.obj
                0x08001438                TIM_OC2_SetConfig
 .text.HAL_TIM_PWM_ConfigChannel
                0x0800149c       0xdc CMakeFiles/StudyCode2.elf.dir/Drivers/STM32F1xx_HAL_Driver/Src/stm32f1xx_hal_tim.c.obj
                0x0800149c                HAL_TIM_PWM_ConfigChannel
 .text.TIM_ETR_SetConfig
                0x08001578       0x18 CMakeFiles/StudyCode2.elf.dir/Drivers/STM32F1xx_HAL_Driver/Src/stm32f1xx_hal_tim.c.obj
                0x08001578                TIM_ETR_SetConfig
 .text.HAL_TIM_ConfigClockSource
                0x08001590       0xfe CMakeFiles/StudyCode2.elf.dir/Drivers/STM32F1xx_HAL_Driver/Src/stm32f1xx_hal_tim.c.obj
                0x08001590                HAL_TIM_ConfigClockSource
 *fill*         0x0800168e        0x2 
 .text.HAL_TIMEx_MasterConfigSynchronization
                0x08001690       0x6c CMakeFiles/StudyCode2.elf.dir/Drivers/STM32F1xx_HAL_Driver/Src/stm32f1xx_hal_tim_ex.c.obj
                0x08001690                HAL_TIMEx_MasterConfigSynchronization
 .text.__libc_init_array
                0x080016fc       0x48 d:/software/jetbrains/gcc-arm-none-eabi/bin/../lib/gcc/arm-none-eabi/10.3.1/../../../../arm-none-eabi/lib/thumb/v7-m/nofp\libg.a(lib_a-init.o)
                0x080016fc                __libc_init_array
 .text.memset   0x08001744       0xa4 d:/software/jetbrains/gcc-arm-none-eabi/bin/../lib/gcc/arm-none-eabi/10.3.1/../../../../arm-none-eabi/lib/thumb/v7-m/nofp\libg.a(lib_a-memset.o)
                0x08001744                memset
 .text.startup.register_fini
                0x080017e8       0x14 d:/software/jetbrains/gcc-arm-none-eabi/bin/../lib/gcc/arm-none-eabi/10.3.1/../../../../arm-none-eabi/lib/thumb/v7-m/nofp\libg.a(lib_a-__call_atexit.o)
 .text.atexit   0x080017fc        0xc d:/software/jetbrains/gcc-arm-none-eabi/bin/../lib/gcc/arm-none-eabi/10.3.1/../../../../arm-none-eabi/lib/thumb/v7-m/nofp\libg.a(lib_a-atexit.o)
                0x080017fc                atexit
 .text.__libc_fini_array
                0x08001808       0x2c d:/software/jetbrains/gcc-arm-none-eabi/bin/../lib/gcc/arm-none-eabi/10.3.1/../../../../arm-none-eabi/lib/thumb/v7-m/nofp\libg.a(lib_a-fini.o)
                0x08001808                __libc_fini_array
 .text.__retarget_lock_acquire_recursive
                0x08001834        0x4 d:/software/jetbrains/gcc-arm-none-eabi/bin/../lib/gcc/arm-none-eabi/10.3.1/../../../../arm-none-eabi/lib/thumb/v7-m/nofp\libg.a(lib_a-lock.o)
                0x08001834                __retarget_lock_acquire_recursive
 .text.__retarget_lock_release_recursive
                0x08001838        0x4 d:/software/jetbrains/gcc-arm-none-eabi/bin/../lib/gcc/arm-none-eabi/10.3.1/../../../../arm-none-eabi/lib/thumb/v7-m/nofp\libg.a(lib_a-lock.o)
                0x08001838                __retarget_lock_release_recursive
 .text.__register_exitproc
                0x0800183c       0x8c d:/software/jetbrains/gcc-arm-none-eabi/bin/../lib/gcc/arm-none-eabi/10.3.1/../../../../arm-none-eabi/lib/thumb/v7-m/nofp\libg.a(lib_a-__atexit.o)
                0x0800183c                __register_exitproc
 *(.glue_7)
 .glue_7        0x080018c8        0x0 linker stubs
 *(.glue_7t)
 .glue_7t       0x080018c8        0x0 linker stubs
 *(.eh_frame)
 .eh_frame      0x080018c8        0x0 d:/software/jetbrains/gcc-arm-none-eabi/bin/../lib/gcc/arm-none-eabi/10.3.1/thumb/v7-m/nofp/crtbegin.o
 *(.init)
 .init          0x080018c8        0x4 d:/software/jetbrains/gcc-arm-none-eabi/bin/../lib/gcc/arm-none-eabi/10.3.1/thumb/v7-m/nofp/crti.o
                0x080018c8                _init
 .init          0x080018cc        0x8 d:/software/jetbrains/gcc-arm-none-eabi/bin/../lib/gcc/arm-none-eabi/10.3.1/thumb/v7-m/nofp/crtn.o
 *(.fini)
 .fini          0x080018d4        0x4 d:/software/jetbrains/gcc-arm-none-eabi/bin/../lib/gcc/arm-none-eabi/10.3.1/thumb/v7-m/nofp/crti.o
                0x080018d4                _fini
 .fini          0x080018d8        0x8 d:/software/jetbrains/gcc-arm-none-eabi/bin/../lib/gcc/arm-none-eabi/10.3.1/thumb/v7-m/nofp/crtn.o
                0x080018e0                . = ALIGN (0x4)
                0x080018e0                _etext = .

.vfp11_veneer   0x080018e0        0x0
 .vfp11_veneer  0x080018e0        0x0 linker stubs

.v4_bx          0x080018e0        0x0
 .v4_bx         0x080018e0        0x0 linker stubs

.iplt           0x080018e0        0x0
 .iplt          0x080018e0        0x0 d:/software/jetbrains/gcc-arm-none-eabi/bin/../lib/gcc/arm-none-eabi/10.3.1/thumb/v7-m/nofp/crtbegin.o

.rodata         0x080018e0       0x30
                0x080018e0                . = ALIGN (0x4)
 *(.rodata)
 *(.rodata*)
 .rodata.AHBPrescTable
                0x080018e0       0x10 CMakeFiles/StudyCode2.elf.dir/Core/Src/system_stm32f1xx.c.obj
                0x080018e0                AHBPrescTable
 .rodata.APBPrescTable
                0x080018f0        0x8 CMakeFiles/StudyCode2.elf.dir/Core/Src/system_stm32f1xx.c.obj
                0x080018f0                APBPrescTable
 .rodata.aPLLMULFactorTable.1
                0x080018f8       0x10 CMakeFiles/StudyCode2.elf.dir/Drivers/STM32F1xx_HAL_Driver/Src/stm32f1xx_hal_rcc.c.obj
 .rodata.aPredivFactorTable.0
                0x08001908        0x2 CMakeFiles/StudyCode2.elf.dir/Drivers/STM32F1xx_HAL_Driver/Src/stm32f1xx_hal_rcc.c.obj
 *fill*         0x0800190a        0x2 
 .rodata._global_impure_ptr
                0x0800190c        0x4 d:/software/jetbrains/gcc-arm-none-eabi/bin/../lib/gcc/arm-none-eabi/10.3.1/../../../../arm-none-eabi/lib/thumb/v7-m/nofp\libg.a(lib_a-impure.o)
                0x0800190c                _global_impure_ptr
                0x08001910                . = ALIGN (0x4)

.rel.dyn        0x08001910        0x0
 .rel.iplt      0x08001910        0x0 d:/software/jetbrains/gcc-arm-none-eabi/bin/../lib/gcc/arm-none-eabi/10.3.1/thumb/v7-m/nofp/crtbegin.o

.ARM.extab      0x08001910        0x0
                0x08001910                . = ALIGN (0x4)
 *(.ARM.extab* .gnu.linkonce.armextab.*)
                0x08001910                . = ALIGN (0x4)

.ARM            0x08001910        0x0
                0x08001910                . = ALIGN (0x4)
                0x08001910                __exidx_start = .
 *(.ARM.exidx*)
                0x08001910                __exidx_end = .
                0x08001910                . = ALIGN (0x4)

.preinit_array  0x08001910        0x0
                0x08001910                . = ALIGN (0x4)
                0x08001910                PROVIDE (__preinit_array_start = .)
 *(.preinit_array*)
                0x08001910                PROVIDE (__preinit_array_end = .)
                0x08001910                . = ALIGN (0x4)

.init_array     0x08001910        0x8
                0x08001910                . = ALIGN (0x4)
                0x08001910                PROVIDE (__init_array_start = .)
 *(SORT_BY_NAME(.init_array.*))
 .init_array.00000
                0x08001910        0x4 d:/software/jetbrains/gcc-arm-none-eabi/bin/../lib/gcc/arm-none-eabi/10.3.1/../../../../arm-none-eabi/lib/thumb/v7-m/nofp\libg.a(lib_a-__call_atexit.o)
 *(.init_array*)
 .init_array    0x08001914        0x4 d:/software/jetbrains/gcc-arm-none-eabi/bin/../lib/gcc/arm-none-eabi/10.3.1/thumb/v7-m/nofp/crtbegin.o
                0x08001918                PROVIDE (__init_array_end = .)
                0x08001918                . = ALIGN (0x4)

.fini_array     0x08001918        0x4
                0x08001918                . = ALIGN (0x4)
                0x08001918                PROVIDE (__fini_array_start = .)
 *(SORT_BY_NAME(.fini_array.*))
 *(.fini_array*)
 .fini_array    0x08001918        0x4 d:/software/jetbrains/gcc-arm-none-eabi/bin/../lib/gcc/arm-none-eabi/10.3.1/thumb/v7-m/nofp/crtbegin.o
                0x0800191c                PROVIDE (__fini_array_end = .)
                0x0800191c                . = ALIGN (0x4)
                0x0800191c                _sidata = LOADADDR (.data)

.data           0x20000000      0x43c load address 0x0800191c
                0x20000000                . = ALIGN (0x4)
                0x20000000                _sdata = .
 *(.data)
 *(.data*)
 .data.SystemCoreClock
                0x20000000        0x4 CMakeFiles/StudyCode2.elf.dir/Core/Src/system_stm32f1xx.c.obj
                0x20000000                SystemCoreClock
 .data.uwTickFreq
                0x20000004        0x1 CMakeFiles/StudyCode2.elf.dir/Drivers/STM32F1xx_HAL_Driver/Src/stm32f1xx_hal.c.obj
                0x20000004                uwTickFreq
 *fill*         0x20000005        0x3 
 .data.uwTickPrio
                0x20000008        0x4 CMakeFiles/StudyCode2.elf.dir/Drivers/STM32F1xx_HAL_Driver/Src/stm32f1xx_hal.c.obj
                0x20000008                uwTickPrio
 *fill*         0x2000000c        0x4 
 .data.impure_data
                0x20000010      0x428 d:/software/jetbrains/gcc-arm-none-eabi/bin/../lib/gcc/arm-none-eabi/10.3.1/../../../../arm-none-eabi/lib/thumb/v7-m/nofp\libg.a(lib_a-impure.o)
 .data.__atexit_recursive_mutex
                0x20000438        0x4 d:/software/jetbrains/gcc-arm-none-eabi/bin/../lib/gcc/arm-none-eabi/10.3.1/../../../../arm-none-eabi/lib/thumb/v7-m/nofp\libg.a(lib_a-__call_atexit.o)
                0x20000438                __atexit_recursive_mutex
 *(.RamFunc)
 *(.RamFunc*)
                0x2000043c                . = ALIGN (0x4)
                0x2000043c                _edata = .

.igot.plt       0x2000043c        0x0 load address 0x08001d58
 .igot.plt      0x2000043c        0x0 d:/software/jetbrains/gcc-arm-none-eabi/bin/../lib/gcc/arm-none-eabi/10.3.1/thumb/v7-m/nofp/crtbegin.o
                0x2000043c                . = ALIGN (0x4)

.bss            0x2000043c       0xc0 load address 0x08001d58
                0x2000043c                _sbss = .
                0x2000043c                __bss_start__ = _sbss
 *(.bss)
 .bss           0x2000043c       0x1c d:/software/jetbrains/gcc-arm-none-eabi/bin/../lib/gcc/arm-none-eabi/10.3.1/thumb/v7-m/nofp/crtbegin.o
 *(.bss*)
 .bss.hi2c1     0x20000458       0x54 CMakeFiles/StudyCode2.elf.dir/Core/Src/i2c.c.obj
                0x20000458                hi2c1
 .bss.htim2     0x200004ac       0x48 CMakeFiles/StudyCode2.elf.dir/Core/Src/tim.c.obj
                0x200004ac                htim2
 .bss.uwTick    0x200004f4        0x4 CMakeFiles/StudyCode2.elf.dir/Drivers/STM32F1xx_HAL_Driver/Src/stm32f1xx_hal.c.obj
                0x200004f4                uwTick
 .bss.__lock___atexit_recursive_mutex
                0x200004f8        0x1 d:/software/jetbrains/gcc-arm-none-eabi/bin/../lib/gcc/arm-none-eabi/10.3.1/../../../../arm-none-eabi/lib/thumb/v7-m/nofp\libg.a(lib_a-lock.o)
                0x200004f8                __lock___atexit_recursive_mutex
 *(COMMON)
                0x200004fc                . = ALIGN (0x4)
 *fill*         0x200004f9        0x3 
                0x200004fc                _ebss = .
                0x200004fc                __bss_end__ = _ebss

._user_heap_stack
                0x200004fc      0x604 load address 0x08001d58
                0x20000500                . = ALIGN (0x8)
 *fill*         0x200004fc        0x4 
                [!provide]                PROVIDE (end = .)
                0x20000500                PROVIDE (_end = .)
                0x20000700                . = (. + _Min_Heap_Size)
 *fill*         0x20000500      0x200 
                0x20000b00                . = (. + _Min_Stack_Size)
 *fill*         0x20000700      0x400 
                0x20000b00                . = ALIGN (0x8)

/DISCARD/
 libc.a(*)
 libm.a(*)
 libgcc.a(*)

.ARM.attributes
                0x00000000       0x29
 *(.ARM.attributes)
 .ARM.attributes
                0x00000000       0x1d d:/software/jetbrains/gcc-arm-none-eabi/bin/../lib/gcc/arm-none-eabi/10.3.1/thumb/v7-m/nofp/crti.o
 .ARM.attributes
                0x0000001d       0x2d d:/software/jetbrains/gcc-arm-none-eabi/bin/../lib/gcc/arm-none-eabi/10.3.1/thumb/v7-m/nofp/crtbegin.o
 .ARM.attributes
                0x0000004a       0x2d CMakeFiles/StudyCode2.elf.dir/Core/Src/gpio.c.obj
 .ARM.attributes
                0x00000077       0x2d CMakeFiles/StudyCode2.elf.dir/Core/Src/i2c.c.obj
 .ARM.attributes
                0x000000a4       0x2d CMakeFiles/StudyCode2.elf.dir/Core/Src/main.c.obj
 .ARM.attributes
                0x000000d1       0x2d CMakeFiles/StudyCode2.elf.dir/Core/Src/stm32f1xx_hal_msp.c.obj
 .ARM.attributes
                0x000000fe       0x2d CMakeFiles/StudyCode2.elf.dir/Core/Src/stm32f1xx_it.c.obj
 .ARM.attributes
                0x0000012b       0x2d CMakeFiles/StudyCode2.elf.dir/Core/Src/system_stm32f1xx.c.obj
 .ARM.attributes
                0x00000158       0x2d CMakeFiles/StudyCode2.elf.dir/Core/Src/tim.c.obj
 .ARM.attributes
                0x00000185       0x21 CMakeFiles/StudyCode2.elf.dir/Core/Startup/startup_stm32f103c8tx.s.obj
 .ARM.attributes
                0x000001a6       0x2d CMakeFiles/StudyCode2.elf.dir/Drivers/STM32F1xx_HAL_Driver/Src/stm32f1xx_hal.c.obj
 .ARM.attributes
                0x000001d3       0x2d CMakeFiles/StudyCode2.elf.dir/Drivers/STM32F1xx_HAL_Driver/Src/stm32f1xx_hal_cortex.c.obj
 .ARM.attributes
                0x00000200       0x2d CMakeFiles/StudyCode2.elf.dir/Drivers/STM32F1xx_HAL_Driver/Src/stm32f1xx_hal_gpio.c.obj
 .ARM.attributes
                0x0000022d       0x2d CMakeFiles/StudyCode2.elf.dir/Drivers/STM32F1xx_HAL_Driver/Src/stm32f1xx_hal_i2c.c.obj
 .ARM.attributes
                0x0000025a       0x2d CMakeFiles/StudyCode2.elf.dir/Drivers/STM32F1xx_HAL_Driver/Src/stm32f1xx_hal_rcc.c.obj
 .ARM.attributes
                0x00000287       0x2d CMakeFiles/StudyCode2.elf.dir/Drivers/STM32F1xx_HAL_Driver/Src/stm32f1xx_hal_tim.c.obj
 .ARM.attributes
                0x000002b4       0x2d CMakeFiles/StudyCode2.elf.dir/Drivers/STM32F1xx_HAL_Driver/Src/stm32f1xx_hal_tim_ex.c.obj
 .ARM.attributes
                0x000002e1       0x2d d:/software/jetbrains/gcc-arm-none-eabi/bin/../lib/gcc/arm-none-eabi/10.3.1/../../../../arm-none-eabi/lib/thumb/v7-m/nofp\libg.a(lib_a-impure.o)
 .ARM.attributes
                0x0000030e       0x2d d:/software/jetbrains/gcc-arm-none-eabi/bin/../lib/gcc/arm-none-eabi/10.3.1/../../../../arm-none-eabi/lib/thumb/v7-m/nofp\libg.a(lib_a-init.o)
 .ARM.attributes
                0x0000033b       0x2d d:/software/jetbrains/gcc-arm-none-eabi/bin/../lib/gcc/arm-none-eabi/10.3.1/../../../../arm-none-eabi/lib/thumb/v7-m/nofp\libg.a(lib_a-memset.o)
 .ARM.attributes
                0x00000368       0x2d d:/software/jetbrains/gcc-arm-none-eabi/bin/../lib/gcc/arm-none-eabi/10.3.1/../../../../arm-none-eabi/lib/thumb/v7-m/nofp\libg.a(lib_a-__call_atexit.o)
 .ARM.attributes
                0x00000395       0x2d d:/software/jetbrains/gcc-arm-none-eabi/bin/../lib/gcc/arm-none-eabi/10.3.1/../../../../arm-none-eabi/lib/thumb/v7-m/nofp\libg.a(lib_a-atexit.o)
 .ARM.attributes
                0x000003c2       0x2d d:/software/jetbrains/gcc-arm-none-eabi/bin/../lib/gcc/arm-none-eabi/10.3.1/../../../../arm-none-eabi/lib/thumb/v7-m/nofp\libg.a(lib_a-fini.o)
 .ARM.attributes
                0x000003ef       0x2d d:/software/jetbrains/gcc-arm-none-eabi/bin/../lib/gcc/arm-none-eabi/10.3.1/../../../../arm-none-eabi/lib/thumb/v7-m/nofp\libg.a(lib_a-lock.o)
 .ARM.attributes
                0x0000041c       0x2d d:/software/jetbrains/gcc-arm-none-eabi/bin/../lib/gcc/arm-none-eabi/10.3.1/../../../../arm-none-eabi/lib/thumb/v7-m/nofp\libg.a(lib_a-__atexit.o)
 .ARM.attributes
                0x00000449       0x1d d:/software/jetbrains/gcc-arm-none-eabi/bin/../lib/gcc/arm-none-eabi/10.3.1/thumb/v7-m/nofp/crtn.o
OUTPUT(StudyCode2.elf elf32-littlearm)
LOAD linker stubs
LOAD d:/software/jetbrains/gcc-arm-none-eabi/bin/../lib/gcc/arm-none-eabi/10.3.1/../../../../arm-none-eabi/lib/thumb/v7-m/nofp\libc.a
LOAD d:/software/jetbrains/gcc-arm-none-eabi/bin/../lib/gcc/arm-none-eabi/10.3.1/../../../../arm-none-eabi/lib/thumb/v7-m/nofp\libm.a
LOAD d:/software/jetbrains/gcc-arm-none-eabi/bin/../lib/gcc/arm-none-eabi/10.3.1/thumb/v7-m/nofp\libgcc.a

.debug_info     0x00000000     0xdba9
 .debug_info    0x00000000      0x4f4 CMakeFiles/StudyCode2.elf.dir/Core/Src/gpio.c.obj
 .debug_info    0x000004f4      0x8a4 CMakeFiles/StudyCode2.elf.dir/Core/Src/i2c.c.obj
 .debug_info    0x00000d98      0x4b5 CMakeFiles/StudyCode2.elf.dir/Core/Src/main.c.obj
 .debug_info    0x0000124d      0x211 CMakeFiles/StudyCode2.elf.dir/Core/Src/stm32f1xx_hal_msp.c.obj
 .debug_info    0x0000145e      0x14b CMakeFiles/StudyCode2.elf.dir/Core/Src/stm32f1xx_it.c.obj
 .debug_info    0x000015a9      0x248 CMakeFiles/StudyCode2.elf.dir/Core/Src/system_stm32f1xx.c.obj
 .debug_info    0x000017f1      0xaf7 CMakeFiles/StudyCode2.elf.dir/Core/Src/tim.c.obj
 .debug_info    0x000022e8       0x22 CMakeFiles/StudyCode2.elf.dir/Core/Startup/startup_stm32f103c8tx.s.obj
 .debug_info    0x0000230a      0x7a8 CMakeFiles/StudyCode2.elf.dir/Drivers/STM32F1xx_HAL_Driver/Src/stm32f1xx_hal.c.obj
 .debug_info    0x00002ab2      0xd8a CMakeFiles/StudyCode2.elf.dir/Drivers/STM32F1xx_HAL_Driver/Src/stm32f1xx_hal_cortex.c.obj
 .debug_info    0x0000383c      0x66f CMakeFiles/StudyCode2.elf.dir/Drivers/STM32F1xx_HAL_Driver/Src/stm32f1xx_hal_gpio.c.obj
 .debug_info    0x00003eab     0x3ab6 CMakeFiles/StudyCode2.elf.dir/Drivers/STM32F1xx_HAL_Driver/Src/stm32f1xx_hal_i2c.c.obj
 .debug_info    0x00007961      0xa3b CMakeFiles/StudyCode2.elf.dir/Drivers/STM32F1xx_HAL_Driver/Src/stm32f1xx_hal_rcc.c.obj
 .debug_info    0x0000839c     0x3d52 CMakeFiles/StudyCode2.elf.dir/Drivers/STM32F1xx_HAL_Driver/Src/stm32f1xx_hal_tim.c.obj
 .debug_info    0x0000c0ee     0x1abb CMakeFiles/StudyCode2.elf.dir/Drivers/STM32F1xx_HAL_Driver/Src/stm32f1xx_hal_tim_ex.c.obj

.debug_abbrev   0x00000000     0x1a51
 .debug_abbrev  0x00000000      0x172 CMakeFiles/StudyCode2.elf.dir/Core/Src/gpio.c.obj
 .debug_abbrev  0x00000172      0x1c1 CMakeFiles/StudyCode2.elf.dir/Core/Src/i2c.c.obj
 .debug_abbrev  0x00000333      0x1b6 CMakeFiles/StudyCode2.elf.dir/Core/Src/main.c.obj
 .debug_abbrev  0x000004e9       0xe5 CMakeFiles/StudyCode2.elf.dir/Core/Src/stm32f1xx_hal_msp.c.obj
 .debug_abbrev  0x000005ce       0x7e CMakeFiles/StudyCode2.elf.dir/Core/Src/stm32f1xx_it.c.obj
 .debug_abbrev  0x0000064c      0x13e CMakeFiles/StudyCode2.elf.dir/Core/Src/system_stm32f1xx.c.obj
 .debug_abbrev  0x0000078a      0x200 CMakeFiles/StudyCode2.elf.dir/Core/Src/tim.c.obj
 .debug_abbrev  0x0000098a       0x12 CMakeFiles/StudyCode2.elf.dir/Core/Startup/startup_stm32f103c8tx.s.obj
 .debug_abbrev  0x0000099c      0x1f4 CMakeFiles/StudyCode2.elf.dir/Drivers/STM32F1xx_HAL_Driver/Src/stm32f1xx_hal.c.obj
 .debug_abbrev  0x00000b90      0x341 CMakeFiles/StudyCode2.elf.dir/Drivers/STM32F1xx_HAL_Driver/Src/stm32f1xx_hal_cortex.c.obj
 .debug_abbrev  0x00000ed1      0x1e6 CMakeFiles/StudyCode2.elf.dir/Drivers/STM32F1xx_HAL_Driver/Src/stm32f1xx_hal_gpio.c.obj
 .debug_abbrev  0x000010b7      0x293 CMakeFiles/StudyCode2.elf.dir/Drivers/STM32F1xx_HAL_Driver/Src/stm32f1xx_hal_i2c.c.obj
 .debug_abbrev  0x0000134a      0x27a CMakeFiles/StudyCode2.elf.dir/Drivers/STM32F1xx_HAL_Driver/Src/stm32f1xx_hal_rcc.c.obj
 .debug_abbrev  0x000015c4      0x245 CMakeFiles/StudyCode2.elf.dir/Drivers/STM32F1xx_HAL_Driver/Src/stm32f1xx_hal_tim.c.obj
 .debug_abbrev  0x00001809      0x248 CMakeFiles/StudyCode2.elf.dir/Drivers/STM32F1xx_HAL_Driver/Src/stm32f1xx_hal_tim_ex.c.obj

.debug_loc      0x00000000     0xc441
 .debug_loc     0x00000000       0x38 CMakeFiles/StudyCode2.elf.dir/Core/Src/gpio.c.obj
 .debug_loc     0x00000038       0x67 CMakeFiles/StudyCode2.elf.dir/Core/Src/i2c.c.obj
 .debug_loc     0x0000009f       0x15 CMakeFiles/StudyCode2.elf.dir/Core/Src/stm32f1xx_hal_msp.c.obj
 .debug_loc     0x000000b4       0xff CMakeFiles/StudyCode2.elf.dir/Core/Src/system_stm32f1xx.c.obj
 .debug_loc     0x000001b3       0x42 CMakeFiles/StudyCode2.elf.dir/Core/Src/tim.c.obj
 .debug_loc     0x000001f5      0x141 CMakeFiles/StudyCode2.elf.dir/Drivers/STM32F1xx_HAL_Driver/Src/stm32f1xx_hal.c.obj
 .debug_loc     0x00000336      0x71f CMakeFiles/StudyCode2.elf.dir/Drivers/STM32F1xx_HAL_Driver/Src/stm32f1xx_hal_cortex.c.obj
 .debug_loc     0x00000a55      0x47d CMakeFiles/StudyCode2.elf.dir/Drivers/STM32F1xx_HAL_Driver/Src/stm32f1xx_hal_gpio.c.obj
 .debug_loc     0x00000ed2     0x41ca CMakeFiles/StudyCode2.elf.dir/Drivers/STM32F1xx_HAL_Driver/Src/stm32f1xx_hal_i2c.c.obj
 .debug_loc     0x0000509c      0x618 CMakeFiles/StudyCode2.elf.dir/Drivers/STM32F1xx_HAL_Driver/Src/stm32f1xx_hal_rcc.c.obj
 .debug_loc     0x000056b4     0x50fa CMakeFiles/StudyCode2.elf.dir/Drivers/STM32F1xx_HAL_Driver/Src/stm32f1xx_hal_tim.c.obj
 .debug_loc     0x0000a7ae     0x1c93 CMakeFiles/StudyCode2.elf.dir/Drivers/STM32F1xx_HAL_Driver/Src/stm32f1xx_hal_tim_ex.c.obj

.debug_aranges  0x00000000      0xbc8
 .debug_aranges
                0x00000000       0x28 CMakeFiles/StudyCode2.elf.dir/Core/Src/gpio.c.obj
 .debug_aranges
                0x00000028       0x30 CMakeFiles/StudyCode2.elf.dir/Core/Src/i2c.c.obj
 .debug_aranges
                0x00000058       0x30 CMakeFiles/StudyCode2.elf.dir/Core/Src/main.c.obj
 .debug_aranges
                0x00000088       0x20 CMakeFiles/StudyCode2.elf.dir/Core/Src/stm32f1xx_hal_msp.c.obj
 .debug_aranges
                0x000000a8       0x60 CMakeFiles/StudyCode2.elf.dir/Core/Src/stm32f1xx_it.c.obj
 .debug_aranges
                0x00000108       0x28 CMakeFiles/StudyCode2.elf.dir/Core/Src/system_stm32f1xx.c.obj
 .debug_aranges
                0x00000130       0x38 CMakeFiles/StudyCode2.elf.dir/Core/Src/tim.c.obj
 .debug_aranges
                0x00000168       0x28 CMakeFiles/StudyCode2.elf.dir/Core/Startup/startup_stm32f103c8tx.s.obj
 .debug_aranges
                0x00000190       0xe0 CMakeFiles/StudyCode2.elf.dir/Drivers/STM32F1xx_HAL_Driver/Src/stm32f1xx_hal.c.obj
 .debug_aranges
                0x00000270       0x90 CMakeFiles/StudyCode2.elf.dir/Drivers/STM32F1xx_HAL_Driver/Src/stm32f1xx_hal_cortex.c.obj
 .debug_aranges
                0x00000300       0x58 CMakeFiles/StudyCode2.elf.dir/Drivers/STM32F1xx_HAL_Driver/Src/stm32f1xx_hal_gpio.c.obj
 .debug_aranges
                0x00000358      0x2a8 CMakeFiles/StudyCode2.elf.dir/Drivers/STM32F1xx_HAL_Driver/Src/stm32f1xx_hal_i2c.c.obj
 .debug_aranges
                0x00000600       0x90 CMakeFiles/StudyCode2.elf.dir/Drivers/STM32F1xx_HAL_Driver/Src/stm32f1xx_hal_rcc.c.obj
 .debug_aranges
                0x00000690      0x3d0 CMakeFiles/StudyCode2.elf.dir/Drivers/STM32F1xx_HAL_Driver/Src/stm32f1xx_hal_tim.c.obj
 .debug_aranges
                0x00000a60      0x168 CMakeFiles/StudyCode2.elf.dir/Drivers/STM32F1xx_HAL_Driver/Src/stm32f1xx_hal_tim_ex.c.obj

.debug_ranges   0x00000000      0xb78
 .debug_ranges  0x00000000       0x18 CMakeFiles/StudyCode2.elf.dir/Core/Src/gpio.c.obj
 .debug_ranges  0x00000018       0x20 CMakeFiles/StudyCode2.elf.dir/Core/Src/i2c.c.obj
 .debug_ranges  0x00000038       0x20 CMakeFiles/StudyCode2.elf.dir/Core/Src/main.c.obj
 .debug_ranges  0x00000058       0x10 CMakeFiles/StudyCode2.elf.dir/Core/Src/stm32f1xx_hal_msp.c.obj
 .debug_ranges  0x00000068       0x50 CMakeFiles/StudyCode2.elf.dir/Core/Src/stm32f1xx_it.c.obj
 .debug_ranges  0x000000b8       0x18 CMakeFiles/StudyCode2.elf.dir/Core/Src/system_stm32f1xx.c.obj
 .debug_ranges  0x000000d0       0x28 CMakeFiles/StudyCode2.elf.dir/Core/Src/tim.c.obj
 .debug_ranges  0x000000f8       0x20 CMakeFiles/StudyCode2.elf.dir/Core/Startup/startup_stm32f103c8tx.s.obj
 .debug_ranges  0x00000118       0xd0 CMakeFiles/StudyCode2.elf.dir/Drivers/STM32F1xx_HAL_Driver/Src/stm32f1xx_hal.c.obj
 .debug_ranges  0x000001e8       0xe0 CMakeFiles/StudyCode2.elf.dir/Drivers/STM32F1xx_HAL_Driver/Src/stm32f1xx_hal_cortex.c.obj
 .debug_ranges  0x000002c8       0x48 CMakeFiles/StudyCode2.elf.dir/Drivers/STM32F1xx_HAL_Driver/Src/stm32f1xx_hal_gpio.c.obj
 .debug_ranges  0x00000310      0x2b0 CMakeFiles/StudyCode2.elf.dir/Drivers/STM32F1xx_HAL_Driver/Src/stm32f1xx_hal_i2c.c.obj
 .debug_ranges  0x000005c0       0xa0 CMakeFiles/StudyCode2.elf.dir/Drivers/STM32F1xx_HAL_Driver/Src/stm32f1xx_hal_rcc.c.obj
 .debug_ranges  0x00000660      0x3c0 CMakeFiles/StudyCode2.elf.dir/Drivers/STM32F1xx_HAL_Driver/Src/stm32f1xx_hal_tim.c.obj
 .debug_ranges  0x00000a20      0x158 CMakeFiles/StudyCode2.elf.dir/Drivers/STM32F1xx_HAL_Driver/Src/stm32f1xx_hal_tim_ex.c.obj

.debug_line     0x00000000     0xf5ea
 .debug_line    0x00000000      0x3b4 CMakeFiles/StudyCode2.elf.dir/Core/Src/gpio.c.obj
 .debug_line    0x000003b4      0x3cb CMakeFiles/StudyCode2.elf.dir/Core/Src/i2c.c.obj
 .debug_line    0x0000077f      0x49e CMakeFiles/StudyCode2.elf.dir/Core/Src/main.c.obj
 .debug_line    0x00000c1d      0x1dc CMakeFiles/StudyCode2.elf.dir/Core/Src/stm32f1xx_hal_msp.c.obj
 .debug_line    0x00000df9      0x223 CMakeFiles/StudyCode2.elf.dir/Core/Src/stm32f1xx_it.c.obj
 .debug_line    0x0000101c      0x2a6 CMakeFiles/StudyCode2.elf.dir/Core/Src/system_stm32f1xx.c.obj
 .debug_line    0x000012c2      0x46e CMakeFiles/StudyCode2.elf.dir/Core/Src/tim.c.obj
 .debug_line    0x00001730       0xcc CMakeFiles/StudyCode2.elf.dir/Core/Startup/startup_stm32f103c8tx.s.obj
 .debug_line    0x000017fc      0x620 CMakeFiles/StudyCode2.elf.dir/Drivers/STM32F1xx_HAL_Driver/Src/stm32f1xx_hal.c.obj
 .debug_line    0x00001e1c      0x6e2 CMakeFiles/StudyCode2.elf.dir/Drivers/STM32F1xx_HAL_Driver/Src/stm32f1xx_hal_cortex.c.obj
 .debug_line    0x000024fe      0x68a CMakeFiles/StudyCode2.elf.dir/Drivers/STM32F1xx_HAL_Driver/Src/stm32f1xx_hal_gpio.c.obj
 .debug_line    0x00002b88     0x56e2 CMakeFiles/StudyCode2.elf.dir/Drivers/STM32F1xx_HAL_Driver/Src/stm32f1xx_hal_i2c.c.obj
 .debug_line    0x0000826a      0xcc7 CMakeFiles/StudyCode2.elf.dir/Drivers/STM32F1xx_HAL_Driver/Src/stm32f1xx_hal_rcc.c.obj
 .debug_line    0x00008f31     0x4a22 CMakeFiles/StudyCode2.elf.dir/Drivers/STM32F1xx_HAL_Driver/Src/stm32f1xx_hal_tim.c.obj
 .debug_line    0x0000d953     0x1c97 CMakeFiles/StudyCode2.elf.dir/Drivers/STM32F1xx_HAL_Driver/Src/stm32f1xx_hal_tim_ex.c.obj

.debug_str      0x00000000     0x3bea
 .debug_str     0x00000000      0x2e5 CMakeFiles/StudyCode2.elf.dir/Core/Src/gpio.c.obj
                                0x33e (size before relaxing)
 .debug_str     0x000002e5      0x4fd CMakeFiles/StudyCode2.elf.dir/Core/Src/i2c.c.obj
                                0x7be (size before relaxing)
 .debug_str     0x000007e2      0x1ee CMakeFiles/StudyCode2.elf.dir/Core/Src/main.c.obj
                                0x4a6 (size before relaxing)
 .debug_str     0x000009d0       0xa0 CMakeFiles/StudyCode2.elf.dir/Core/Src/stm32f1xx_hal_msp.c.obj
                                0x2a9 (size before relaxing)
 .debug_str     0x00000a70      0x114 CMakeFiles/StudyCode2.elf.dir/Core/Src/stm32f1xx_it.c.obj
                                0x2c3 (size before relaxing)
 .debug_str     0x00000b84       0xc4 CMakeFiles/StudyCode2.elf.dir/Core/Src/system_stm32f1xx.c.obj
                                0x2de (size before relaxing)
 .debug_str     0x00000c48      0x4d8 CMakeFiles/StudyCode2.elf.dir/Core/Src/tim.c.obj
                                0x9a5 (size before relaxing)
 .debug_str     0x00001120       0x7c CMakeFiles/StudyCode2.elf.dir/Core/Startup/startup_stm32f103c8tx.s.obj
                                 0xd7 (size before relaxing)
 .debug_str     0x0000119c      0x634 CMakeFiles/StudyCode2.elf.dir/Drivers/STM32F1xx_HAL_Driver/Src/stm32f1xx_hal.c.obj
                                0x8ae (size before relaxing)
 .debug_str     0x000017d0      0x40b CMakeFiles/StudyCode2.elf.dir/Drivers/STM32F1xx_HAL_Driver/Src/stm32f1xx_hal_cortex.c.obj
                                0x95d (size before relaxing)
 .debug_str     0x00001bdb      0x14d CMakeFiles/StudyCode2.elf.dir/Drivers/STM32F1xx_HAL_Driver/Src/stm32f1xx_hal_gpio.c.obj
                                0x48a (size before relaxing)
 .debug_str     0x00001d28      0x948 CMakeFiles/StudyCode2.elf.dir/Drivers/STM32F1xx_HAL_Driver/Src/stm32f1xx_hal_i2c.c.obj
                               0x104f (size before relaxing)
 .debug_str     0x00002670      0x1f1 CMakeFiles/StudyCode2.elf.dir/Drivers/STM32F1xx_HAL_Driver/Src/stm32f1xx_hal_rcc.c.obj
                                0x6b5 (size before relaxing)
 .debug_str     0x00002861      0xe1f CMakeFiles/StudyCode2.elf.dir/Drivers/STM32F1xx_HAL_Driver/Src/stm32f1xx_hal_tim.c.obj
                               0x16c9 (size before relaxing)
 .debug_str     0x00003680      0x56a CMakeFiles/StudyCode2.elf.dir/Drivers/STM32F1xx_HAL_Driver/Src/stm32f1xx_hal_tim_ex.c.obj
                                0xeca (size before relaxing)

.comment        0x00000000       0x49
 .comment       0x00000000       0x49 CMakeFiles/StudyCode2.elf.dir/Core/Src/gpio.c.obj
                                 0x4a (size before relaxing)
 .comment       0x00000049       0x4a CMakeFiles/StudyCode2.elf.dir/Core/Src/i2c.c.obj
 .comment       0x00000049       0x4a CMakeFiles/StudyCode2.elf.dir/Core/Src/main.c.obj
 .comment       0x00000049       0x4a CMakeFiles/StudyCode2.elf.dir/Core/Src/stm32f1xx_hal_msp.c.obj
 .comment       0x00000049       0x4a CMakeFiles/StudyCode2.elf.dir/Core/Src/stm32f1xx_it.c.obj
 .comment       0x00000049       0x4a CMakeFiles/StudyCode2.elf.dir/Core/Src/system_stm32f1xx.c.obj
 .comment       0x00000049       0x4a CMakeFiles/StudyCode2.elf.dir/Core/Src/tim.c.obj
 .comment       0x00000049       0x4a CMakeFiles/StudyCode2.elf.dir/Drivers/STM32F1xx_HAL_Driver/Src/stm32f1xx_hal.c.obj
 .comment       0x00000049       0x4a CMakeFiles/StudyCode2.elf.dir/Drivers/STM32F1xx_HAL_Driver/Src/stm32f1xx_hal_cortex.c.obj
 .comment       0x00000049       0x4a CMakeFiles/StudyCode2.elf.dir/Drivers/STM32F1xx_HAL_Driver/Src/stm32f1xx_hal_gpio.c.obj
 .comment       0x00000049       0x4a CMakeFiles/StudyCode2.elf.dir/Drivers/STM32F1xx_HAL_Driver/Src/stm32f1xx_hal_i2c.c.obj
 .comment       0x00000049       0x4a CMakeFiles/StudyCode2.elf.dir/Drivers/STM32F1xx_HAL_Driver/Src/stm32f1xx_hal_rcc.c.obj
 .comment       0x00000049       0x4a CMakeFiles/StudyCode2.elf.dir/Drivers/STM32F1xx_HAL_Driver/Src/stm32f1xx_hal_tim.c.obj
 .comment       0x00000049       0x4a CMakeFiles/StudyCode2.elf.dir/Drivers/STM32F1xx_HAL_Driver/Src/stm32f1xx_hal_tim_ex.c.obj

.debug_frame    0x00000000     0x226c
 .debug_frame   0x00000000       0x54 CMakeFiles/StudyCode2.elf.dir/Core/Src/gpio.c.obj
 .debug_frame   0x00000054       0x60 CMakeFiles/StudyCode2.elf.dir/Core/Src/i2c.c.obj
 .debug_frame   0x000000b4       0x58 CMakeFiles/StudyCode2.elf.dir/Core/Src/main.c.obj
 .debug_frame   0x0000010c       0x28 CMakeFiles/StudyCode2.elf.dir/Core/Src/stm32f1xx_hal_msp.c.obj
 .debug_frame   0x00000134       0xb0 CMakeFiles/StudyCode2.elf.dir/Core/Src/stm32f1xx_it.c.obj
 .debug_frame   0x000001e4       0x30 CMakeFiles/StudyCode2.elf.dir/Core/Src/system_stm32f1xx.c.obj
 .debug_frame   0x00000214       0x78 CMakeFiles/StudyCode2.elf.dir/Core/Src/tim.c.obj
 .debug_frame   0x0000028c      0x1cc CMakeFiles/StudyCode2.elf.dir/Drivers/STM32F1xx_HAL_Driver/Src/stm32f1xx_hal.c.obj
 .debug_frame   0x00000458      0x118 CMakeFiles/StudyCode2.elf.dir/Drivers/STM32F1xx_HAL_Driver/Src/stm32f1xx_hal_cortex.c.obj
 .debug_frame   0x00000570       0xe4 CMakeFiles/StudyCode2.elf.dir/Drivers/STM32F1xx_HAL_Driver/Src/stm32f1xx_hal_gpio.c.obj
 .debug_frame   0x00000654      0x984 CMakeFiles/StudyCode2.elf.dir/Drivers/STM32F1xx_HAL_Driver/Src/stm32f1xx_hal_i2c.c.obj
 .debug_frame   0x00000fd8      0x184 CMakeFiles/StudyCode2.elf.dir/Drivers/STM32F1xx_HAL_Driver/Src/stm32f1xx_hal_rcc.c.obj
 .debug_frame   0x0000115c      0xb18 CMakeFiles/StudyCode2.elf.dir/Drivers/STM32F1xx_HAL_Driver/Src/stm32f1xx_hal_tim.c.obj
 .debug_frame   0x00001c74      0x40c CMakeFiles/StudyCode2.elf.dir/Drivers/STM32F1xx_HAL_Driver/Src/stm32f1xx_hal_tim_ex.c.obj
 .debug_frame   0x00002080       0x2c d:/software/jetbrains/gcc-arm-none-eabi/bin/../lib/gcc/arm-none-eabi/10.3.1/../../../../arm-none-eabi/lib/thumb/v7-m/nofp\libg.a(lib_a-init.o)
 .debug_frame   0x000020ac       0x2c d:/software/jetbrains/gcc-arm-none-eabi/bin/../lib/gcc/arm-none-eabi/10.3.1/../../../../arm-none-eabi/lib/thumb/v7-m/nofp\libg.a(lib_a-memset.o)
 .debug_frame   0x000020d8       0x5c d:/software/jetbrains/gcc-arm-none-eabi/bin/../lib/gcc/arm-none-eabi/10.3.1/../../../../arm-none-eabi/lib/thumb/v7-m/nofp\libg.a(lib_a-__call_atexit.o)
 .debug_frame   0x00002134       0x20 d:/software/jetbrains/gcc-arm-none-eabi/bin/../lib/gcc/arm-none-eabi/10.3.1/../../../../arm-none-eabi/lib/thumb/v7-m/nofp\libg.a(lib_a-atexit.o)
 .debug_frame   0x00002154       0x34 d:/software/jetbrains/gcc-arm-none-eabi/bin/../lib/gcc/arm-none-eabi/10.3.1/../../../../arm-none-eabi/lib/thumb/v7-m/nofp\libg.a(lib_a-fini.o)
 .debug_frame   0x00002188       0xb0 d:/software/jetbrains/gcc-arm-none-eabi/bin/../lib/gcc/arm-none-eabi/10.3.1/../../../../arm-none-eabi/lib/thumb/v7-m/nofp\libg.a(lib_a-lock.o)
 .debug_frame   0x00002238       0x34 d:/software/jetbrains/gcc-arm-none-eabi/bin/../lib/gcc/arm-none-eabi/10.3.1/../../../../arm-none-eabi/lib/thumb/v7-m/nofp\libg.a(lib_a-__atexit.o)
